Archive member included to satisfy reference by file (symbol)

c:/stmicroelectronics_cube_ide/stm32cubeide_1.10.1/stm32cubeide/plugins/com.st.stm32cube.ide.mcu.externaltools.gnu-tools-for-stm32.10.3-2021.10.win32_1.0.0.202111181127/tools/bin/../lib/gcc/arm-none-eabi/10.3.1/../../../../arm-none-eabi/lib/thumb/v7e-m+fp/hard\libc_nano.a(lib_a-errno.o)
                              ./Core/Src/syscalls.o (__errno)
c:/stmicroelectronics_cube_ide/stm32cubeide_1.10.1/stm32cubeide/plugins/com.st.stm32cube.ide.mcu.externaltools.gnu-tools-for-stm32.10.3-2021.10.win32_1.0.0.202111181127/tools/bin/../lib/gcc/arm-none-eabi/10.3.1/../../../../arm-none-eabi/lib/thumb/v7e-m+fp/hard\libc_nano.a(lib_a-exit.o)
                              c:/stmicroelectronics_cube_ide/stm32cubeide_1.10.1/stm32cubeide/plugins/com.st.stm32cube.ide.mcu.externaltools.gnu-tools-for-stm32.10.3-2021.10.win32_1.0.0.202111181127/tools/bin/../lib/gcc/arm-none-eabi/10.3.1/../../../../arm-none-eabi/lib/thumb/v7e-m+fp/hard/crt0.o (exit)
c:/stmicroelectronics_cube_ide/stm32cubeide_1.10.1/stm32cubeide/plugins/com.st.stm32cube.ide.mcu.externaltools.gnu-tools-for-stm32.10.3-2021.10.win32_1.0.0.202111181127/tools/bin/../lib/gcc/arm-none-eabi/10.3.1/../../../../arm-none-eabi/lib/thumb/v7e-m+fp/hard\libc_nano.a(lib_a-fgets.o)
                              ./Core/Src/wifi_at.o (fgets)
c:/stmicroelectronics_cube_ide/stm32cubeide_1.10.1/stm32cubeide/plugins/com.st.stm32cube.ide.mcu.externaltools.gnu-tools-for-stm32.10.3-2021.10.win32_1.0.0.202111181127/tools/bin/../lib/gcc/arm-none-eabi/10.3.1/../../../../arm-none-eabi/lib/thumb/v7e-m+fp/hard\libc_nano.a(lib_a-findfp.o)
                              c:/stmicroelectronics_cube_ide/stm32cubeide_1.10.1/stm32cubeide/plugins/com.st.stm32cube.ide.mcu.externaltools.gnu-tools-for-stm32.10.3-2021.10.win32_1.0.0.202111181127/tools/bin/../lib/gcc/arm-none-eabi/10.3.1/../../../../arm-none-eabi/lib/thumb/v7e-m+fp/hard\libc_nano.a(lib_a-fgets.o) (__sinit)
c:/stmicroelectronics_cube_ide/stm32cubeide_1.10.1/stm32cubeide/plugins/com.st.stm32cube.ide.mcu.externaltools.gnu-tools-for-stm32.10.3-2021.10.win32_1.0.0.202111181127/tools/bin/../lib/gcc/arm-none-eabi/10.3.1/../../../../arm-none-eabi/lib/thumb/v7e-m+fp/hard\libc_nano.a(lib_a-fopen.o)
                              ./Core/Src/wifi_at.o (fopen)
c:/stmicroelectronics_cube_ide/stm32cubeide_1.10.1/stm32cubeide/plugins/com.st.stm32cube.ide.mcu.externaltools.gnu-tools-for-stm32.10.3-2021.10.win32_1.0.0.202111181127/tools/bin/../lib/gcc/arm-none-eabi/10.3.1/../../../../arm-none-eabi/lib/thumb/v7e-m+fp/hard\libc_nano.a(lib_a-fprintf.o)
                              ./Core/Src/wifi_at.o (fprintf)
c:/stmicroelectronics_cube_ide/stm32cubeide_1.10.1/stm32cubeide/plugins/com.st.stm32cube.ide.mcu.externaltools.gnu-tools-for-stm32.10.3-2021.10.win32_1.0.0.202111181127/tools/bin/../lib/gcc/arm-none-eabi/10.3.1/../../../../arm-none-eabi/lib/thumb/v7e-m+fp/hard\libc_nano.a(lib_a-fseek.o)
                              c:/stmicroelectronics_cube_ide/stm32cubeide_1.10.1/stm32cubeide/plugins/com.st.stm32cube.ide.mcu.externaltools.gnu-tools-for-stm32.10.3-2021.10.win32_1.0.0.202111181127/tools/bin/../lib/gcc/arm-none-eabi/10.3.1/../../../../arm-none-eabi/lib/thumb/v7e-m+fp/hard\libc_nano.a(lib_a-fopen.o) (_fseek_r)
c:/stmicroelectronics_cube_ide/stm32cubeide_1.10.1/stm32cubeide/plugins/com.st.stm32cube.ide.mcu.externaltools.gnu-tools-for-stm32.10.3-2021.10.win32_1.0.0.202111181127/tools/bin/../lib/gcc/arm-none-eabi/10.3.1/../../../../arm-none-eabi/lib/thumb/v7e-m+fp/hard\libc_nano.a(lib_a-fseeko.o)
                              c:/stmicroelectronics_cube_ide/stm32cubeide_1.10.1/stm32cubeide/plugins/com.st.stm32cube.ide.mcu.externaltools.gnu-tools-for-stm32.10.3-2021.10.win32_1.0.0.202111181127/tools/bin/../lib/gcc/arm-none-eabi/10.3.1/../../../../arm-none-eabi/lib/thumb/v7e-m+fp/hard\libc_nano.a(lib_a-fseek.o) (_fseeko_r)
c:/stmicroelectronics_cube_ide/stm32cubeide_1.10.1/stm32cubeide/plugins/com.st.stm32cube.ide.mcu.externaltools.gnu-tools-for-stm32.10.3-2021.10.win32_1.0.0.202111181127/tools/bin/../lib/gcc/arm-none-eabi/10.3.1/../../../../arm-none-eabi/lib/thumb/v7e-m+fp/hard\libc_nano.a(lib_a-fwalk.o)
                              c:/stmicroelectronics_cube_ide/stm32cubeide_1.10.1/stm32cubeide/plugins/com.st.stm32cube.ide.mcu.externaltools.gnu-tools-for-stm32.10.3-2021.10.win32_1.0.0.202111181127/tools/bin/../lib/gcc/arm-none-eabi/10.3.1/../../../../arm-none-eabi/lib/thumb/v7e-m+fp/hard\libc_nano.a(lib_a-findfp.o) (_fwalk)
c:/stmicroelectronics_cube_ide/stm32cubeide_1.10.1/stm32cubeide/plugins/com.st.stm32cube.ide.mcu.externaltools.gnu-tools-for-stm32.10.3-2021.10.win32_1.0.0.202111181127/tools/bin/../lib/gcc/arm-none-eabi/10.3.1/../../../../arm-none-eabi/lib/thumb/v7e-m+fp/hard\libc_nano.a(lib_a-fwrite.o)
                              ./Core/Src/wifi_at.o (fwrite)
[...]
Memory Configuration

Name             Origin             Length             Attributes
RAM              0x0000000020000000 0x0000000000010000 xrw
FLASH            0x0000000008000000 0x0000000000040000 xr
*default*        0x0000000000000000 0xffffffffffffffff

Linker script and memory map

LOAD c:/stmicroelectronics_cube_ide/stm32cubeide_1.10.1/stm32cubeide/plugins/com.st.stm32cube.ide.mcu.externaltools.gnu-tools-for-stm32.10.3-2021.10.win32_1.0.0.202111181127/tools/bin/../lib/gcc/arm-none-eabi/10.3.1/thumb/v7e-m+fp/hard/crti.o
LOAD c:/stmicroelectronics_cube_ide/stm32cubeide_1.10.1/stm32cubeide/plugins/com.st.stm32cube.ide.mcu.externaltools.gnu-tools-for-stm32.10.3-2021.10.win32_1.0.0.202111181127/tools/bin/../lib/gcc/arm-none-eabi/10.3.1/thumb/v7e-m+fp/hard/crtbegin.o
LOAD c:/stmicroelectronics_cube_ide/stm32cubeide_1.10.1/stm32cubeide/plugins/com.st.stm32cube.ide.mcu.externaltools.gnu-tools-for-stm32.10.3-2021.10.win32_1.0.0.202111181127/tools/bin/../lib/gcc/arm-none-eabi/10.3.1/../../../../arm-none-eabi/lib/thumb/v7e-m+fp/hard/crt0.o
LOAD ./Core/Src/baro.o
LOAD ./Core/Src/font.o
LOAD ./Core/Src/freertos.o
LOAD ./Core/Src/lcd.o
LOAD ./Core/Src/main.o
LOAD ./Core/Src/stm32f4xx_hal_msp.o
LOAD ./Core/Src/stm32f4xx_it.o
LOAD ./Core/Src/streams.o
LOAD ./Core/Src/syscalls.o
LOAD ./Core/Src/sysmem.o
LOAD ./Core/Src/system_stm32f4xx.o
LOAD ./Core/Src/wifi_at.o
LOAD ./Core/Src/wifi_creds.o
LOAD ./Core/Startup/startup_stm32f401ccux.o
LOAD ./Drivers/STM32F4xx_HAL_Driver/Src/stm32f4xx_hal.o
LOAD ./Drivers/STM32F4xx_HAL_Driver/Src/stm32f4xx_hal_adc.o
LOAD ./Drivers/STM32F4xx_HAL_Driver/Src/stm32f4xx_hal_adc_ex.o
LOAD ./Drivers/STM32F4xx_HAL_Driver/Src/stm32f4xx_hal_cortex.o
LOAD ./Drivers/STM32F4xx_HAL_Driver/Src/stm32f4xx_hal_dma.o
LOAD ./Drivers/STM32F4xx_HAL_Driver/Src/stm32f4xx_hal_dma_ex.o
LOAD ./Drivers/STM32F4xx_HAL_Driver/Src/stm32f4xx_hal_exti.o
LOAD ./Drivers/STM32F4xx_HAL_Driver/Src/stm32f4xx_hal_flash.o
LOAD ./Drivers/STM32F4xx_HAL_Driver/Src/stm32f4xx_hal_flash_ex.o
LOAD ./Drivers/STM32F4xx_HAL_Driver/Src/stm32f4xx_hal_flash_ramfunc.o
LOAD ./Drivers/STM32F4xx_HAL_Driver/Src/stm32f4xx_hal_gpio.o
LOAD ./Drivers/STM32F4xx_HAL_Driver/Src/stm32f4xx_hal_i2c.o
LOAD ./Drivers/STM32F4xx_HAL_Driver/Src/stm32f4xx_hal_i2c_ex.o
LOAD ./Drivers/STM32F4xx_HAL_Driver/Src/stm32f4xx_hal_pwr.o
LOAD ./Drivers/STM32F4xx_HAL_Driver/Src/stm32f4xx_hal_pwr_ex.o
LOAD ./Drivers/STM32F4xx_HAL_Driver/Src/stm32f4xx_hal_rcc.o
LOAD ./Drivers/STM32F4xx_HAL_Driver/Src/stm32f4xx_hal_rcc_ex.o
LOAD ./Drivers/STM32F4xx_HAL_Driver/Src/stm32f4xx_hal_spi.o
LOAD ./Drivers/STM32F4xx_HAL_Driver/Src/stm32f4xx_hal_tim.o
LOAD ./Drivers/STM32F4xx_HAL_Driver/Src/stm32f4xx_hal_tim_ex.o
LOAD ./Drivers/STM32F4xx_HAL_Driver/Src/stm32f4xx_hal_uart.o
LOAD ./Drivers/STM32F4xx_HAL_Driver/Src/stm32f4xx_ll_adc.o
LOAD ./Middlewares/Third_Party/FreeRTOS/Source/CMSIS_RTOS_V2/cmsis_os2.o
LOAD ./Middlewares/Third_Party/FreeRTOS/Source/croutine.o
LOAD ./Middlewares/Third_Party/FreeRTOS/Source/event_groups.o
LOAD ./Middlewares/Third_Party/FreeRTOS/Source/list.o
LOAD ./Middlewares/Third_Party/FreeRTOS/Source/queue.o
LOAD ./Middlewares/Third_Party/FreeRTOS/Source/stream_buffer.o
LOAD ./Middlewares/Third_Party/FreeRTOS/Source/tasks.o
LOAD ./Middlewares/Third_Party/FreeRTOS/Source/timers.o
LOAD ./Middlewares/Third_Party/FreeRTOS/Source/portable/GCC/ARM_CM4F/port.o
LOAD ./Middlewares/Third_Party/FreeRTOS/Source/portable/MemMang/heap_4.o
START GROUP
LOAD c:/stmicroelectronics_cube_ide/stm32cubeide_1.10.1/stm32cubeide/plugins/com.st.stm32cube.ide.mcu.externaltools.gnu-tools-for-stm32.10.3-2021.10.win32_1.0.0.202111181127/tools/bin/../lib/gcc/arm-none-eabi/10.3.1/../../../../arm-none-eabi/lib/thumb/v7e-m+fp/hard\libc_nano.a
LOAD c:/stmicroelectronics_cube_ide/stm32cubeide_1.10.1/stm32cubeide/plugins/com.st.stm32cube.ide.mcu.externaltools.gnu-tools-for-stm32.10.3-2021.10.win32_1.0.0.202111181127/tools/bin/../lib/gcc/arm-none-eabi/10.3.1/../../../../arm-none-eabi/lib/thumb/v7e-m+fp/hard\libm.a
END GROUP
START GROUP
LOAD c:/stmicroelectronics_cube_ide/stm32cubeide_1.10.1/stm32cubeide/plugins/com.st.stm32cube.ide.mcu.externaltools.gnu-tools-for-stm32.10.3-2021.10.win32_1.0.0.202111181127/tools/bin/../lib/gcc/arm-none-eabi/10.3.1/thumb/v7e-m+fp/hard\libgcc.a
LOAD c:/stmicroelectronics_cube_ide/stm32cubeide_1.10.1/stm32cubeide/plugins/com.st.stm32cube.ide.mcu.externaltools.gnu-tools-for-stm32.10.3-2021.10.win32_1.0.0.202111181127/tools/bin/../lib/gcc/arm-none-eabi/10.3.1/../../../../arm-none-eabi/lib/thumb/v7e-m+fp/hard\libc_nano.a
END GROUP
START GROUP
LOAD c:/stmicroelectronics_cube_ide/stm32cubeide_1.10.1/stm32cubeide/plugins/com.st.stm32cube.ide.mcu.externaltools.gnu-tools-for-stm32.10.3-2021.10.win32_1.0.0.202111181127/tools/bin/../lib/gcc/arm-none-eabi/10.3.1/thumb/v7e-m+fp/hard\libgcc.a
LOAD c:/stmicroelectronics_cube_ide/stm32cubeide_1.10.1/stm32cubeide/plugins/com.st.stm32cube.ide.mcu.externaltools.gnu-tools-for-stm32.10.3-2021.10.win32_1.0.0.202111181127/tools/bin/../lib/gcc/arm-none-eabi/10.3.1/../../../../arm-none-eabi/lib/thumb/v7e-m+fp/hard\libc_nano.a
LOAD c:/stmicroelectronics_cube_ide/stm32cubeide_1.10.1/stm32cubeide/plugins/com.st.stm32cube.ide.mcu.externaltools.gnu-tools-for-stm32.10.3-2021.10.win32_1.0.0.202111181127/tools/bin/../lib/gcc/arm-none-eabi/10.3.1/../../../../arm-none-eabi/lib/thumb/v7e-m+fp/hard\libnosys.a
END GROUP
START GROUP
LOAD c:/stmicroelectronics_cube_ide/stm32cubeide_1.10.1/stm32cubeide/plugins/com.st.stm32cube.ide.mcu.externaltools.gnu-tools-for-stm32.10.3-2021.10.win32_1.0.0.202111181127/tools/bin/../lib/gcc/arm-none-eabi/10.3.1/thumb/v7e-m+fp/hard\libgcc.a
LOAD c:/stmicroelectronics_cube_ide/stm32cubeide_1.10.1/stm32cubeide/plugins/com.st.stm32cube.ide.mcu.externaltools.gnu-tools-for-stm32.10.3-2021.10.win32_1.0.0.202111181127/tools/bin/../lib/gcc/arm-none-eabi/10.3.1/../../../../arm-none-eabi/lib/thumb/v7e-m+fp/hard\libc_nano.a
LOAD c:/stmicroelectronics_cube_ide/stm32cubeide_1.10.1/stm32cubeide/plugins/com.st.stm32cube.ide.mcu.externaltools.gnu-tools-for-stm32.10.3-2021.10.win32_1.0.0.202111181127/tools/bin/../lib/gcc/arm-none-eabi/10.3.1/../../../../arm-none-eabi/lib/thumb/v7e-m+fp/hard\libnosys.a
END GROUP
LOAD c:/stmicroelectronics_cube_ide/stm32cubeide_1.10.1/stm32cubeide/plugins/com.st.stm32cube.ide.mcu.externaltools.gnu-tools-for-stm32.10.3-2021.10.win32_1.0.0.202111181127/tools/bin/../lib/gcc/arm-none-eabi/10.3.1/thumb/v7e-m+fp/hard/crtend.o
LOAD c:/stmicroelectronics_cube_ide/stm32cubeide_1.10.1/stm32cubeide/plugins/com.st.stm32cube.ide.mcu.externaltools.gnu-tools-for-stm32.10.3-2021.10.win32_1.0.0.202111181127/tools/bin/../lib/gcc/arm-none-eabi/10.3.1/thumb/v7e-m+fp/hard/crtn.o
                0x0000000020010000                _estack = (ORIGIN (RAM) + LENGTH (RAM))
                0x0000000000000200                _Min_Heap_Size = 0x200
                0x0000000000000400                _Min_Stack_Size = 0x400

.isr_vector     0x0000000008000000      0x194
                0x0000000008000000                . = ALIGN (0x4)
 *(.isr_vector)
 .isr_vector    0x0000000008000000      0x194 ./Core/Startup/startup_stm32f401ccux.o
                0x0000000008000000                g_pfnVectors
                0x0000000008000194                . = ALIGN (0x4)

.text           0x00000000080001a0     0xea3c
                0x00000000080001a0                . = ALIGN (0x4)
 *(.text)
 .text          0x00000000080001a0       0x40 c:/stmicroelectronics_cube_ide/stm32cubeide_1.10.1/stm32cubeide/plugins/com.st.stm32cube.ide.mcu.externaltools.gnu-tools-for-stm32.10.3-2021.10.win32_1.0.0.202111181127/tools/bin/../lib/gcc/arm-none-eabi/10.3.1/thumb/v7e-m+fp/hard/crtbegin.o
 .text          0x00000000080001e0       0xa0 c:/stmicroelectronics_cube_ide/stm32cubeide_1.10.1/stm32cubeide/plugins/com.st.stm32cube.ide.mcu.externaltools.gnu-tools-for-stm32.10.3-2021.10.win32_1.0.0.202111181127/tools/bin/../lib/gcc/arm-none-eabi/10.3.1/../../../../arm-none-eabi/lib/thumb/v7e-m+fp/hard\libc_nano.a(lib_a-memchr.o)
                0x00000000080001e0                memchr
 .text          0x0000000008000280       0x10 c:/stmicroelectronics_cube_ide/stm32cubeide_1.10.1/stm32cubeide/plugins/com.st.stm32cube.ide.mcu.externaltools.gnu-tools-for-stm32.10.3-2021.10.win32_1.0.0.202111181127/tools/bin/../lib/gcc/arm-none-eabi/10.3.1/../../../../arm-none-eabi/lib/thumb/v7e-m+fp/hard\libc_nano.a(lib_a-strlen.o)
                0x0000000008000280                strlen
 .text          0x0000000008000290       0xa0 c:/stmicroelectronics_cube_ide/stm32cubeide_1.10.1/stm32cubeide/plugins/com.st.stm32cube.ide.mcu.externaltools.gnu-tools-for-stm32.10.3-2021.10.win32_1.0.0.202111181127/tools/bin/../lib/gcc/arm-none-eabi/10.3.1/thumb/v7e-m+fp/hard\libgcc.a(_aeabi_ldivmod.o)
                0x0000000008000290                __aeabi_ldivmod
 .text          0x0000000008000330       0x30 c:/stmicroelectronics_cube_ide/stm32cubeide_1.10.1/stm32cubeide/plugins/com.st.stm32cube.ide.mcu.externaltools.gnu-tools-for-stm32.10.3-2021.10.win32_1.0.0.202111181127/tools/bin/../lib/gcc/arm-none-eabi/10.3.1/thumb/v7e-m+fp/hard\libgcc.a(_aeabi_uldivmod.o)
                0x0000000008000330                __aeabi_uldivmod
 .text          0x0000000008000360      0x2d0 c:/stmicroelectronics_cube_ide/stm32cubeide_1.10.1/stm32cubeide/plugins/com.st.stm32cube.ide.mcu.externaltools.gnu-tools-for-stm32.10.3-2021.10.win32_1.0.0.202111181127/tools/bin/../lib/gcc/arm-none-eabi/10.3.1/thumb/v7e-m+fp/hard\libgcc.a(_udivmoddi4.o)
                0x0000000008000360                __udivmoddi4
 .text          0x0000000008000630        0x4 c:/stmicroelectronics_cube_ide/stm32cubeide_1.10.1/stm32cubeide/plugins/com.st.stm32cube.ide.mcu.externaltools.gnu-tools-for-stm32.10.3-2021.10.win32_1.0.0.202111181127/tools/bin/../lib/gcc/arm-none-eabi/10.3.1/thumb/v7e-m+fp/hard\libgcc.a(_dvmd_tls.o)
                0x0000000008000630                __aeabi_idiv0
                0x0000000008000630                __aeabi_ldiv0
 *(.text*)
 .text.baro_init
                0x0000000008000634      0x20c ./Core/Src/baro.o
                0x0000000008000634                baro_init
 .text.baro_read_temp
                0x0000000008000840       0xe0 ./Core/Src/baro.o
                0x0000000008000840                baro_read_temp
 .text.baro_read_press
                0x0000000008000920      0x624 ./Core/Src/baro.o
                0x0000000008000920                baro_read_press
 .text.lcd_start_write
                0x0000000008000f44       0x18 ./Core/Src/lcd.o
 .text.lcd_end_write
                0x0000000008000f5c       0x18 ./Core/Src/lcd.o
 .text.lcd_start_command
                0x0000000008000f74       0x18 ./Core/Src/lcd.o
 .text.lcd_start_data
                0x0000000008000f8c       0x18 ./Core/Src/lcd.o
 .text.lcd_spi_send_com
                0x0000000008000fa4       0x34 ./Core/Src/lcd.o
 .text.lcd_spi_send_data
                0x0000000008000fd8       0x3c ./Core/Src/lcd.o
 .text.lcd_set_window
                0x0000000008001014       0xcc ./Core/Src/lcd.o
 .text.lcd_init
                0x00000000080010e0       0xdc ./Core/Src/lcd.o
                0x00000000080010e0                lcd_init
 .text.lcd_set_rotation
                0x00000000080011bc      0x108 ./Core/Src/lcd.o
                0x00000000080011bc                lcd_set_rotation
 .text.lcd_pixel
                0x00000000080012c4       0x80 ./Core/Src/lcd.o
                0x00000000080012c4                lcd_pixel
 .text.lcd_vline
                0x0000000008001344       0x64 ./Core/Src/lcd.o
                0x0000000008001344                lcd_vline
 .text.lcd_fill_rect
                0x00000000080013a8       0xcc ./Core/Src/lcd.o
                0x00000000080013a8                lcd_fill_rect
 .text.lcd_fill
                0x0000000008001474       0x34 ./Core/Src/lcd.o
                0x0000000008001474                lcd_fill
 .text.lcd_set_text_color
                0x00000000080014a8       0x20 ./Core/Src/lcd.o
                0x00000000080014a8                lcd_set_text_color
 .text.lcd_set_text_bg_color
                0x00000000080014c8       0x20 ./Core/Src/lcd.o
                0x00000000080014c8                lcd_set_text_bg_color
 .text.lcd_char
                0x00000000080014e8      0x24c ./Core/Src/lcd.o
                0x00000000080014e8                lcd_char
 .text.lcd_putchar
                0x0000000008001734       0xe8 ./Core/Src/lcd.o
                0x0000000008001734                lcd_putchar
 .text.lcd_print
                0x000000000800181c       0x2a ./Core/Src/lcd.o
                0x000000000800181c                lcd_print
 *fill*         0x0000000008001846        0x2 
 .text.lcd_set_cursor
                0x0000000008001848       0x5c ./Core/Src/lcd.o
                0x0000000008001848                lcd_set_cursor
 .text.lcd_set_text_size
                0x00000000080018a4       0x30 ./Core/Src/lcd.o
                0x00000000080018a4                lcd_set_text_size
 .text.main     0x00000000080018d4      0x118 ./Core/Src/main.o
                0x00000000080018d4                main
 .text.SystemClock_Config
                0x00000000080019ec       0xd4 ./Core/Src/main.o
                0x00000000080019ec                SystemClock_Config
 .text.MX_ADC1_Init
                0x0000000008001ac0       0xa4 ./Core/Src/main.o
 .text.MX_I2C1_Init
                0x0000000008001b64       0x5c ./Core/Src/main.o
 .text.MX_SPI1_Init
                0x0000000008001bc0       0x6c ./Core/Src/main.o
 .text.MX_TIM3_Init
                0x0000000008001c2c       0x9c ./Core/Src/main.o
 .text.MX_USART1_UART_Init
                0x0000000008001cc8       0x54 ./Core/Src/main.o
 .text.MX_USART6_UART_Init
                0x0000000008001d1c       0x54 ./Core/Src/main.o
 .text.MX_DMA_Init
                0x0000000008001d70       0x50 ./Core/Src/main.o
 .text.MX_GPIO_Init
                0x0000000008001dc0      0x114 ./Core/Src/main.o
 .text.HAL_GPIO_EXTI_Callback
                0x0000000008001ed4       0x16 ./Core/Src/main.o
                0x0000000008001ed4                HAL_GPIO_EXTI_Callback
 *fill*         0x0000000008001eea        0x2 
 .text.StartTaskWiFi
                0x0000000008001eec      0x184 ./Core/Src/main.o
                0x0000000008001eec                StartTaskWiFi
 .text.StartTaskBaro
                0x0000000008002070       0x94 ./Core/Src/main.o
                0x0000000008002070                StartTaskBaro
 .text.StartTaskDefault
                0x0000000008002104      0x14c ./Core/Src/main.o
                0x0000000008002104                StartTaskDefault
 .text.Error_Handler
                0x0000000008002250        0xa ./Core/Src/main.o
                0x0000000008002250                Error_Handler
 *fill*         0x000000000800225a        0x2 
 .text.HAL_MspInit
                0x000000000800225c       0x58 ./Core/Src/stm32f4xx_hal_msp.o
                0x000000000800225c                HAL_MspInit
 .text.HAL_ADC_MspInit
                0x00000000080022b4       0x88 ./Core/Src/stm32f4xx_hal_msp.o
                0x00000000080022b4                HAL_ADC_MspInit
 .text.HAL_I2C_MspInit
                0x000000000800233c       0x90 ./Core/Src/stm32f4xx_hal_msp.o
                0x000000000800233c                HAL_I2C_MspInit
 .text.HAL_SPI_MspInit
                0x00000000080023cc       0x90 ./Core/Src/stm32f4xx_hal_msp.o
                0x00000000080023cc                HAL_SPI_MspInit
 .text.HAL_TIM_Base_MspInit
                0x000000000800245c       0x50 ./Core/Src/stm32f4xx_hal_msp.o
                0x000000000800245c                HAL_TIM_Base_MspInit
 .text.HAL_UART_MspInit
                0x00000000080024ac      0x1e8 ./Core/Src/stm32f4xx_hal_msp.o
                0x00000000080024ac                HAL_UART_MspInit
 .text.NMI_Handler
                0x0000000008002694        0x6 ./Core/Src/stm32f4xx_it.o
                0x0000000008002694                NMI_Handler
 .text.HardFault_Handler
                0x000000000800269a        0x6 ./Core/Src/stm32f4xx_it.o
                0x000000000800269a                HardFault_Handler
 .text.MemManage_Handler
                0x00000000080026a0        0x6 ./Core/Src/stm32f4xx_it.o
                0x00000000080026a0                MemManage_Handler
 .text.BusFault_Handler
                0x00000000080026a6        0x6 ./Core/Src/stm32f4xx_it.o
                0x00000000080026a6                BusFault_Handler
 .text.UsageFault_Handler
                0x00000000080026ac        0x6 ./Core/Src/stm32f4xx_it.o
                0x00000000080026ac                UsageFault_Handler
 .text.DebugMon_Handler
                0x00000000080026b2        0xe ./Core/Src/stm32f4xx_it.o
                0x00000000080026b2                DebugMon_Handler
 .text.SysTick_Handler
                0x00000000080026c0       0x1a ./Core/Src/stm32f4xx_it.o
                0x00000000080026c0                SysTick_Handler
 .text.EXTI9_5_IRQHandler
                0x00000000080026da        0xe ./Core/Src/stm32f4xx_it.o
                0x00000000080026da                EXTI9_5_IRQHandler
 .text.TIM3_IRQHandler
                0x00000000080026e8       0x14 ./Core/Src/stm32f4xx_it.o
                0x00000000080026e8                TIM3_IRQHandler
 .text.USART1_IRQHandler
                0x00000000080026fc       0x14 ./Core/Src/stm32f4xx_it.o
                0x00000000080026fc                USART1_IRQHandler
 .text.DMA2_Stream1_IRQHandler
                0x0000000008002710       0x14 ./Core/Src/stm32f4xx_it.o
                0x0000000008002710                DMA2_Stream1_IRQHandler
 .text.DMA2_Stream2_IRQHandler
                0x0000000008002724       0x14 ./Core/Src/stm32f4xx_it.o
                0x0000000008002724                DMA2_Stream2_IRQHandler
 .text.USART6_IRQHandler
                0x0000000008002738       0x14 ./Core/Src/stm32f4xx_it.o
                0x0000000008002738                USART6_IRQHandler
 .text.__io_getchar
                0x000000000800274c      0x170 ./Core/Src/streams.o
                0x000000000800274c                __io_getchar
 .text.__io_putchar
                0x00000000080028bc       0xa4 ./Core/Src/streams.o
                0x00000000080028bc                __io_putchar
 .text.HAL_UART_TxCpltCallback
                0x0000000008002960       0x44 ./Core/Src/streams.o
                0x0000000008002960                HAL_UART_TxCpltCallback
 .text.HAL_UART_ErrorCallback
                0x00000000080029a4      0x114 ./Core/Src/streams.o
                0x00000000080029a4                HAL_UART_ErrorCallback
 .text.streams_init
                0x0000000008002ab8      0x128 ./Core/Src/streams.o
                0x0000000008002ab8                streams_init
 .text._read    0x0000000008002be0       0x3c ./Core/Src/syscalls.o
                0x0000000008002be0                _read
 .text._write   0x0000000008002c1c       0x3a ./Core/Src/syscalls.o
                0x0000000008002c1c                _write
 .text._close   0x0000000008002c56       0x22 ./Core/Src/syscalls.o
                0x0000000008002c56                _close
 .text._fstat   0x0000000008002c78       0x20 ./Core/Src/syscalls.o
                0x0000000008002c78                _fstat
 .text._isatty  0x0000000008002c98       0x16 ./Core/Src/syscalls.o
                0x0000000008002c98                _isatty
 .text._lseek   0x0000000008002cae       0x1a ./Core/Src/syscalls.o
                0x0000000008002cae                _lseek
 .text._open    0x0000000008002cc8       0x34 ./Core/Src/syscalls.o
                0x0000000008002cc8                _open
 .text._sbrk    0x0000000008002cfc       0x6c ./Core/Src/sysmem.o
                0x0000000008002cfc                _sbrk
 .text.SystemInit
                0x0000000008002d68       0x24 ./Core/Src/system_stm32f4xx.o
                0x0000000008002d68                SystemInit
 .text.cmp_resp
                0x0000000008002d8c       0x3c ./Core/Src/wifi_at.o
 .text.StartTaskWiFiListen
                0x0000000008002dc8      0x13c ./Core/Src/wifi_at.o
                0x0000000008002dc8                StartTaskWiFiListen
 .text.wifi_init
                0x0000000008002f04      0x1fc ./Core/Src/wifi_at.o
                0x0000000008002f04                wifi_init
 .text.wifi_set_mode
                0x0000000008003100       0xac ./Core/Src/wifi_at.o
                0x0000000008003100                wifi_set_mode
 .text.wifi_connect_to_ap
                0x00000000080031ac      0x124 ./Core/Src/wifi_at.o
                0x00000000080031ac                wifi_connect_to_ap
 .text.wifi_get_own_ip
                0x00000000080032d0      0x14c ./Core/Src/wifi_at.o
                0x00000000080032d0                wifi_get_own_ip
 .text.wifi_multiple_conns
                0x000000000800341c       0xb4 ./Core/Src/wifi_at.o
                0x000000000800341c                wifi_multiple_conns
 .text.wifi_server
                0x00000000080034d0       0xd8 ./Core/Src/wifi_at.o
                0x00000000080034d0                wifi_server
 .text.wifi_send
                0x00000000080035a8      0x100 ./Core/Src/wifi_at.o
                0x00000000080035a8                wifi_send
 .text.wifi_printf
                0x00000000080036a8       0x58 ./Core/Src/wifi_at.o
                0x00000000080036a8                wifi_printf
 .text.wifi_close
                0x0000000008003700       0xac ./Core/Src/wifi_at.o
                0x0000000008003700                wifi_close
 .text.Reset_Handler
                0x00000000080037ac       0x50 ./Core/Startup/startup_stm32f401ccux.o
                0x00000000080037ac                Reset_Handler
 .text.Default_Handler
                0x00000000080037fc        0x2 ./Core/Startup/startup_stm32f401ccux.o
                0x00000000080037fc                RTC_Alarm_IRQHandler
                0x00000000080037fc                EXTI2_IRQHandler
                0x00000000080037fc                SPI4_IRQHandler
                0x00000000080037fc                TIM1_CC_IRQHandler
                0x00000000080037fc                DMA2_Stream5_IRQHandler
                0x00000000080037fc                DMA1_Stream5_IRQHandler
                0x00000000080037fc                PVD_IRQHandler
                0x00000000080037fc                SDIO_IRQHandler
                0x00000000080037fc                TAMP_STAMP_IRQHandler
                0x00000000080037fc                EXTI3_IRQHandler
                0x00000000080037fc                TIM1_UP_TIM10_IRQHandler
                0x00000000080037fc                I2C3_ER_IRQHandler
                0x00000000080037fc                EXTI0_IRQHandler
                0x00000000080037fc                I2C2_EV_IRQHandler
                0x00000000080037fc                DMA1_Stream2_IRQHandler
                0x00000000080037fc                FPU_IRQHandler
                0x00000000080037fc                SPI1_IRQHandler
                0x00000000080037fc                TIM1_BRK_TIM9_IRQHandler
                0x00000000080037fc                DMA2_Stream3_IRQHandler
                0x00000000080037fc                DMA2_Stream0_IRQHandler
                0x00000000080037fc                TIM4_IRQHandler
                0x00000000080037fc                I2C1_EV_IRQHandler
                0x00000000080037fc                DMA1_Stream6_IRQHandler
                0x00000000080037fc                DMA1_Stream1_IRQHandler
                0x00000000080037fc                RCC_IRQHandler
                0x00000000080037fc                Default_Handler
                0x00000000080037fc                EXTI15_10_IRQHandler
                0x00000000080037fc                ADC_IRQHandler
                0x00000000080037fc                DMA1_Stream7_IRQHandler
                0x00000000080037fc                TIM5_IRQHandler
                0x00000000080037fc                DMA2_Stream7_IRQHandler
                0x00000000080037fc                I2C3_EV_IRQHandler
                0x00000000080037fc                RTC_WKUP_IRQHandler
                0x00000000080037fc                SPI2_IRQHandler
                0x00000000080037fc                DMA1_Stream0_IRQHandler
                0x00000000080037fc                EXTI4_IRQHandler
                0x00000000080037fc                WWDG_IRQHandler
                0x00000000080037fc                TIM2_IRQHandler
                0x00000000080037fc                OTG_FS_WKUP_IRQHandler
                0x00000000080037fc                TIM1_TRG_COM_TIM11_IRQHandler
                0x00000000080037fc                EXTI1_IRQHandler
                0x00000000080037fc                USART2_IRQHandler
                0x00000000080037fc                I2C2_ER_IRQHandler
                0x00000000080037fc                FLASH_IRQHandler
                0x00000000080037fc                DMA2_Stream4_IRQHandler
                0x00000000080037fc                OTG_FS_IRQHandler
                0x00000000080037fc                SPI3_IRQHandler
                0x00000000080037fc                DMA1_Stream4_IRQHandler
                0x00000000080037fc                I2C1_ER_IRQHandler
                0x00000000080037fc                DMA2_Stream6_IRQHandler
                0x00000000080037fc                DMA1_Stream3_IRQHandler
 *fill*         0x00000000080037fe        0x2 
 .text.HAL_Init
                0x0000000008003800       0x44 ./Drivers/STM32F4xx_HAL_Driver/Src/stm32f4xx_hal.o
                0x0000000008003800                HAL_Init
 .text.HAL_InitTick
                0x0000000008003844       0x60 ./Drivers/STM32F4xx_HAL_Driver/Src/stm32f4xx_hal.o
                0x0000000008003844                HAL_InitTick
 .text.HAL_IncTick
                0x00000000080038a4       0x28 ./Drivers/STM32F4xx_HAL_Driver/Src/stm32f4xx_hal.o
                0x00000000080038a4                HAL_IncTick
 .text.HAL_GetTick
                0x00000000080038cc       0x18 ./Drivers/STM32F4xx_HAL_Driver/Src/stm32f4xx_hal.o
                0x00000000080038cc                HAL_GetTick
 .text.HAL_ADC_Init
                0x00000000080038e4       0x86 ./Drivers/STM32F4xx_HAL_Driver/Src/stm32f4xx_hal_adc.o
                0x00000000080038e4                HAL_ADC_Init
 *fill*         0x000000000800396a        0x2 
 .text.HAL_ADC_ConfigChannel
                0x000000000800396c      0x244 ./Drivers/STM32F4xx_HAL_Driver/Src/stm32f4xx_hal_adc.o
                0x000000000800396c                HAL_ADC_ConfigChannel
 .text.ADC_Init
                0x0000000008003bb0      0x1f8 ./Drivers/STM32F4xx_HAL_Driver/Src/stm32f4xx_hal_adc.o
 .text.__NVIC_SetPriorityGrouping
                0x0000000008003da8       0x48 ./Drivers/STM32F4xx_HAL_Driver/Src/stm32f4xx_hal_cortex.o
 .text.__NVIC_GetPriorityGrouping
                0x0000000008003df0       0x1c ./Drivers/STM32F4xx_HAL_Driver/Src/stm32f4xx_hal_cortex.o
 .text.__NVIC_EnableIRQ
                0x0000000008003e0c       0x3c ./Drivers/STM32F4xx_HAL_Driver/Src/stm32f4xx_hal_cortex.o
 .text.__NVIC_SetPriority
                0x0000000008003e48       0x54 ./Drivers/STM32F4xx_HAL_Driver/Src/stm32f4xx_hal_cortex.o
 .text.NVIC_EncodePriority
                0x0000000008003e9c       0x66 ./Drivers/STM32F4xx_HAL_Driver/Src/stm32f4xx_hal_cortex.o
 *fill*         0x0000000008003f02        0x2 
 .text.SysTick_Config
                0x0000000008003f04       0x44 ./Drivers/STM32F4xx_HAL_Driver/Src/stm32f4xx_hal_cortex.o
 .text.HAL_NVIC_SetPriorityGrouping
                0x0000000008003f48       0x16 ./Drivers/STM32F4xx_HAL_Driver/Src/stm32f4xx_hal_cortex.o
                0x0000000008003f48                HAL_NVIC_SetPriorityGrouping
 .text.HAL_NVIC_SetPriority
                0x0000000008003f5e       0x38 ./Drivers/STM32F4xx_HAL_Driver/Src/stm32f4xx_hal_cortex.o
                0x0000000008003f5e                HAL_NVIC_SetPriority
 .text.HAL_NVIC_EnableIRQ
                0x0000000008003f96       0x1c ./Drivers/STM32F4xx_HAL_Driver/Src/stm32f4xx_hal_cortex.o
                0x0000000008003f96                HAL_NVIC_EnableIRQ
 .text.HAL_SYSTICK_Config
                0x0000000008003fb2       0x18 ./Drivers/STM32F4xx_HAL_Driver/Src/stm32f4xx_hal_cortex.o
                0x0000000008003fb2                HAL_SYSTICK_Config
 *fill*         0x0000000008003fca        0x2 
 .text.HAL_DMA_Init
                0x0000000008003fcc      0x15c ./Drivers/STM32F4xx_HAL_Driver/Src/stm32f4xx_hal_dma.o
                0x0000000008003fcc                HAL_DMA_Init
 .text.HAL_DMA_Start_IT
                0x0000000008004128       0xb0 ./Drivers/STM32F4xx_HAL_Driver/Src/stm32f4xx_hal_dma.o
                0x0000000008004128                HAL_DMA_Start_IT
 .text.HAL_DMA_Abort
                0x00000000080041d8       0xe0 ./Drivers/STM32F4xx_HAL_Driver/Src/stm32f4xx_hal_dma.o
                0x00000000080041d8                HAL_DMA_Abort
 .text.HAL_DMA_Abort_IT
                0x00000000080042b8       0x44 ./Drivers/STM32F4xx_HAL_Driver/Src/stm32f4xx_hal_dma.o
                0x00000000080042b8                HAL_DMA_Abort_IT
 .text.HAL_DMA_IRQHandler
                0x00000000080042fc      0x314 ./Drivers/STM32F4xx_HAL_Driver/Src/stm32f4xx_hal_dma.o
                0x00000000080042fc                HAL_DMA_IRQHandler
 .text.HAL_DMA_GetError
                0x0000000008004610       0x18 ./Drivers/STM32F4xx_HAL_Driver/Src/stm32f4xx_hal_dma.o
                0x0000000008004610                HAL_DMA_GetError
 .text.DMA_SetConfig
                0x0000000008004628       0x5c ./Drivers/STM32F4xx_HAL_Driver/Src/stm32f4xx_hal_dma.o
 .text.DMA_CalcBaseAndBitshift
                0x0000000008004684       0x6c ./Drivers/STM32F4xx_HAL_Driver/Src/stm32f4xx_hal_dma.o
 .text.DMA_CheckFifoParam
                0x00000000080046f0       0xf8 ./Drivers/STM32F4xx_HAL_Driver/Src/stm32f4xx_hal_dma.o
 .text.HAL_GPIO_Init
                0x00000000080047e8      0x308 ./Drivers/STM32F4xx_HAL_Driver/Src/stm32f4xx_hal_gpio.o
                0x00000000080047e8                HAL_GPIO_Init
 .text.HAL_GPIO_WritePin
                0x0000000008004af0       0x32 ./Drivers/STM32F4xx_HAL_Driver/Src/stm32f4xx_hal_gpio.o
                0x0000000008004af0                HAL_GPIO_WritePin
 *fill*         0x0000000008004b22        0x2 
 .text.HAL_GPIO_EXTI_IRQHandler
                0x0000000008004b24       0x30 ./Drivers/STM32F4xx_HAL_Driver/Src/stm32f4xx_hal_gpio.o
                0x0000000008004b24                HAL_GPIO_EXTI_IRQHandler
 .text.HAL_I2C_Init
                0x0000000008004b54      0x288 ./Drivers/STM32F4xx_HAL_Driver/Src/stm32f4xx_hal_i2c.o
                0x0000000008004b54                HAL_I2C_Init
 .text.HAL_I2C_Mem_Write
                0x0000000008004ddc      0x1f4 ./Drivers/STM32F4xx_HAL_Driver/Src/stm32f4xx_hal_i2c.o
                0x0000000008004ddc                HAL_I2C_Mem_Write
 .text.HAL_I2C_Mem_Read
                0x0000000008004fd0      0x44c ./Drivers/STM32F4xx_HAL_Driver/Src/stm32f4xx_hal_i2c.o
                0x0000000008004fd0                HAL_I2C_Mem_Read
 .text.I2C_RequestMemoryWrite
                0x000000000800541c      0x12c ./Drivers/STM32F4xx_HAL_Driver/Src/stm32f4xx_hal_i2c.o
 .text.I2C_RequestMemoryRead
                0x0000000008005548      0x1d0 ./Drivers/STM32F4xx_HAL_Driver/Src/stm32f4xx_hal_i2c.o
 .text.I2C_WaitOnFlagUntilTimeout
                0x0000000008005718       0xae ./Drivers/STM32F4xx_HAL_Driver/Src/stm32f4xx_hal_i2c.o
 .text.I2C_WaitOnMasterAddressFlagUntilTimeout
                0x00000000080057c6       0xfe ./Drivers/STM32F4xx_HAL_Driver/Src/stm32f4xx_hal_i2c.o
 .text.I2C_WaitOnTXEFlagUntilTimeout
                0x00000000080058c4       0x82 ./Drivers/STM32F4xx_HAL_Driver/Src/stm32f4xx_hal_i2c.o
 .text.I2C_WaitOnBTFFlagUntilTimeout
                0x0000000008005946       0x82 ./Drivers/STM32F4xx_HAL_Driver/Src/stm32f4xx_hal_i2c.o
 .text.I2C_WaitOnRXNEFlagUntilTimeout
                0x00000000080059c8       0xac ./Drivers/STM32F4xx_HAL_Driver/Src/stm32f4xx_hal_i2c.o
 .text.I2C_IsAcknowledgeFailed
                0x0000000008005a74       0x5e ./Drivers/STM32F4xx_HAL_Driver/Src/stm32f4xx_hal_i2c.o
 *fill*         0x0000000008005ad2        0x2 
 .text.HAL_RCC_OscConfig
                0x0000000008005ad4      0x4f0 ./Drivers/STM32F4xx_HAL_Driver/Src/stm32f4xx_hal_rcc.o
                0x0000000008005ad4                HAL_RCC_OscConfig
 .text.HAL_RCC_ClockConfig
                0x0000000008005fc4      0x1cc ./Drivers/STM32F4xx_HAL_Driver/Src/stm32f4xx_hal_rcc.o
                0x0000000008005fc4                HAL_RCC_ClockConfig
 .text.HAL_RCC_GetSysClockFreq
                0x0000000008006190      0x18c ./Drivers/STM32F4xx_HAL_Driver/Src/stm32f4xx_hal_rcc.o
                0x0000000008006190                HAL_RCC_GetSysClockFreq
 .text.HAL_RCC_GetHCLKFreq
                0x000000000800631c       0x18 ./Drivers/STM32F4xx_HAL_Driver/Src/stm32f4xx_hal_rcc.o
                0x000000000800631c                HAL_RCC_GetHCLKFreq
 .text.HAL_RCC_GetPCLK1Freq
                0x0000000008006334       0x28 ./Drivers/STM32F4xx_HAL_Driver/Src/stm32f4xx_hal_rcc.o
                0x0000000008006334                HAL_RCC_GetPCLK1Freq
 .text.HAL_RCC_GetPCLK2Freq
                0x000000000800635c       0x28 ./Drivers/STM32F4xx_HAL_Driver/Src/stm32f4xx_hal_rcc.o
                0x000000000800635c                HAL_RCC_GetPCLK2Freq
 .text.HAL_SPI_Init
                0x0000000008006384      0x112 ./Drivers/STM32F4xx_HAL_Driver/Src/stm32f4xx_hal_spi.o
                0x0000000008006384                HAL_SPI_Init
 .text.HAL_SPI_Transmit
                0x0000000008006496      0x278 ./Drivers/STM32F4xx_HAL_Driver/Src/stm32f4xx_hal_spi.o
                0x0000000008006496                HAL_SPI_Transmit
 *fill*         0x000000000800670e        0x2 
 .text.SPI_WaitFlagStateUntilTimeout
                0x0000000008006710      0x110 ./Drivers/STM32F4xx_HAL_Driver/Src/stm32f4xx_hal_spi.o
 .text.SPI_EndRxTxTransaction
                0x0000000008006820       0x84 ./Drivers/STM32F4xx_HAL_Driver/Src/stm32f4xx_hal_spi.o
 .text.HAL_TIM_Base_Init
                0x00000000080068a4       0x9e ./Drivers/STM32F4xx_HAL_Driver/Src/stm32f4xx_hal_tim.o
                0x00000000080068a4                HAL_TIM_Base_Init
 .text.HAL_TIM_IRQHandler
                0x0000000008006942      0x210 ./Drivers/STM32F4xx_HAL_Driver/Src/stm32f4xx_hal_tim.o
                0x0000000008006942                HAL_TIM_IRQHandler
 .text.HAL_TIM_ConfigClockSource
                0x0000000008006b52      0x18e ./Drivers/STM32F4xx_HAL_Driver/Src/stm32f4xx_hal_tim.o
                0x0000000008006b52                HAL_TIM_ConfigClockSource
 .text.HAL_TIM_PeriodElapsedCallback
                0x0000000008006ce0       0x14 ./Drivers/STM32F4xx_HAL_Driver/Src/stm32f4xx_hal_tim.o
                0x0000000008006ce0                HAL_TIM_PeriodElapsedCallback
 .text.HAL_TIM_OC_DelayElapsedCallback
                0x0000000008006cf4       0x14 ./Drivers/STM32F4xx_HAL_Driver/Src/stm32f4xx_hal_tim.o
                0x0000000008006cf4                HAL_TIM_OC_DelayElapsedCallback
 .text.HAL_TIM_IC_CaptureCallback
                0x0000000008006d08       0x14 ./Drivers/STM32F4xx_HAL_Driver/Src/stm32f4xx_hal_tim.o
                0x0000000008006d08                HAL_TIM_IC_CaptureCallback
 .text.HAL_TIM_PWM_PulseFinishedCallback
                0x0000000008006d1c       0x14 ./Drivers/STM32F4xx_HAL_Driver/Src/stm32f4xx_hal_tim.o
                0x0000000008006d1c                HAL_TIM_PWM_PulseFinishedCallback
 .text.HAL_TIM_TriggerCallback
                0x0000000008006d30       0x14 ./Drivers/STM32F4xx_HAL_Driver/Src/stm32f4xx_hal_tim.o
                0x0000000008006d30                HAL_TIM_TriggerCallback
 .text.TIM_Base_SetConfig
                0x0000000008006d44      0x100 ./Drivers/STM32F4xx_HAL_Driver/Src/stm32f4xx_hal_tim.o
                0x0000000008006d44                TIM_Base_SetConfig
 .text.TIM_TI1_ConfigInputStage
                0x0000000008006e44       0x5e ./Drivers/STM32F4xx_HAL_Driver/Src/stm32f4xx_hal_tim.o
 .text.TIM_TI2_ConfigInputStage
                0x0000000008006ea2       0x60 ./Drivers/STM32F4xx_HAL_Driver/Src/stm32f4xx_hal_tim.o
 .text.TIM_ITRx_SetConfig
                0x0000000008006f02       0x36 ./Drivers/STM32F4xx_HAL_Driver/Src/stm32f4xx_hal_tim.o
 .text.TIM_ETR_SetConfig
                0x0000000008006f38       0x40 ./Drivers/STM32F4xx_HAL_Driver/Src/stm32f4xx_hal_tim.o
                0x0000000008006f38                TIM_ETR_SetConfig
 .text.HAL_TIMEx_MasterConfigSynchronization
                0x0000000008006f78       0xdc ./Drivers/STM32F4xx_HAL_Driver/Src/stm32f4xx_hal_tim_ex.o
                0x0000000008006f78                HAL_TIMEx_MasterConfigSynchronization
 .text.HAL_TIMEx_CommutCallback
                0x0000000008007054       0x14 ./Drivers/STM32F4xx_HAL_Driver/Src/stm32f4xx_hal_tim_ex.o
                0x0000000008007054                HAL_TIMEx_CommutCallback
 .text.HAL_TIMEx_BreakCallback
                0x0000000008007068       0x14 ./Drivers/STM32F4xx_HAL_Driver/Src/stm32f4xx_hal_tim_ex.o
                0x0000000008007068                HAL_TIMEx_BreakCallback
 .text.HAL_UART_Init
                0x000000000800707c       0x9a ./Drivers/STM32F4xx_HAL_Driver/Src/stm32f4xx_hal_uart.o
                0x000000000800707c                HAL_UART_Init
 .text.HAL_UART_Transmit_IT
                0x0000000008007116       0x8a ./Drivers/STM32F4xx_HAL_Driver/Src/stm32f4xx_hal_uart.o
                0x0000000008007116                HAL_UART_Transmit_IT
 .text.HAL_UART_Receive_IT
                0x00000000080071a0       0x60 ./Drivers/STM32F4xx_HAL_Driver/Src/stm32f4xx_hal_uart.o
                0x00000000080071a0                HAL_UART_Receive_IT
 .text.HAL_UART_Receive_DMA
                0x0000000008007200       0x60 ./Drivers/STM32F4xx_HAL_Driver/Src/stm32f4xx_hal_uart.o
                0x0000000008007200                HAL_UART_Receive_DMA
 .text.HAL_UART_Abort
                0x0000000008007260      0x1d6 ./Drivers/STM32F4xx_HAL_Driver/Src/stm32f4xx_hal_uart.o
                0x0000000008007260                HAL_UART_Abort
 *fill*         0x0000000008007436        0x2 
 .text.HAL_UART_IRQHandler
                0x0000000008007438      0x51c ./Drivers/STM32F4xx_HAL_Driver/Src/stm32f4xx_hal_uart.o
                0x0000000008007438                HAL_UART_IRQHandler
 .text.HAL_UART_RxCpltCallback
                0x0000000008007954       0x14 ./Drivers/STM32F4xx_HAL_Driver/Src/stm32f4xx_hal_uart.o
                0x0000000008007954                HAL_UART_RxCpltCallback
 .text.HAL_UART_RxHalfCpltCallback
                0x0000000008007968       0x14 ./Drivers/STM32F4xx_HAL_Driver/Src/stm32f4xx_hal_uart.o
                0x0000000008007968                HAL_UART_RxHalfCpltCallback
 .text.HAL_UARTEx_RxEventCallback
                0x000000000800797c       0x18 ./Drivers/STM32F4xx_HAL_Driver/Src/stm32f4xx_hal_uart.o
                0x000000000800797c                HAL_UARTEx_RxEventCallback
 .text.UART_DMAReceiveCplt
                0x0000000008007994      0x126 ./Drivers/STM32F4xx_HAL_Driver/Src/stm32f4xx_hal_uart.o
 .text.UART_DMARxHalfCplt
                0x0000000008007aba       0x36 ./Drivers/STM32F4xx_HAL_Driver/Src/stm32f4xx_hal_uart.o
 .text.UART_DMAError
                0x0000000008007af0       0x94 ./Drivers/STM32F4xx_HAL_Driver/Src/stm32f4xx_hal_uart.o
 .text.UART_Start_Receive_IT
                0x0000000008007b84       0x7c ./Drivers/STM32F4xx_HAL_Driver/Src/stm32f4xx_hal_uart.o
                0x0000000008007b84                UART_Start_Receive_IT
 .text.UART_Start_Receive_DMA
                0x0000000008007c00      0x13c ./Drivers/STM32F4xx_HAL_Driver/Src/stm32f4xx_hal_uart.o
                0x0000000008007c00                UART_Start_Receive_DMA
 .text.UART_EndTxTransfer
                0x0000000008007d3c       0x50 ./Drivers/STM32F4xx_HAL_Driver/Src/stm32f4xx_hal_uart.o
 .text.UART_EndRxTransfer
                0x0000000008007d8c       0xc6 ./Drivers/STM32F4xx_HAL_Driver/Src/stm32f4xx_hal_uart.o
 .text.UART_DMAAbortOnError
                0x0000000008007e52       0x28 ./Drivers/STM32F4xx_HAL_Driver/Src/stm32f4xx_hal_uart.o
 .text.UART_Transmit_IT
                0x0000000008007e7a       0xa0 ./Drivers/STM32F4xx_HAL_Driver/Src/stm32f4xx_hal_uart.o
 .text.UART_EndTransmit_IT
                0x0000000008007f1a       0x30 ./Drivers/STM32F4xx_HAL_Driver/Src/stm32f4xx_hal_uart.o
 .text.UART_Receive_IT
                0x0000000008007f4a      0x176 ./Drivers/STM32F4xx_HAL_Driver/Src/stm32f4xx_hal_uart.o
 .text.UART_SetConfig
                0x00000000080080c0      0x4e8 ./Drivers/STM32F4xx_HAL_Driver/Src/stm32f4xx_hal_uart.o
 .text.__NVIC_SetPriority
                0x00000000080085a8       0x54 ./Middlewares/Third_Party/FreeRTOS/Source/CMSIS_RTOS_V2/cmsis_os2.o
 .text.SVC_Setup
                0x00000000080085fc       0x12 ./Middlewares/Third_Party/FreeRTOS/Source/CMSIS_RTOS_V2/cmsis_os2.o
 *fill*         0x000000000800860e        0x2 
 .text.osKernelInitialize
                0x0000000008008610       0x48 ./Middlewares/Third_Party/FreeRTOS/Source/CMSIS_RTOS_V2/cmsis_os2.o
                0x0000000008008610                osKernelInitialize
 .text.osKernelStart
                0x0000000008008658       0x4c ./Middlewares/Third_Party/FreeRTOS/Source/CMSIS_RTOS_V2/cmsis_os2.o
                0x0000000008008658                osKernelStart
 .text.osThreadNew
                0x00000000080086a4      0x124 ./Middlewares/Third_Party/FreeRTOS/Source/CMSIS_RTOS_V2/cmsis_os2.o
                0x00000000080086a4                osThreadNew
 .text.osThreadFlagsSet
                0x00000000080087c8       0x9c ./Middlewares/Third_Party/FreeRTOS/Source/CMSIS_RTOS_V2/cmsis_os2.o
                0x00000000080087c8                osThreadFlagsSet
 .text.osThreadFlagsWait
                0x0000000008008864      0x102 ./Middlewares/Third_Party/FreeRTOS/Source/CMSIS_RTOS_V2/cmsis_os2.o
                0x0000000008008864                osThreadFlagsWait
 .text.osDelay  0x0000000008008966       0x36 ./Middlewares/Third_Party/FreeRTOS/Source/CMSIS_RTOS_V2/cmsis_os2.o
                0x0000000008008966                osDelay
 .text.osMutexNew
                0x000000000800899c      0x10c ./Middlewares/Third_Party/FreeRTOS/Source/CMSIS_RTOS_V2/cmsis_os2.o
                0x000000000800899c                osMutexNew
 .text.osMutexAcquire
                0x0000000008008aa8       0x96 ./Middlewares/Third_Party/FreeRTOS/Source/CMSIS_RTOS_V2/cmsis_os2.o
                0x0000000008008aa8                osMutexAcquire
 .text.osMutexRelease
                0x0000000008008b3e       0x7a ./Middlewares/Third_Party/FreeRTOS/Source/CMSIS_RTOS_V2/cmsis_os2.o
                0x0000000008008b3e                osMutexRelease
 .text.osSemaphoreNew
                0x0000000008008bb8      0x112 ./Middlewares/Third_Party/FreeRTOS/Source/CMSIS_RTOS_V2/cmsis_os2.o
                0x0000000008008bb8                osSemaphoreNew
 *fill*         0x0000000008008cca        0x2 
 .text.osSemaphoreAcquire
                0x0000000008008ccc       0xa4 ./Middlewares/Third_Party/FreeRTOS/Source/CMSIS_RTOS_V2/cmsis_os2.o
                0x0000000008008ccc                osSemaphoreAcquire
 .text.osSemaphoreRelease
                0x0000000008008d70       0x88 ./Middlewares/Third_Party/FreeRTOS/Source/CMSIS_RTOS_V2/cmsis_os2.o
                0x0000000008008d70                osSemaphoreRelease
 .text.vApplicationGetIdleTaskMemory
                0x0000000008008df8       0x34 ./Middlewares/Third_Party/FreeRTOS/Source/CMSIS_RTOS_V2/cmsis_os2.o
                0x0000000008008df8                vApplicationGetIdleTaskMemory
 .text.vApplicationGetTimerTaskMemory
                0x0000000008008e2c       0x34 ./Middlewares/Third_Party/FreeRTOS/Source/CMSIS_RTOS_V2/cmsis_os2.o
                0x0000000008008e2c                vApplicationGetTimerTaskMemory
 .text.vListInitialise
                0x0000000008008e60       0x40 ./Middlewares/Third_Party/FreeRTOS/Source/list.o
                0x0000000008008e60                vListInitialise
 .text.vListInitialiseItem
                0x0000000008008ea0       0x1a ./Middlewares/Third_Party/FreeRTOS/Source/list.o
                0x0000000008008ea0                vListInitialiseItem
 .text.vListInsertEnd
                0x0000000008008eba       0x48 ./Middlewares/Third_Party/FreeRTOS/Source/list.o
                0x0000000008008eba                vListInsertEnd
 .text.vListInsert
                0x0000000008008f02       0x72 ./Middlewares/Third_Party/FreeRTOS/Source/list.o
                0x0000000008008f02                vListInsert
 .text.uxListRemove
                0x0000000008008f74       0x54 ./Middlewares/Third_Party/FreeRTOS/Source/list.o
                0x0000000008008f74                uxListRemove
 .text.xQueueGenericReset
                0x0000000008008fc8       0xd0 ./Middlewares/Third_Party/FreeRTOS/Source/queue.o
                0x0000000008008fc8                xQueueGenericReset
 .text.xQueueGenericCreateStatic
                0x0000000008009098       0xf0 ./Middlewares/Third_Party/FreeRTOS/Source/queue.o
                0x0000000008009098                xQueueGenericCreateStatic
 .text.xQueueGenericCreate
                0x0000000008009188       0x74 ./Middlewares/Third_Party/FreeRTOS/Source/queue.o
                0x0000000008009188                xQueueGenericCreate
 .text.prvInitialiseNewQueue
                0x00000000080091fc       0x46 ./Middlewares/Third_Party/FreeRTOS/Source/queue.o
 .text.prvInitialiseMutex
                0x0000000008009242       0x34 ./Middlewares/Third_Party/FreeRTOS/Source/queue.o
 .text.xQueueCreateMutex
                0x0000000008009276       0x30 ./Middlewares/Third_Party/FreeRTOS/Source/queue.o
                0x0000000008009276                xQueueCreateMutex
 .text.xQueueCreateMutexStatic
                0x00000000080092a6       0x36 ./Middlewares/Third_Party/FreeRTOS/Source/queue.o
                0x00000000080092a6                xQueueCreateMutexStatic
 .text.xQueueGiveMutexRecursive
                0x00000000080092dc       0x68 ./Middlewares/Third_Party/FreeRTOS/Source/queue.o
                0x00000000080092dc                xQueueGiveMutexRecursive
 .text.xQueueTakeMutexRecursive
                0x0000000008009344       0x6c ./Middlewares/Third_Party/FreeRTOS/Source/queue.o
                0x0000000008009344                xQueueTakeMutexRecursive
 .text.xQueueCreateCountingSemaphoreStatic
                0x00000000080093b0       0x6e ./Middlewares/Third_Party/FreeRTOS/Source/queue.o
                0x00000000080093b0                xQueueCreateCountingSemaphoreStatic
 .text.xQueueCreateCountingSemaphore
                0x000000000800941e       0x66 ./Middlewares/Third_Party/FreeRTOS/Source/queue.o
                0x000000000800941e                xQueueCreateCountingSemaphore
 .text.xQueueGenericSend
                0x0000000008009484      0x1fc ./Middlewares/Third_Party/FreeRTOS/Source/queue.o
                0x0000000008009484                xQueueGenericSend
 .text.xQueueGenericSendFromISR
                0x0000000008009680      0x136 ./Middlewares/Third_Party/FreeRTOS/Source/queue.o
                0x0000000008009680                xQueueGenericSendFromISR
 .text.xQueueGiveFromISR
                0x00000000080097b6      0x11a ./Middlewares/Third_Party/FreeRTOS/Source/queue.o
                0x00000000080097b6                xQueueGiveFromISR
 .text.xQueueReceive
                0x00000000080098d0      0x1c0 ./Middlewares/Third_Party/FreeRTOS/Source/queue.o
                0x00000000080098d0                xQueueReceive
 .text.xQueueSemaphoreTake
                0x0000000008009a90      0x218 ./Middlewares/Third_Party/FreeRTOS/Source/queue.o
                0x0000000008009a90                xQueueSemaphoreTake
 .text.xQueueReceiveFromISR
                0x0000000008009ca8      0x100 ./Middlewares/Third_Party/FreeRTOS/Source/queue.o
                0x0000000008009ca8                xQueueReceiveFromISR
 .text.vQueueDelete
                0x0000000008009da8       0x46 ./Middlewares/Third_Party/FreeRTOS/Source/queue.o
                0x0000000008009da8                vQueueDelete
 .text.prvGetDisinheritPriorityAfterTimeout
                0x0000000008009dee       0x30 ./Middlewares/Third_Party/FreeRTOS/Source/queue.o
 .text.prvCopyDataToQueue
                0x0000000008009e1e       0xd4 ./Middlewares/Third_Party/FreeRTOS/Source/queue.o
 .text.prvCopyDataFromQueue
                0x0000000008009ef2       0x4c ./Middlewares/Third_Party/FreeRTOS/Source/queue.o
 .text.prvUnlockQueue
                0x0000000008009f3e       0xa4 ./Middlewares/Third_Party/FreeRTOS/Source/queue.o
 .text.prvIsQueueEmpty
                0x0000000008009fe2       0x2c ./Middlewares/Third_Party/FreeRTOS/Source/queue.o
 .text.prvIsQueueFull
                0x000000000800a00e       0x30 ./Middlewares/Third_Party/FreeRTOS/Source/queue.o
 *fill*         0x000000000800a03e        0x2 
 .text.vQueueAddToRegistry
                0x000000000800a040       0x54 ./Middlewares/Third_Party/FreeRTOS/Source/queue.o
                0x000000000800a040                vQueueAddToRegistry
 .text.vQueueUnregisterQueue
                0x000000000800a094       0x54 ./Middlewares/Third_Party/FreeRTOS/Source/queue.o
                0x000000000800a094                vQueueUnregisterQueue
 .text.vQueueWaitForMessageRestricted
                0x000000000800a0e8       0x68 ./Middlewares/Third_Party/FreeRTOS/Source/queue.o
                0x000000000800a0e8                vQueueWaitForMessageRestricted
 .text.xTaskCreateStatic
                0x000000000800a150       0xba ./Middlewares/Third_Party/FreeRTOS/Source/tasks.o
                0x000000000800a150                xTaskCreateStatic
 .text.xTaskCreate
                0x000000000800a20a       0x8a ./Middlewares/Third_Party/FreeRTOS/Source/tasks.o
                0x000000000800a20a                xTaskCreate
 .text.prvInitialiseNewTask
                0x000000000800a294      0x14c ./Middlewares/Third_Party/FreeRTOS/Source/tasks.o
 .text.prvAddNewTaskToReadyList
                0x000000000800a3e0       0xe0 ./Middlewares/Third_Party/FreeRTOS/Source/tasks.o
 .text.vTaskDelay
                0x000000000800a4c0       0x68 ./Middlewares/Third_Party/FreeRTOS/Source/tasks.o
                0x000000000800a4c0                vTaskDelay
 .text.vTaskStartScheduler
                0x000000000800a528       0xe0 ./Middlewares/Third_Party/FreeRTOS/Source/tasks.o
                0x000000000800a528                vTaskStartScheduler
 .text.vTaskSuspendAll
                0x000000000800a608       0x1c ./Middlewares/Third_Party/FreeRTOS/Source/tasks.o
                0x000000000800a608                vTaskSuspendAll
 .text.xTaskResumeAll
                0x000000000800a624      0x13c ./Middlewares/Third_Party/FreeRTOS/Source/tasks.o
                0x000000000800a624                xTaskResumeAll
 .text.xTaskGetTickCount
                0x000000000800a760       0x20 ./Middlewares/Third_Party/FreeRTOS/Source/tasks.o
                0x000000000800a760                xTaskGetTickCount
 .text.xTaskIncrementTick
                0x000000000800a780      0x174 ./Middlewares/Third_Party/FreeRTOS/Source/tasks.o
                0x000000000800a780                xTaskIncrementTick
 .text.vTaskSwitchContext
                0x000000000800a8f4       0xc8 ./Middlewares/Third_Party/FreeRTOS/Source/tasks.o
                0x000000000800a8f4                vTaskSwitchContext
 .text.vTaskPlaceOnEventList
                0x000000000800a9bc       0x48 ./Middlewares/Third_Party/FreeRTOS/Source/tasks.o
                0x000000000800a9bc                vTaskPlaceOnEventList
 .text.vTaskPlaceOnEventListRestricted
                0x000000000800aa04       0x58 ./Middlewares/Third_Party/FreeRTOS/Source/tasks.o
                0x000000000800aa04                vTaskPlaceOnEventListRestricted
 .text.xTaskRemoveFromEventList
                0x000000000800aa5c       0xc8 ./Middlewares/Third_Party/FreeRTOS/Source/tasks.o
                0x000000000800aa5c                xTaskRemoveFromEventList
 .text.vTaskInternalSetTimeOutState
                0x000000000800ab24       0x2c ./Middlewares/Third_Party/FreeRTOS/Source/tasks.o
                0x000000000800ab24                vTaskInternalSetTimeOutState
 .text.xTaskCheckForTimeOut
                0x000000000800ab50       0xc4 ./Middlewares/Third_Party/FreeRTOS/Source/tasks.o
                0x000000000800ab50                xTaskCheckForTimeOut
 .text.vTaskMissedYield
                0x000000000800ac14       0x18 ./Middlewares/Third_Party/FreeRTOS/Source/tasks.o
                0x000000000800ac14                vTaskMissedYield
 .text.prvIdleTask
                0x000000000800ac2c       0x30 ./Middlewares/Third_Party/FreeRTOS/Source/tasks.o
 .text.prvInitialiseTaskLists
                0x000000000800ac5c       0x80 ./Middlewares/Third_Party/FreeRTOS/Source/tasks.o
 .text.prvCheckTasksWaitingTermination
                0x000000000800acdc       0x5c ./Middlewares/Third_Party/FreeRTOS/Source/tasks.o
 .text.prvDeleteTCB
                0x000000000800ad38       0x68 ./Middlewares/Third_Party/FreeRTOS/Source/tasks.o
 .text.prvResetNextTaskUnblockTime
                0x000000000800ada0       0x40 ./Middlewares/Third_Party/FreeRTOS/Source/tasks.o
 .text.xTaskGetCurrentTaskHandle
                0x000000000800ade0       0x20 ./Middlewares/Third_Party/FreeRTOS/Source/tasks.o
                0x000000000800ade0                xTaskGetCurrentTaskHandle
 .text.xTaskGetSchedulerState
                0x000000000800ae00       0x3c ./Middlewares/Third_Party/FreeRTOS/Source/tasks.o
                0x000000000800ae00                xTaskGetSchedulerState
 .text.xTaskPriorityInherit
                0x000000000800ae3c       0xd0 ./Middlewares/Third_Party/FreeRTOS/Source/tasks.o
                0x000000000800ae3c                xTaskPriorityInherit
 .text.xTaskPriorityDisinherit
                0x000000000800af0c       0xdc ./Middlewares/Third_Party/FreeRTOS/Source/tasks.o
                0x000000000800af0c                xTaskPriorityDisinherit
 .text.vTaskPriorityDisinheritAfterTimeout
                0x000000000800afe8      0x104 ./Middlewares/Third_Party/FreeRTOS/Source/tasks.o
                0x000000000800afe8                vTaskPriorityDisinheritAfterTimeout
 .text.pvTaskIncrementMutexHeldCount
                0x000000000800b0ec       0x28 ./Middlewares/Third_Party/FreeRTOS/Source/tasks.o
                0x000000000800b0ec                pvTaskIncrementMutexHeldCount
 .text.xTaskNotifyWait
                0x000000000800b114       0xc0 ./Middlewares/Third_Party/FreeRTOS/Source/tasks.o
                0x000000000800b114                xTaskNotifyWait
 .text.xTaskGenericNotify
                0x000000000800b1d4      0x17c ./Middlewares/Third_Party/FreeRTOS/Source/tasks.o
                0x000000000800b1d4                xTaskGenericNotify
 .text.xTaskGenericNotifyFromISR
                0x000000000800b350      0x1c8 ./Middlewares/Third_Party/FreeRTOS/Source/tasks.o
                0x000000000800b350                xTaskGenericNotifyFromISR
 .text.prvAddCurrentTaskToDelayedList
                0x000000000800b518       0xa8 ./Middlewares/Third_Party/FreeRTOS/Source/tasks.o
 .text.xTimerCreateTimerTask
                0x000000000800b5c0       0x90 ./Middlewares/Third_Party/FreeRTOS/Source/timers.o
                0x000000000800b5c0                xTimerCreateTimerTask
 .text.xTimerGenericCommand
                0x000000000800b650       0x9c ./Middlewares/Third_Party/FreeRTOS/Source/timers.o
                0x000000000800b650                xTimerGenericCommand
 .text.prvProcessExpiredTimer
                0x000000000800b6ec       0x98 ./Middlewares/Third_Party/FreeRTOS/Source/timers.o
 .text.prvTimerTask
                0x000000000800b784       0x24 ./Middlewares/Third_Party/FreeRTOS/Source/timers.o
 .text.prvProcessTimerOrBlockTask
                0x000000000800b7a8       0x9c ./Middlewares/Third_Party/FreeRTOS/Source/timers.o
 .text.prvGetNextExpireTime
                0x000000000800b844       0x48 ./Middlewares/Third_Party/FreeRTOS/Source/timers.o
 .text.prvSampleTimeNow
                0x000000000800b88c       0x40 ./Middlewares/Third_Party/FreeRTOS/Source/timers.o
 .text.prvInsertTimerInActiveList
                0x000000000800b8cc       0x84 ./Middlewares/Third_Party/FreeRTOS/Source/timers.o
 .text.prvProcessReceivedCommands
                0x000000000800b950      0x1c4 ./Middlewares/Third_Party/FreeRTOS/Source/timers.o
 .text.prvSwitchTimerLists
                0x000000000800bb14       0xc8 ./Middlewares/Third_Party/FreeRTOS/Source/timers.o
 .text.prvCheckForValidListAndQueue
                0x000000000800bbdc       0x80 ./Middlewares/Third_Party/FreeRTOS/Source/timers.o
 .text.pxPortInitialiseStack
                0x000000000800bc5c       0x68 ./Middlewares/Third_Party/FreeRTOS/Source/portable/GCC/ARM_CM4F/port.o
                0x000000000800bc5c                pxPortInitialiseStack
 .text.prvTaskExitError
                0x000000000800bcc4       0x58 ./Middlewares/Third_Party/FreeRTOS/Source/portable/GCC/ARM_CM4F/port.o
 *fill*         0x000000000800bd1c        0x4 
 .text.SVC_Handler
                0x000000000800bd20       0x28 ./Middlewares/Third_Party/FreeRTOS/Source/portable/GCC/ARM_CM4F/port.o
                0x000000000800bd20                SVC_Handler
 .text.prvPortStartFirstTask
                0x000000000800bd48       0x28 ./Middlewares/Third_Party/FreeRTOS/Source/portable/GCC/ARM_CM4F/port.o
 .text.xPortStartScheduler
                0x000000000800bd70      0x144 ./Middlewares/Third_Party/FreeRTOS/Source/portable/GCC/ARM_CM4F/port.o
                0x000000000800bd70                xPortStartScheduler
 .text.vPortEnterCritical
                0x000000000800beb4       0x60 ./Middlewares/Third_Party/FreeRTOS/Source/portable/GCC/ARM_CM4F/port.o
                0x000000000800beb4                vPortEnterCritical
 .text.vPortExitCritical
                0x000000000800bf14       0x54 ./Middlewares/Third_Party/FreeRTOS/Source/portable/GCC/ARM_CM4F/port.o
                0x000000000800bf14                vPortExitCritical
 *fill*         0x000000000800bf68        0x8 
 .text.PendSV_Handler
                0x000000000800bf70       0x68 ./Middlewares/Third_Party/FreeRTOS/Source/portable/GCC/ARM_CM4F/port.o
                0x000000000800bf70                PendSV_Handler
 .text.xPortSysTickHandler
                0x000000000800bfd8       0x44 ./Middlewares/Third_Party/FreeRTOS/Source/portable/GCC/ARM_CM4F/port.o
                0x000000000800bfd8                xPortSysTickHandler
 .text.vPortSetupTimerInterrupt
                0x000000000800c01c       0x48 ./Middlewares/Third_Party/FreeRTOS/Source/portable/GCC/ARM_CM4F/port.o
                0x000000000800c01c                vPortSetupTimerInterrupt
 .text.vPortEnableVFP
                0x000000000800c064       0x14 ./Middlewares/Third_Party/FreeRTOS/Source/portable/GCC/ARM_CM4F/port.o
 .text.vPortValidateInterruptPriority
                0x000000000800c078       0x80 ./Middlewares/Third_Party/FreeRTOS/Source/portable/GCC/ARM_CM4F/port.o
                0x000000000800c078                vPortValidateInterruptPriority
 .text.pvPortMalloc
                0x000000000800c0f8      0x198 ./Middlewares/Third_Party/FreeRTOS/Source/portable/MemMang/heap_4.o
                0x000000000800c0f8                pvPortMalloc
 .text.vPortFree
                0x000000000800c290       0xc4 ./Middlewares/Third_Party/FreeRTOS/Source/portable/MemMang/heap_4.o
                0x000000000800c290                vPortFree
 .text.prvHeapInit
                0x000000000800c354       0xc4 ./Middlewares/Third_Party/FreeRTOS/Source/portable/MemMang/heap_4.o
 .text.prvInsertBlockIntoFreeList
                0x000000000800c418       0xb4 ./Middlewares/Third_Party/FreeRTOS/Source/portable/MemMang/heap_4.o
 .text.__errno  0x000000000800c4cc        0xc c:/stmicroelectronics_cube_ide/stm32cubeide_1.10.1/stm32cubeide/plugins/com.st.stm32cube.ide.mcu.externaltools.gnu-tools-for-stm32.10.3-2021.10.win32_1.0.0.202111181127/tools/bin/../lib/gcc/arm-none-eabi/10.3.1/../../../../arm-none-eabi/lib/thumb/v7e-m+fp/hard\libc_nano.a(lib_a-errno.o)
                0x000000000800c4cc                __errno
 .text._fgets_r
                0x000000000800c4d8       0xf4 c:/stmicroelectronics_cube_ide/stm32cubeide_1.10.1/stm32cubeide/plugins/com.st.stm32cube.ide.mcu.externaltools.gnu-tools-for-stm32.10.3-2021.10.win32_1.0.0.202111181127/tools/bin/../lib/gcc/arm-none-eabi/10.3.1/../../../../arm-none-eabi/lib/thumb/v7e-m+fp/hard\libc_nano.a(lib_a-fgets.o)
                0x000000000800c4d8                _fgets_r
 .text.fgets    0x000000000800c5cc       0x14 c:/stmicroelectronics_cube_ide/stm32cubeide_1.10.1/stm32cubeide/plugins/com.st.stm32cube.ide.mcu.externaltools.gnu-tools-for-stm32.10.3-2021.10.win32_1.0.0.202111181127/tools/bin/../lib/gcc/arm-none-eabi/10.3.1/../../../../arm-none-eabi/lib/thumb/v7e-m+fp/hard\libc_nano.a(lib_a-fgets.o)
                0x000000000800c5cc                fgets
 .text.std      0x000000000800c5e0       0x48 c:/stmicroelectronics_cube_ide/stm32cubeide_1.10.1/stm32cubeide/plugins/com.st.stm32cube.ide.mcu.externaltools.gnu-tools-for-stm32.10.3-2021.10.win32_1.0.0.202111181127/tools/bin/../lib/gcc/arm-none-eabi/10.3.1/../../../../arm-none-eabi/lib/thumb/v7e-m+fp/hard\libc_nano.a(lib_a-findfp.o)
 .text._cleanup_r
                0x000000000800c628        0xc c:/stmicroelectronics_cube_ide/stm32cubeide_1.10.1/stm32cubeide/plugins/com.st.stm32cube.ide.mcu.externaltools.gnu-tools-for-stm32.10.3-2021.10.win32_1.0.0.202111181127/tools/bin/../lib/gcc/arm-none-eabi/10.3.1/../../../../arm-none-eabi/lib/thumb/v7e-m+fp/hard\libc_nano.a(lib_a-findfp.o)
                0x000000000800c628                _cleanup_r
 .text.__sfmoreglue
                0x000000000800c634       0x2c c:/stmicroelectronics_cube_ide/stm32cubeide_1.10.1/stm32cubeide/plugins/com.st.stm32cube.ide.mcu.externaltools.gnu-tools-for-stm32.10.3-2021.10.win32_1.0.0.202111181127/tools/bin/../lib/gcc/arm-none-eabi/10.3.1/../../../../arm-none-eabi/lib/thumb/v7e-m+fp/hard\libc_nano.a(lib_a-findfp.o)
                0x000000000800c634                __sfmoreglue
 .text.__sfp_lock_acquire
                0x000000000800c660        0xc c:/stmicroelectronics_cube_ide/stm32cubeide_1.10.1/stm32cubeide/plugins/com.st.stm32cube.ide.mcu.externaltools.gnu-tools-for-stm32.10.3-2021.10.win32_1.0.0.202111181127/tools/bin/../lib/gcc/arm-none-eabi/10.3.1/../../../../arm-none-eabi/lib/thumb/v7e-m+fp/hard\libc_nano.a(lib_a-findfp.o)
                0x000000000800c660                __sfp_lock_acquire
 .text.__sfp_lock_release
                0x000000000800c66c        0xc c:/stmicroelectronics_cube_ide/stm32cubeide_1.10.1/stm32cubeide/plugins/com.st.stm32cube.ide.mcu.externaltools.gnu-tools-for-stm32.10.3-2021.10.win32_1.0.0.202111181127/tools/bin/../lib/gcc/arm-none-eabi/10.3.1/../../../../arm-none-eabi/lib/thumb/v7e-m+fp/hard\libc_nano.a(lib_a-findfp.o)
                0x000000000800c66c                __sfp_lock_release
 .text.__sinit_lock_acquire
                0x000000000800c678        0xc c:/stmicroelectronics_cube_ide/stm32cubeide_1.10.1/stm32cubeide/plugins/com.st.stm32cube.ide.mcu.externaltools.gnu-tools-for-stm32.10.3-2021.10.win32_1.0.0.202111181127/tools/bin/../lib/gcc/arm-none-eabi/10.3.1/../../../../arm-none-eabi/lib/thumb/v7e-m+fp/hard\libc_nano.a(lib_a-findfp.o)
                0x000000000800c678                __sinit_lock_acquire
 .text.__sinit_lock_release
                0x000000000800c684        0xc c:/stmicroelectronics_cube_ide/stm32cubeide_1.10.1/stm32cubeide/plugins/com.st.stm32cube.ide.mcu.externaltools.gnu-tools-for-stm32.10.3-2021.10.win32_1.0.0.202111181127/tools/bin/../lib/gcc/arm-none-eabi/10.3.1/../../../../arm-none-eabi/lib/thumb/v7e-m+fp/hard\libc_nano.a(lib_a-findfp.o)
                0x000000000800c684                __sinit_lock_release
 .text.__sinit  0x000000000800c690       0x70 c:/stmicroelectronics_cube_ide/stm32cubeide_1.10.1/stm32cubeide/plugins/com.st.stm32cube.ide.mcu.externaltools.gnu-tools-for-stm32.10.3-2021.10.win32_1.0.0.202111181127/tools/bin/../lib/gcc/arm-none-eabi/10.3.1/../../../../arm-none-eabi/lib/thumb/v7e-m+fp/hard\libc_nano.a(lib_a-findfp.o)
                0x000000000800c690                __sinit
 .text.__sfp    0x000000000800c700       0x8c c:/stmicroelectronics_cube_ide/stm32cubeide_1.10.1/stm32cubeide/plugins/com.st.stm32cube.ide.mcu.externaltools.gnu-tools-for-stm32.10.3-2021.10.win32_1.0.0.202111181127/tools/bin/../lib/gcc/arm-none-eabi/10.3.1/../../../../arm-none-eabi/lib/thumb/v7e-m+fp/hard\libc_nano.a(lib_a-findfp.o)
                0x000000000800c700                __sfp
 .text._fopen_r
                0x000000000800c78c       0xa8 c:/stmicroelectronics_cube_ide/stm32cubeide_1.10.1/stm32cubeide/plugins/com.st.stm32cube.ide.mcu.externaltools.gnu-tools-for-stm32.10.3-2021.10.win32_1.0.0.202111181127/tools/bin/../lib/gcc/arm-none-eabi/10.3.1/../../../../arm-none-eabi/lib/thumb/v7e-m+fp/hard\libc_nano.a(lib_a-fopen.o)
                0x000000000800c78c                _fopen_r
 .text.fopen    0x000000000800c834       0x10 c:/stmicroelectronics_cube_ide/stm32cubeide_1.10.1/stm32cubeide/plugins/com.st.stm32cube.ide.mcu.externaltools.gnu-tools-for-stm32.10.3-2021.10.win32_1.0.0.202111181127/tools/bin/../lib/gcc/arm-none-eabi/10.3.1/../../../../arm-none-eabi/lib/thumb/v7e-m+fp/hard\libc_nano.a(lib_a-fopen.o)
                0x000000000800c834                fopen
 .text.fprintf  0x000000000800c844       0x24 c:/stmicroelectronics_cube_ide/stm32cubeide_1.10.1/stm32cubeide/plugins/com.st.stm32cube.ide.mcu.externaltools.gnu-tools-for-stm32.10.3-2021.10.win32_1.0.0.202111181127/tools/bin/../lib/gcc/arm-none-eabi/10.3.1/../../../../arm-none-eabi/lib/thumb/v7e-m+fp/hard\libc_nano.a(lib_a-fprintf.o)
                0x000000000800c844                fiprintf
                0x000000000800c844                fprintf
 .text._fseek_r
                0x000000000800c868        0x4 c:/stmicroelectronics_cube_ide/stm32cubeide_1.10.1/stm32cubeide/plugins/com.st.stm32cube.ide.mcu.externaltools.gnu-tools-for-stm32.10.3-2021.10.win32_1.0.0.202111181127/tools/bin/../lib/gcc/arm-none-eabi/10.3.1/../../../../arm-none-eabi/lib/thumb/v7e-m+fp/hard\libc_nano.a(lib_a-fseek.o)
                0x000000000800c868                _fseek_r
 .text._fseeko_r
                0x000000000800c86c      0x168 c:/stmicroelectronics_cube_ide/stm32cubeide_1.10.1/stm32cubeide/plugins/com.st.stm32cube.ide.mcu.externaltools.gnu-tools-for-stm32.10.3-2021.10.win32_1.0.0.202111181127/tools/bin/../lib/gcc/arm-none-eabi/10.3.1/../../../../arm-none-eabi/lib/thumb/v7e-m+fp/hard\libc_nano.a(lib_a-fseeko.o)
                0x000000000800c86c                _fseeko_r
 .text._fwalk   0x000000000800c9d4       0x3a c:/stmicroelectronics_cube_ide/stm32cubeide_1.10.1/stm32cubeide/plugins/com.st.stm32cube.ide.mcu.externaltools.gnu-tools-for-stm32.10.3-2021.10.win32_1.0.0.202111181127/tools/bin/../lib/gcc/arm-none-eabi/10.3.1/../../../../arm-none-eabi/lib/thumb/v7e-m+fp/hard\libc_nano.a(lib_a-fwalk.o)
                0x000000000800c9d4                _fwalk
 .text._fwalk_reent
                0x000000000800ca0e       0x3e c:/stmicroelectronics_cube_ide/stm32cubeide_1.10.1/stm32cubeide/plugins/com.st.stm32cube.ide.mcu.externaltools.gnu-tools-for-stm32.10.3-2021.10.win32_1.0.0.202111181127/tools/bin/../lib/gcc/arm-none-eabi/10.3.1/../../../../arm-none-eabi/lib/thumb/v7e-m+fp/hard\libc_nano.a(lib_a-fwalk.o)
                0x000000000800ca0e                _fwalk_reent
 .text._fwrite_r
                0x000000000800ca4c       0xc0 c:/stmicroelectronics_cube_ide/stm32cubeide_1.10.1/stm32cubeide/plugins/com.st.stm32cube.ide.mcu.externaltools.gnu-tools-for-stm32.10.3-2021.10.win32_1.0.0.202111181127/tools/bin/../lib/gcc/arm-none-eabi/10.3.1/../../../../arm-none-eabi/lib/thumb/v7e-m+fp/hard\libc_nano.a(lib_a-fwrite.o)
                0x000000000800ca4c                _fwrite_r
 .text.fwrite   0x000000000800cb0c       0x1c c:/stmicroelectronics_cube_ide/stm32cubeide_1.10.1/stm32cubeide/plugins/com.st.stm32cube.ide.mcu.externaltools.gnu-tools-for-stm32.10.3-2021.10.win32_1.0.0.202111181127/tools/bin/../lib/gcc/arm-none-eabi/10.3.1/../../../../arm-none-eabi/lib/thumb/v7e-m+fp/hard\libc_nano.a(lib_a-fwrite.o)
                0x000000000800cb0c                fwrite
 .text.__libc_init_array
                0x000000000800cb28       0x48 c:/stmicroelectronics_cube_ide/stm32cubeide_1.10.1/stm32cubeide/plugins/com.st.stm32cube.ide.mcu.externaltools.gnu-tools-for-stm32.10.3-2021.10.win32_1.0.0.202111181127/tools/bin/../lib/gcc/arm-none-eabi/10.3.1/../../../../arm-none-eabi/lib/thumb/v7e-m+fp/hard\libc_nano.a(lib_a-init.o)
                0x000000000800cb28                __libc_init_array
 .text.__retarget_lock_init_recursive
                0x000000000800cb70        0x2 c:/stmicroelectronics_cube_ide/stm32cubeide_1.10.1/stm32cubeide/plugins/com.st.stm32cube.ide.mcu.externaltools.gnu-tools-for-stm32.10.3-2021.10.win32_1.0.0.202111181127/tools/bin/../lib/gcc/arm-none-eabi/10.3.1/../../../../arm-none-eabi/lib/thumb/v7e-m+fp/hard\libc_nano.a(lib_a-lock.o)
                0x000000000800cb70                __retarget_lock_init_recursive
 .text.__retarget_lock_close_recursive
                0x000000000800cb72        0x2 c:/stmicroelectronics_cube_ide/stm32cubeide_1.10.1/stm32cubeide/plugins/com.st.stm32cube.ide.mcu.externaltools.gnu-tools-for-stm32.10.3-2021.10.win32_1.0.0.202111181127/tools/bin/../lib/gcc/arm-none-eabi/10.3.1/../../../../arm-none-eabi/lib/thumb/v7e-m+fp/hard\libc_nano.a(lib_a-lock.o)
                0x000000000800cb72                __retarget_lock_close_recursive
 .text.__retarget_lock_acquire_recursive
                0x000000000800cb74        0x2 c:/stmicroelectronics_cube_ide/stm32cubeide_1.10.1/stm32cubeide/plugins/com.st.stm32cube.ide.mcu.externaltools.gnu-tools-for-stm32.10.3-2021.10.win32_1.0.0.202111181127/tools/bin/../lib/gcc/arm-none-eabi/10.3.1/../../../../arm-none-eabi/lib/thumb/v7e-m+fp/hard\libc_nano.a(lib_a-lock.o)
                0x000000000800cb74                __retarget_lock_acquire_recursive
 .text.__retarget_lock_release_recursive
                0x000000000800cb76        0x2 c:/stmicroelectronics_cube_ide/stm32cubeide_1.10.1/stm32cubeide/plugins/com.st.stm32cube.ide.mcu.externaltools.gnu-tools-for-stm32.10.3-2021.10.win32_1.0.0.202111181127/tools/bin/../lib/gcc/arm-none-eabi/10.3.1/../../../../arm-none-eabi/lib/thumb/v7e-m+fp/hard\libc_nano.a(lib_a-lock.o)
                0x000000000800cb76                __retarget_lock_release_recursive
 .text.__swhatbuf_r
                0x000000000800cb78       0x4a c:/stmicroelectronics_cube_ide/stm32cubeide_1.10.1/stm32cubeide/plugins/com.st.stm32cube.ide.mcu.externaltools.gnu-tools-for-stm32.10.3-2021.10.win32_1.0.0.202111181127/tools/bin/../lib/gcc/arm-none-eabi/10.3.1/../../../../arm-none-eabi/lib/thumb/v7e-m+fp/hard\libc_nano.a(lib_a-makebuf.o)
                0x000000000800cb78                __swhatbuf_r
 *fill*         0x000000000800cbc2        0x2 
 .text.__smakebuf_r
                0x000000000800cbc4       0x80 c:/stmicroelectronics_cube_ide/stm32cubeide_1.10.1/stm32cubeide/plugins/com.st.stm32cube.ide.mcu.externaltools.gnu-tools-for-stm32.10.3-2021.10.win32_1.0.0.202111181127/tools/bin/../lib/gcc/arm-none-eabi/10.3.1/../../../../arm-none-eabi/lib/thumb/v7e-m+fp/hard\libc_nano.a(lib_a-makebuf.o)
                0x000000000800cbc4                __smakebuf_r
 .text.memcpy   0x000000000800cc44       0x1c c:/stmicroelectronics_cube_ide/stm32cubeide_1.10.1/stm32cubeide/plugins/com.st.stm32cube.ide.mcu.externaltools.gnu-tools-for-stm32.10.3-2021.10.win32_1.0.0.202111181127/tools/bin/../lib/gcc/arm-none-eabi/10.3.1/../../../../arm-none-eabi/lib/thumb/v7e-m+fp/hard\libc_nano.a(lib_a-memcpy-stub.o)
                0x000000000800cc44                memcpy
 .text.memset   0x000000000800cc60       0x10 c:/stmicroelectronics_cube_ide/stm32cubeide_1.10.1/stm32cubeide/plugins/com.st.stm32cube.ide.mcu.externaltools.gnu-tools-for-stm32.10.3-2021.10.win32_1.0.0.202111181127/tools/bin/../lib/gcc/arm-none-eabi/10.3.1/../../../../arm-none-eabi/lib/thumb/v7e-m+fp/hard\libc_nano.a(lib_a-memset.o)
                0x000000000800cc60                memset
 .text._free_r  0x000000000800cc70       0x98 c:/stmicroelectronics_cube_ide/stm32cubeide_1.10.1/stm32cubeide/plugins/com.st.stm32cube.ide.mcu.externaltools.gnu-tools-for-stm32.10.3-2021.10.win32_1.0.0.202111181127/tools/bin/../lib/gcc/arm-none-eabi/10.3.1/../../../../arm-none-eabi/lib/thumb/v7e-m+fp/hard\libc_nano.a(lib_a-nano-freer.o)
                0x000000000800cc70                _free_r
 .text.sbrk_aligned
                0x000000000800cd08       0x40 c:/stmicroelectronics_cube_ide/stm32cubeide_1.10.1/stm32cubeide/plugins/com.st.stm32cube.ide.mcu.externaltools.gnu-tools-for-stm32.10.3-2021.10.win32_1.0.0.202111181127/tools/bin/../lib/gcc/arm-none-eabi/10.3.1/../../../../arm-none-eabi/lib/thumb/v7e-m+fp/hard\libc_nano.a(lib_a-nano-mallocr.o)
 .text._malloc_r
                0x000000000800cd48       0xe8 c:/stmicroelectronics_cube_ide/stm32cubeide_1.10.1/stm32cubeide/plugins/com.st.stm32cube.ide.mcu.externaltools.gnu-tools-for-stm32.10.3-2021.10.win32_1.0.0.202111181127/tools/bin/../lib/gcc/arm-none-eabi/10.3.1/../../../../arm-none-eabi/lib/thumb/v7e-m+fp/hard\libc_nano.a(lib_a-nano-mallocr.o)
                0x000000000800cd48                _malloc_r
 .text.__sfputc_r
                0x000000000800ce30       0x2e c:/stmicroelectronics_cube_ide/stm32cubeide_1.10.1/stm32cubeide/plugins/com.st.stm32cube.ide.mcu.externaltools.gnu-tools-for-stm32.10.3-2021.10.win32_1.0.0.202111181127/tools/bin/../lib/gcc/arm-none-eabi/10.3.1/../../../../arm-none-eabi/lib/thumb/v7e-m+fp/hard\libc_nano.a(lib_a-nano-vfprintf.o)
 .text.__sfputs_r
                0x000000000800ce5e       0x24 c:/stmicroelectronics_cube_ide/stm32cubeide_1.10.1/stm32cubeide/plugins/com.st.stm32cube.ide.mcu.externaltools.gnu-tools-for-stm32.10.3-2021.10.win32_1.0.0.202111181127/tools/bin/../lib/gcc/arm-none-eabi/10.3.1/../../../../arm-none-eabi/lib/thumb/v7e-m+fp/hard\libc_nano.a(lib_a-nano-vfprintf.o)
                0x000000000800ce5e                __sfputs_r
 *fill*         0x000000000800ce82        0x2 
 .text._vfprintf_r
                0x000000000800ce84      0x260 c:/stmicroelectronics_cube_ide/stm32cubeide_1.10.1/stm32cubeide/plugins/com.st.stm32cube.ide.mcu.externaltools.gnu-tools-for-stm32.10.3-2021.10.win32_1.0.0.202111181127/tools/bin/../lib/gcc/arm-none-eabi/10.3.1/../../../../arm-none-eabi/lib/thumb/v7e-m+fp/hard\libc_nano.a(lib_a-nano-vfprintf.o)
                0x000000000800ce84                _vfprintf_r
                0x000000000800ce84                _vfiprintf_r
 .text._printf_common
                0x000000000800d0e4       0xda c:/stmicroelectronics_cube_ide/stm32cubeide_1.10.1/stm32cubeide/plugins/com.st.stm32cube.ide.mcu.externaltools.gnu-tools-for-stm32.10.3-2021.10.win32_1.0.0.202111181127/tools/bin/../lib/gcc/arm-none-eabi/10.3.1/../../../../arm-none-eabi/lib/thumb/v7e-m+fp/hard\libc_nano.a(lib_a-nano-vfprintf_i.o)
                0x000000000800d0e4                _printf_common
 *fill*         0x000000000800d1be        0x2 
 .text._printf_i
                0x000000000800d1c0      0x24c c:/stmicroelectronics_cube_ide/stm32cubeide_1.10.1/stm32cubeide/plugins/com.st.stm32cube.ide.mcu.externaltools.gnu-tools-for-stm32.10.3-2021.10.win32_1.0.0.202111181127/tools/bin/../lib/gcc/arm-none-eabi/10.3.1/../../../../arm-none-eabi/lib/thumb/v7e-m+fp/hard\libc_nano.a(lib_a-nano-vfprintf_i.o)
                0x000000000800d1c0                _printf_i
 .text._open_r  0x000000000800d40c       0x24 c:/stmicroelectronics_cube_ide/stm32cubeide_1.10.1/stm32cubeide/plugins/com.st.stm32cube.ide.mcu.externaltools.gnu-tools-for-stm32.10.3-2021.10.win32_1.0.0.202111181127/tools/bin/../lib/gcc/arm-none-eabi/10.3.1/../../../../arm-none-eabi/lib/thumb/v7e-m+fp/hard\libc_nano.a(lib_a-openr.o)
                0x000000000800d40c                _open_r
 .text.printf   0x000000000800d430       0x30 c:/stmicroelectronics_cube_ide/stm32cubeide_1.10.1/stm32cubeide/plugins/com.st.stm32cube.ide.mcu.externaltools.gnu-tools-for-stm32.10.3-2021.10.win32_1.0.0.202111181127/tools/bin/../lib/gcc/arm-none-eabi/10.3.1/../../../../arm-none-eabi/lib/thumb/v7e-m+fp/hard\libc_nano.a(lib_a-printf.o)
                0x000000000800d430                iprintf
                0x000000000800d430                printf
 .text._puts_r  0x000000000800d460       0xdc c:/stmicroelectronics_cube_ide/stm32cubeide_1.10.1/stm32cubeide/plugins/com.st.stm32cube.ide.mcu.externaltools.gnu-tools-for-stm32.10.3-2021.10.win32_1.0.0.202111181127/tools/bin/../lib/gcc/arm-none-eabi/10.3.1/../../../../arm-none-eabi/lib/thumb/v7e-m+fp/hard\libc_nano.a(lib_a-puts.o)
                0x000000000800d460                _puts_r
 .text.puts     0x000000000800d53c       0x10 c:/stmicroelectronics_cube_ide/stm32cubeide_1.10.1/stm32cubeide/plugins/com.st.stm32cube.ide.mcu.externaltools.gnu-tools-for-stm32.10.3-2021.10.win32_1.0.0.202111181127/tools/bin/../lib/gcc/arm-none-eabi/10.3.1/../../../../arm-none-eabi/lib/thumb/v7e-m+fp/hard\libc_nano.a(lib_a-puts.o)
                0x000000000800d53c                puts
 .text.cleanup_glue
                0x000000000800d54c       0x1a c:/stmicroelectronics_cube_ide/stm32cubeide_1.10.1/stm32cubeide/plugins/com.st.stm32cube.ide.mcu.externaltools.gnu-tools-for-stm32.10.3-2021.10.win32_1.0.0.202111181127/tools/bin/../lib/gcc/arm-none-eabi/10.3.1/../../../../arm-none-eabi/lib/thumb/v7e-m+fp/hard\libc_nano.a(lib_a-reent.o)
                0x000000000800d54c                cleanup_glue
 *fill*         0x000000000800d566        0x2 
 .text._reclaim_reent
                0x000000000800d568       0xb8 c:/stmicroelectronics_cube_ide/stm32cubeide_1.10.1/stm32cubeide/plugins/com.st.stm32cube.ide.mcu.externaltools.gnu-tools-for-stm32.10.3-2021.10.win32_1.0.0.202111181127/tools/bin/../lib/gcc/arm-none-eabi/10.3.1/../../../../arm-none-eabi/lib/thumb/v7e-m+fp/hard\libc_nano.a(lib_a-reent.o)
                0x000000000800d568                _reclaim_reent
 .text.lflush   0x000000000800d620       0x12 c:/stmicroelectronics_cube_ide/stm32cubeide_1.10.1/stm32cubeide/plugins/com.st.stm32cube.ide.mcu.externaltools.gnu-tools-for-stm32.10.3-2021.10.win32_1.0.0.202111181127/tools/bin/../lib/gcc/arm-none-eabi/10.3.1/../../../../arm-none-eabi/lib/thumb/v7e-m+fp/hard\libc_nano.a(lib_a-refill.o)
 *fill*         0x000000000800d632        0x2 
 .text.__srefill_r
                0x000000000800d634      0x114 c:/stmicroelectronics_cube_ide/stm32cubeide_1.10.1/stm32cubeide/plugins/com.st.stm32cube.ide.mcu.externaltools.gnu-tools-for-stm32.10.3-2021.10.win32_1.0.0.202111181127/tools/bin/../lib/gcc/arm-none-eabi/10.3.1/../../../../arm-none-eabi/lib/thumb/v7e-m+fp/hard\libc_nano.a(lib_a-refill.o)
                0x000000000800d634                __srefill_r
 .text._sbrk_r  0x000000000800d748       0x20 c:/stmicroelectronics_cube_ide/stm32cubeide_1.10.1/stm32cubeide/plugins/com.st.stm32cube.ide.mcu.externaltools.gnu-tools-for-stm32.10.3-2021.10.win32_1.0.0.202111181127/tools/bin/../lib/gcc/arm-none-eabi/10.3.1/../../../../arm-none-eabi/lib/thumb/v7e-m+fp/hard\libc_nano.a(lib_a-sbrkr.o)
                0x000000000800d748                _sbrk_r
 .text.setvbuf  0x000000000800d768      0x18c c:/stmicroelectronics_cube_ide/stm32cubeide_1.10.1/stm32cubeide/plugins/com.st.stm32cube.ide.mcu.externaltools.gnu-tools-for-stm32.10.3-2021.10.win32_1.0.0.202111181127/tools/bin/../lib/gcc/arm-none-eabi/10.3.1/../../../../arm-none-eabi/lib/thumb/v7e-m+fp/hard\libc_nano.a(lib_a-setvbuf.o)
                0x000000000800d768                setvbuf
 .text.sprintf  0x000000000800d8f4       0x40 c:/stmicroelectronics_cube_ide/stm32cubeide_1.10.1/stm32cubeide/plugins/com.st.stm32cube.ide.mcu.externaltools.gnu-tools-for-stm32.10.3-2021.10.win32_1.0.0.202111181127/tools/bin/../lib/gcc/arm-none-eabi/10.3.1/../../../../arm-none-eabi/lib/thumb/v7e-m+fp/hard\libc_nano.a(lib_a-sprintf.o)
                0x000000000800d8f4                siprintf
                0x000000000800d8f4                sprintf
 .text.sscanf   0x000000000800d934       0x58 c:/stmicroelectronics_cube_ide/stm32cubeide_1.10.1/stm32cubeide/plugins/com.st.stm32cube.ide.mcu.externaltools.gnu-tools-for-stm32.10.3-2021.10.win32_1.0.0.202111181127/tools/bin/../lib/gcc/arm-none-eabi/10.3.1/../../../../arm-none-eabi/lib/thumb/v7e-m+fp/hard\libc_nano.a(lib_a-sscanf.o)
                0x000000000800d934                siscanf
                0x000000000800d934                sscanf
 .text.__sread  0x000000000800d98c       0x22 c:/stmicroelectronics_cube_ide/stm32cubeide_1.10.1/stm32cubeide/plugins/com.st.stm32cube.ide.mcu.externaltools.gnu-tools-for-stm32.10.3-2021.10.win32_1.0.0.202111181127/tools/bin/../lib/gcc/arm-none-eabi/10.3.1/../../../../arm-none-eabi/lib/thumb/v7e-m+fp/hard\libc_nano.a(lib_a-stdio.o)
                0x000000000800d98c                __sread
 .text.__seofread
                0x000000000800d9ae        0x4 c:/stmicroelectronics_cube_ide/stm32cubeide_1.10.1/stm32cubeide/plugins/com.st.stm32cube.ide.mcu.externaltools.gnu-tools-for-stm32.10.3-2021.10.win32_1.0.0.202111181127/tools/bin/../lib/gcc/arm-none-eabi/10.3.1/../../../../arm-none-eabi/lib/thumb/v7e-m+fp/hard\libc_nano.a(lib_a-stdio.o)
                0x000000000800d9ae                __seofread
 .text.__swrite
                0x000000000800d9b2       0x38 c:/stmicroelectronics_cube_ide/stm32cubeide_1.10.1/stm32cubeide/plugins/com.st.stm32cube.ide.mcu.externaltools.gnu-tools-for-stm32.10.3-2021.10.win32_1.0.0.202111181127/tools/bin/../lib/gcc/arm-none-eabi/10.3.1/../../../../arm-none-eabi/lib/thumb/v7e-m+fp/hard\libc_nano.a(lib_a-stdio.o)
                0x000000000800d9b2                __swrite
 .text.__sseek  0x000000000800d9ea       0x24 c:/stmicroelectronics_cube_ide/stm32cubeide_1.10.1/stm32cubeide/plugins/com.st.stm32cube.ide.mcu.externaltools.gnu-tools-for-stm32.10.3-2021.10.win32_1.0.0.202111181127/tools/bin/../lib/gcc/arm-none-eabi/10.3.1/../../../../arm-none-eabi/lib/thumb/v7e-m+fp/hard\libc_nano.a(lib_a-stdio.o)
                0x000000000800d9ea                __sseek
 .text.__sclose
                0x000000000800da0e        0x8 c:/stmicroelectronics_cube_ide/stm32cubeide_1.10.1/stm32cubeide/plugins/com.st.stm32cube.ide.mcu.externaltools.gnu-tools-for-stm32.10.3-2021.10.win32_1.0.0.202111181127/tools/bin/../lib/gcc/arm-none-eabi/10.3.1/../../../../arm-none-eabi/lib/thumb/v7e-m+fp/hard\libc_nano.a(lib_a-stdio.o)
                0x000000000800da0e                __sclose
 .text.strncmp  0x000000000800da16       0x28 c:/stmicroelectronics_cube_ide/stm32cubeide_1.10.1/stm32cubeide/plugins/com.st.stm32cube.ide.mcu.externaltools.gnu-tools-for-stm32.10.3-2021.10.win32_1.0.0.202111181127/tools/bin/../lib/gcc/arm-none-eabi/10.3.1/../../../../arm-none-eabi/lib/thumb/v7e-m+fp/hard\libc_nano.a(lib_a-strncmp.o)
                0x000000000800da16                strncmp
 .text.strnlen  0x000000000800da3e       0x18 c:/stmicroelectronics_cube_ide/stm32cubeide_1.10.1/stm32cubeide/plugins/com.st.stm32cube.ide.mcu.externaltools.gnu-tools-for-stm32.10.3-2021.10.win32_1.0.0.202111181127/tools/bin/../lib/gcc/arm-none-eabi/10.3.1/../../../../arm-none-eabi/lib/thumb/v7e-m+fp/hard\libc_nano.a(lib_a-strnlen.o)
                0x000000000800da3e                strnlen
 .text.strstr   0x000000000800da56       0x2c c:/stmicroelectronics_cube_ide/stm32cubeide_1.10.1/stm32cubeide/plugins/com.st.stm32cube.ide.mcu.externaltools.gnu-tools-for-stm32.10.3-2021.10.win32_1.0.0.202111181127/tools/bin/../lib/gcc/arm-none-eabi/10.3.1/../../../../arm-none-eabi/lib/thumb/v7e-m+fp/hard\libc_nano.a(lib_a-strstr.o)
                0x000000000800da56                strstr
 *fill*         0x000000000800da82        0x2 
 .text._vsprintf_r
                0x000000000800da84       0x2c c:/stmicroelectronics_cube_ide/stm32cubeide_1.10.1/stm32cubeide/plugins/com.st.stm32cube.ide.mcu.externaltools.gnu-tools-for-stm32.10.3-2021.10.win32_1.0.0.202111181127/tools/bin/../lib/gcc/arm-none-eabi/10.3.1/../../../../arm-none-eabi/lib/thumb/v7e-m+fp/hard\libc_nano.a(lib_a-vsprintf.o)
                0x000000000800da84                _vsprintf_r
                0x000000000800da84                _vsiprintf_r
 .text.vsprintf
                0x000000000800dab0       0x14 c:/stmicroelectronics_cube_ide/stm32cubeide_1.10.1/stm32cubeide/plugins/com.st.stm32cube.ide.mcu.externaltools.gnu-tools-for-stm32.10.3-2021.10.win32_1.0.0.202111181127/tools/bin/../lib/gcc/arm-none-eabi/10.3.1/../../../../arm-none-eabi/lib/thumb/v7e-m+fp/hard\libc_nano.a(lib_a-vsprintf.o)
                0x000000000800dab0                vsiprintf
                0x000000000800dab0                vsprintf
 .text.__swbuf_r
                0x000000000800dac4       0xa4 c:/stmicroelectronics_cube_ide/stm32cubeide_1.10.1/stm32cubeide/plugins/com.st.stm32cube.ide.mcu.externaltools.gnu-tools-for-stm32.10.3-2021.10.win32_1.0.0.202111181127/tools/bin/../lib/gcc/arm-none-eabi/10.3.1/../../../../arm-none-eabi/lib/thumb/v7e-m+fp/hard\libc_nano.a(lib_a-wbuf.o)
                0x000000000800dac4                __swbuf_r
 .text._write_r
                0x000000000800db68       0x24 c:/stmicroelectronics_cube_ide/stm32cubeide_1.10.1/stm32cubeide/plugins/com.st.stm32cube.ide.mcu.externaltools.gnu-tools-for-stm32.10.3-2021.10.win32_1.0.0.202111181127/tools/bin/../lib/gcc/arm-none-eabi/10.3.1/../../../../arm-none-eabi/lib/thumb/v7e-m+fp/hard\libc_nano.a(lib_a-writer.o)
                0x000000000800db68                _write_r
 .text.__swsetup_r
                0x000000000800db8c       0xdc c:/stmicroelectronics_cube_ide/stm32cubeide_1.10.1/stm32cubeide/plugins/com.st.stm32cube.ide.mcu.externaltools.gnu-tools-for-stm32.10.3-2021.10.win32_1.0.0.202111181127/tools/bin/../lib/gcc/arm-none-eabi/10.3.1/../../../../arm-none-eabi/lib/thumb/v7e-m+fp/hard\libc_nano.a(lib_a-wsetup.o)
                0x000000000800db8c                __swsetup_r
 .text._close_r
                0x000000000800dc68       0x20 c:/stmicroelectronics_cube_ide/stm32cubeide_1.10.1/stm32cubeide/plugins/com.st.stm32cube.ide.mcu.externaltools.gnu-tools-for-stm32.10.3-2021.10.win32_1.0.0.202111181127/tools/bin/../lib/gcc/arm-none-eabi/10.3.1/../../../../arm-none-eabi/lib/thumb/v7e-m+fp/hard\libc_nano.a(lib_a-closer.o)
                0x000000000800dc68                _close_r
 .text.__sflush_r
                0x000000000800dc88      0x10c c:/stmicroelectronics_cube_ide/stm32cubeide_1.10.1/stm32cubeide/plugins/com.st.stm32cube.ide.mcu.externaltools.gnu-tools-for-stm32.10.3-2021.10.win32_1.0.0.202111181127/tools/bin/../lib/gcc/arm-none-eabi/10.3.1/../../../../arm-none-eabi/lib/thumb/v7e-m+fp/hard\libc_nano.a(lib_a-fflush.o)
                0x000000000800dc88                __sflush_r
 .text._fflush_r
                0x000000000800dd94       0x78 c:/stmicroelectronics_cube_ide/stm32cubeide_1.10.1/stm32cubeide/plugins/com.st.stm32cube.ide.mcu.externaltools.gnu-tools-for-stm32.10.3-2021.10.win32_1.0.0.202111181127/tools/bin/../lib/gcc/arm-none-eabi/10.3.1/../../../../arm-none-eabi/lib/thumb/v7e-m+fp/hard\libc_nano.a(lib_a-fflush.o)
                0x000000000800dd94                _fflush_r
 .text.fflush   0x000000000800de0c       0x24 c:/stmicroelectronics_cube_ide/stm32cubeide_1.10.1/stm32cubeide/plugins/com.st.stm32cube.ide.mcu.externaltools.gnu-tools-for-stm32.10.3-2021.10.win32_1.0.0.202111181127/tools/bin/../lib/gcc/arm-none-eabi/10.3.1/../../../../arm-none-eabi/lib/thumb/v7e-m+fp/hard\libc_nano.a(lib_a-fflush.o)
                0x000000000800de0c                fflush
 .text.__sflags
                0x000000000800de30       0x6c c:/stmicroelectronics_cube_ide/stm32cubeide_1.10.1/stm32cubeide/plugins/com.st.stm32cube.ide.mcu.externaltools.gnu-tools-for-stm32.10.3-2021.10.win32_1.0.0.202111181127/tools/bin/../lib/gcc/arm-none-eabi/10.3.1/../../../../arm-none-eabi/lib/thumb/v7e-m+fp/hard\libc_nano.a(lib_a-flags.o)
                0x000000000800de30                __sflags
 .text._fstat_r
                0x000000000800de9c       0x24 c:/stmicroelectronics_cube_ide/stm32cubeide_1.10.1/stm32cubeide/plugins/com.st.stm32cube.ide.mcu.externaltools.gnu-tools-for-stm32.10.3-2021.10.win32_1.0.0.202111181127/tools/bin/../lib/gcc/arm-none-eabi/10.3.1/../../../../arm-none-eabi/lib/thumb/v7e-m+fp/hard\libc_nano.a(lib_a-fstatr.o)
                0x000000000800de9c                _fstat_r
 .text._isatty_r
                0x000000000800dec0       0x20 c:/stmicroelectronics_cube_ide/stm32cubeide_1.10.1/stm32cubeide/plugins/com.st.stm32cube.ide.mcu.externaltools.gnu-tools-for-stm32.10.3-2021.10.win32_1.0.0.202111181127/tools/bin/../lib/gcc/arm-none-eabi/10.3.1/../../../../arm-none-eabi/lib/thumb/v7e-m+fp/hard\libc_nano.a(lib_a-isattyr.o)
                0x000000000800dec0                _isatty_r
 .text._lseek_r
                0x000000000800dee0       0x24 c:/stmicroelectronics_cube_ide/stm32cubeide_1.10.1/stm32cubeide/plugins/com.st.stm32cube.ide.mcu.externaltools.gnu-tools-for-stm32.10.3-2021.10.win32_1.0.0.202111181127/tools/bin/../lib/gcc/arm-none-eabi/10.3.1/../../../../arm-none-eabi/lib/thumb/v7e-m+fp/hard\libc_nano.a(lib_a-lseekr.o)
                0x000000000800dee0                _lseek_r
 .text.malloc   0x000000000800df04       0x10 c:/stmicroelectronics_cube_ide/stm32cubeide_1.10.1/stm32cubeide/plugins/com.st.stm32cube.ide.mcu.externaltools.gnu-tools-for-stm32.10.3-2021.10.win32_1.0.0.202111181127/tools/bin/../lib/gcc/arm-none-eabi/10.3.1/../../../../arm-none-eabi/lib/thumb/v7e-m+fp/hard\libc_nano.a(lib_a-malloc.o)
                0x000000000800df04                malloc
 .text.memmove  0x000000000800df14       0x34 c:/stmicroelectronics_cube_ide/stm32cubeide_1.10.1/stm32cubeide/plugins/com.st.stm32cube.ide.mcu.externaltools.gnu-tools-for-stm32.10.3-2021.10.win32_1.0.0.202111181127/tools/bin/../lib/gcc/arm-none-eabi/10.3.1/../../../../arm-none-eabi/lib/thumb/v7e-m+fp/hard\libc_nano.a(lib_a-memmove.o)
                0x000000000800df14                memmove
 .text.__malloc_lock
                0x000000000800df48        0xc c:/stmicroelectronics_cube_ide/stm32cubeide_1.10.1/stm32cubeide/plugins/com.st.stm32cube.ide.mcu.externaltools.gnu-tools-for-stm32.10.3-2021.10.win32_1.0.0.202111181127/tools/bin/../lib/gcc/arm-none-eabi/10.3.1/../../../../arm-none-eabi/lib/thumb/v7e-m+fp/hard\libc_nano.a(lib_a-mlock.o)
                0x000000000800df48                __malloc_lock
 .text.__malloc_unlock
                0x000000000800df54        0xc c:/stmicroelectronics_cube_ide/stm32cubeide_1.10.1/stm32cubeide/plugins/com.st.stm32cube.ide.mcu.externaltools.gnu-tools-for-stm32.10.3-2021.10.win32_1.0.0.202111181127/tools/bin/../lib/gcc/arm-none-eabi/10.3.1/../../../../arm-none-eabi/lib/thumb/v7e-m+fp/hard\libc_nano.a(lib_a-mlock.o)
                0x000000000800df54                __malloc_unlock
 .text._realloc_r
                0x000000000800df60       0x5e c:/stmicroelectronics_cube_ide/stm32cubeide_1.10.1/stm32cubeide/plugins/com.st.stm32cube.ide.mcu.externaltools.gnu-tools-for-stm32.10.3-2021.10.win32_1.0.0.202111181127/tools/bin/../lib/gcc/arm-none-eabi/10.3.1/../../../../arm-none-eabi/lib/thumb/v7e-m+fp/hard\libc_nano.a(lib_a-nano-reallocr.o)
                0x000000000800df60                _realloc_r
 .text.__ssputs_r
                0x000000000800dfbe       0xb6 c:/stmicroelectronics_cube_ide/stm32cubeide_1.10.1/stm32cubeide/plugins/com.st.stm32cube.ide.mcu.externaltools.gnu-tools-for-stm32.10.3-2021.10.win32_1.0.0.202111181127/tools/bin/../lib/gcc/arm-none-eabi/10.3.1/../../../../arm-none-eabi/lib/thumb/v7e-m+fp/hard\libc_nano.a(lib_a-nano-svfprintf.o)
                0x000000000800dfbe                __ssputs_r
 .text._svfprintf_r
                0x000000000800e074      0x200 c:/stmicroelectronics_cube_ide/stm32cubeide_1.10.1/stm32cubeide/plugins/com.st.stm32cube.ide.mcu.externaltools.gnu-tools-for-stm32.10.3-2021.10.win32_1.0.0.202111181127/tools/bin/../lib/gcc/arm-none-eabi/10.3.1/../../../../arm-none-eabi/lib/thumb/v7e-m+fp/hard\libc_nano.a(lib_a-nano-svfprintf.o)
                0x000000000800e074                _svfiprintf_r
                0x000000000800e074                _svfprintf_r
 .text._sungetc_r
                0x000000000800e274       0x7a c:/stmicroelectronics_cube_ide/stm32cubeide_1.10.1/stm32cubeide/plugins/com.st.stm32cube.ide.mcu.externaltools.gnu-tools-for-stm32.10.3-2021.10.win32_1.0.0.202111181127/tools/bin/../lib/gcc/arm-none-eabi/10.3.1/../../../../arm-none-eabi/lib/thumb/v7e-m+fp/hard\libc_nano.a(lib_a-nano-svfscanf.o)
                0x000000000800e274                _sungetc_r
 .text.__ssrefill_r
                0x000000000800e2ee       0x3a c:/stmicroelectronics_cube_ide/stm32cubeide_1.10.1/stm32cubeide/plugins/com.st.stm32cube.ide.mcu.externaltools.gnu-tools-for-stm32.10.3-2021.10.win32_1.0.0.202111181127/tools/bin/../lib/gcc/arm-none-eabi/10.3.1/../../../../arm-none-eabi/lib/thumb/v7e-m+fp/hard\libc_nano.a(lib_a-nano-svfscanf.o)
                0x000000000800e2ee                __ssrefill_r
 .text.__ssvfscanf_r
                0x000000000800e328      0x2f0 c:/stmicroelectronics_cube_ide/stm32cubeide_1.10.1/stm32cubeide/plugins/com.st.stm32cube.ide.mcu.externaltools.gnu-tools-for-stm32.10.3-2021.10.win32_1.0.0.202111181127/tools/bin/../lib/gcc/arm-none-eabi/10.3.1/../../../../arm-none-eabi/lib/thumb/v7e-m+fp/hard\libc_nano.a(lib_a-nano-svfscanf.o)
                0x000000000800e328                __ssvfiscanf_r
                0x000000000800e328                __ssvfscanf_r
 .text._scanf_chars
                0x000000000800e618       0xb4 c:/stmicroelectronics_cube_ide/stm32cubeide_1.10.1/stm32cubeide/plugins/com.st.stm32cube.ide.mcu.externaltools.gnu-tools-for-stm32.10.3-2021.10.win32_1.0.0.202111181127/tools/bin/../lib/gcc/arm-none-eabi/10.3.1/../../../../arm-none-eabi/lib/thumb/v7e-m+fp/hard\libc_nano.a(lib_a-nano-vfscanf_i.o)
                0x000000000800e618                _scanf_chars
 .text._scanf_i
                0x000000000800e6cc      0x1f0 c:/stmicroelectronics_cube_ide/stm32cubeide_1.10.1/stm32cubeide/plugins/com.st.stm32cube.ide.mcu.externaltools.gnu-tools-for-stm32.10.3-2021.10.win32_1.0.0.202111181127/tools/bin/../lib/gcc/arm-none-eabi/10.3.1/../../../../arm-none-eabi/lib/thumb/v7e-m+fp/hard\libc_nano.a(lib_a-nano-vfscanf_i.o)
                0x000000000800e6cc                _scanf_i