Archive member included to satisfy reference by file (symbol)

c:/stmicroelectronics_cube_ide/stm32cubeide_1.10.1/stm32cubeide/plugins/com.st.stm32cube.ide.mcu.externaltools.gnu-tools-for-stm32.10.3-2021.10.win32_1.0.0.202111181127/tools/bin/../lib/gcc/arm-none-eabi/10.3.1/../../../../arm-none-eabi/lib/thumb/v7e-m+fp/hard\libc_nano.a(lib_a-errno.o)
                              ./Core/Src/syscalls.o (__errno)
c:/stmicroelectronics_cube_ide/stm32cubeide_1.10.1/stm32cubeide/plugins/com.st.stm32cube.ide.mcu.externaltools.gnu-tools-for-stm32.10.3-2021.10.win32_1.0.0.202111181127/tools/bin/../lib/gcc/arm-none-eabi/10.3.1/../../../../arm-none-eabi/lib/thumb/v7e-m+fp/hard\libc_nano.a(lib_a-exit.o)
                              c:/stmicroelectronics_cube_ide/stm32cubeide_1.10.1/stm32cubeide/plugins/com.st.stm32cube.ide.mcu.externaltools.gnu-tools-for-stm32.10.3-2021.10.win32_1.0.0.202111181127/tools/bin/../lib/gcc/arm-none-eabi/10.3.1/../../../../arm-none-eabi/lib/thumb/v7e-m+fp/hard/crt0.o (exit)
c:/stmicroelectronics_cube_ide/stm32cubeide_1.10.1/stm32cubeide/plugins/com.st.stm32cube.ide.mcu.externaltools.gnu-tools-for-stm32.10.3-2021.10.win32_1.0.0.202111181127/tools/bin/../lib/gcc/arm-none-eabi/10.3.1/../../../../arm-none-eabi/lib/thumb/v7e-m+fp/hard\libc_nano.a(lib_a-findfp.o)
                              ./Middlewares/Third_Party/FreeRTOS/Source/tasks.o (__sf_fake_stderr)
c:/stmicroelectronics_cube_ide/stm32cubeide_1.10.1/stm32cubeide/plugins/com.st.stm32cube.ide.mcu.externaltools.gnu-tools-for-stm32.10.3-2021.10.win32_1.0.0.202111181127/tools/bin/../lib/gcc/arm-none-eabi/10.3.1/../../../../arm-none-eabi/lib/thumb/v7e-m+fp/hard\libc_nano.a(lib_a-fwalk.o)
                              c:/stmicroelectronics_cube_ide/stm32cubeide_1.10.1/stm32cubeide/plugins/com.st.stm32cube.ide.mcu.externaltools.gnu-tools-for-stm32.10.3-2021.10.win32_1.0.0.202111181127/tools/bin/../lib/gcc/arm-none-eabi/10.3.1/../../../../arm-none-eabi/lib/thumb/v7e-m+fp/hard\libc_nano.a(lib_a-findfp.o) (_fwalk)
c:/stmicroelectronics_cube_ide/stm32cubeide_1.10.1/stm32cubeide/plugins/com.st.stm32cube.ide.mcu.externaltools.gnu-tools-for-stm32.10.3-2021.10.win32_1.0.0.202111181127/tools/bin/../lib/gcc/arm-none-eabi/10.3.1/../../../../arm-none-eabi/lib/thumb/v7e-m+fp/hard\libc_nano.a(lib_a-impure.o)
                              c:/stmicroelectronics_cube_ide/stm32cubeide_1.10.1/stm32cubeide/plugins/com.st.stm32cube.ide.mcu.externaltools.gnu-tools-for-stm32.10.3-2021.10.win32_1.0.0.202111181127/tools/bin/../lib/gcc/arm-none-eabi/10.3.1/../../../../arm-none-eabi/lib/thumb/v7e-m+fp/hard\libc_nano.a(lib_a-exit.o) (_global_impure_ptr)
c:/stmicroelectronics_cube_ide/stm32cubeide_1.10.1/stm32cubeide/plugins/com.st.stm32cube.ide.mcu.externaltools.gnu-tools-for-stm32.10.3-2021.10.win32_1.0.0.202111181127/tools/bin/../lib/gcc/arm-none-eabi/10.3.1/../../../../arm-none-eabi/lib/thumb/v7e-m+fp/hard\libc_nano.a(lib_a-init.o)
                              c:/stmicroelectronics_cube_ide/stm32cubeide_1.10.1/stm32cubeide/plugins/com.st.stm32cube.ide.mcu.externaltools.gnu-tools-for-stm32.10.3-2021.10.win32_1.0.0.202111181127/tools/bin/../lib/gcc/arm-none-eabi/10.3.1/../../../../arm-none-eabi/lib/thumb/v7e-m+fp/hard/crt0.o (__libc_init_array)
c:/stmicroelectronics_cube_ide/stm32cubeide_1.10.1/stm32cubeide/plugins/com.st.stm32cube.ide.mcu.externaltools.gnu-tools-for-stm32.10.3-2021.10.win32_1.0.0.202111181127/tools/bin/../lib/gcc/arm-none-eabi/10.3.1/../../../../arm-none-eabi/lib/thumb/v7e-m+fp/hard\libc_nano.a(lib_a-lock.o)
                              c:/stmicroelectronics_cube_ide/stm32cubeide_1.10.1/stm32cubeide/plugins/com.st.stm32cube.ide.mcu.externaltools.gnu-tools-for-stm32.10.3-2021.10.win32_1.0.0.202111181127/tools/bin/../lib/gcc/arm-none-eabi/10.3.1/../../../../arm-none-eabi/lib/thumb/v7e-m+fp/hard\libc_nano.a(lib_a-findfp.o) (__retarget_lock_init_recursive)
c:/stmicroelectronics_cube_ide/stm32cubeide_1.10.1/stm32cubeide/plugins/com.st.stm32cube.ide.mcu.externaltools.gnu-tools-for-stm32.10.3-2021.10.win32_1.0.0.202111181127/tools/bin/../lib/gcc/arm-none-eabi/10.3.1/../../../../arm-none-eabi/lib/thumb/v7e-m+fp/hard\libc_nano.a(lib_a-memcpy-stub.o)
                              ./Middlewares/Third_Party/FreeRTOS/Source/CMSIS_RTOS_V2/cmsis_os2.o (memcpy)
c:/stmicroelectronics_cube_ide/stm32cubeide_1.10.1/stm32cubeide/plugins/com.st.stm32cube.ide.mcu.externaltools.gnu-tools-for-stm32.10.3-2021.10.win32_1.0.0.202111181127/tools/bin/../lib/gcc/arm-none-eabi/10.3.1/../../../../arm-none-eabi/lib/thumb/v7e-m+fp/hard\libc_nano.a(lib_a-memset.o)
                              c:/stmicroelectronics_cube_ide/stm32cubeide_1.10.1/stm32cubeide/plugins/com.st.stm32cube.ide.mcu.externaltools.gnu-tools-for-stm32.10.3-2021.10.win32_1.0.0.202111181127/tools/bin/../lib/gcc/arm-none-eabi/10.3.1/../../../../arm-none-eabi/lib/thumb/v7e-m+fp/hard/crt0.o (memset)
[...]
Memory Configuration

Name             Origin             Length             Attributes
RAM              0x0000000020000000 0x0000000000010000 xrw
FLASH            0x0000000008000000 0x0000000000040000 xr
*default*        0x0000000000000000 0xffffffffffffffff

Linker script and memory map

LOAD c:/stmicroelectronics_cube_ide/stm32cubeide_1.10.1/stm32cubeide/plugins/com.st.stm32cube.ide.mcu.externaltools.gnu-tools-for-stm32.10.3-2021.10.win32_1.0.0.202111181127/tools/bin/../lib/gcc/arm-none-eabi/10.3.1/thumb/v7e-m+fp/hard/crti.o
LOAD c:/stmicroelectronics_cube_ide/stm32cubeide_1.10.1/stm32cubeide/plugins/com.st.stm32cube.ide.mcu.externaltools.gnu-tools-for-stm32.10.3-2021.10.win32_1.0.0.202111181127/tools/bin/../lib/gcc/arm-none-eabi/10.3.1/thumb/v7e-m+fp/hard/crtbegin.o
LOAD c:/stmicroelectronics_cube_ide/stm32cubeide_1.10.1/stm32cubeide/plugins/com.st.stm32cube.ide.mcu.externaltools.gnu-tools-for-stm32.10.3-2021.10.win32_1.0.0.202111181127/tools/bin/../lib/gcc/arm-none-eabi/10.3.1/../../../../arm-none-eabi/lib/thumb/v7e-m+fp/hard/crt0.o
LOAD ./Core/Src/baro.o
LOAD ./Core/Src/font.o
LOAD ./Core/Src/freertos.o
LOAD ./Core/Src/lcd.o
LOAD ./Core/Src/main.o
LOAD ./Core/Src/stm32f4xx_hal_msp.o
LOAD ./Core/Src/stm32f4xx_it.o
LOAD ./Core/Src/syscalls.o
LOAD ./Core/Src/sysmem.o
LOAD ./Core/Src/system_stm32f4xx.o
LOAD ./Core/Startup/startup_stm32f401ccux.o
LOAD ./Drivers/STM32F4xx_HAL_Driver/Src/stm32f4xx_hal.o
LOAD ./Drivers/STM32F4xx_HAL_Driver/Src/stm32f4xx_hal_adc.o
LOAD ./Drivers/STM32F4xx_HAL_Driver/Src/stm32f4xx_hal_adc_ex.o
LOAD ./Drivers/STM32F4xx_HAL_Driver/Src/stm32f4xx_hal_cortex.o
LOAD ./Drivers/STM32F4xx_HAL_Driver/Src/stm32f4xx_hal_dma.o
LOAD ./Drivers/STM32F4xx_HAL_Driver/Src/stm32f4xx_hal_dma_ex.o
LOAD ./Drivers/STM32F4xx_HAL_Driver/Src/stm32f4xx_hal_exti.o
LOAD ./Drivers/STM32F4xx_HAL_Driver/Src/stm32f4xx_hal_flash.o
LOAD ./Drivers/STM32F4xx_HAL_Driver/Src/stm32f4xx_hal_flash_ex.o
LOAD ./Drivers/STM32F4xx_HAL_Driver/Src/stm32f4xx_hal_flash_ramfunc.o
LOAD ./Drivers/STM32F4xx_HAL_Driver/Src/stm32f4xx_hal_gpio.o
LOAD ./Drivers/STM32F4xx_HAL_Driver/Src/stm32f4xx_hal_i2c.o
LOAD ./Drivers/STM32F4xx_HAL_Driver/Src/stm32f4xx_hal_i2c_ex.o
LOAD ./Drivers/STM32F4xx_HAL_Driver/Src/stm32f4xx_hal_pwr.o
LOAD ./Drivers/STM32F4xx_HAL_Driver/Src/stm32f4xx_hal_pwr_ex.o
LOAD ./Drivers/STM32F4xx_HAL_Driver/Src/stm32f4xx_hal_rcc.o
LOAD ./Drivers/STM32F4xx_HAL_Driver/Src/stm32f4xx_hal_rcc_ex.o
LOAD ./Drivers/STM32F4xx_HAL_Driver/Src/stm32f4xx_hal_spi.o
LOAD ./Drivers/STM32F4xx_HAL_Driver/Src/stm32f4xx_hal_tim.o
LOAD ./Drivers/STM32F4xx_HAL_Driver/Src/stm32f4xx_hal_tim_ex.o
LOAD ./Drivers/STM32F4xx_HAL_Driver/Src/stm32f4xx_hal_uart.o
LOAD ./Drivers/STM32F4xx_HAL_Driver/Src/stm32f4xx_ll_adc.o
LOAD ./Middlewares/Third_Party/FreeRTOS/Source/CMSIS_RTOS_V2/cmsis_os2.o
LOAD ./Middlewares/Third_Party/FreeRTOS/Source/croutine.o
LOAD ./Middlewares/Third_Party/FreeRTOS/Source/event_groups.o
LOAD ./Middlewares/Third_Party/FreeRTOS/Source/list.o
LOAD ./Middlewares/Third_Party/FreeRTOS/Source/queue.o
LOAD ./Middlewares/Third_Party/FreeRTOS/Source/stream_buffer.o
LOAD ./Middlewares/Third_Party/FreeRTOS/Source/tasks.o
LOAD ./Middlewares/Third_Party/FreeRTOS/Source/timers.o
LOAD ./Middlewares/Third_Party/FreeRTOS/Source/portable/GCC/ARM_CM4F/port.o
LOAD ./Middlewares/Third_Party/FreeRTOS/Source/portable/MemMang/heap_4.o
START GROUP
LOAD c:/stmicroelectronics_cube_ide/stm32cubeide_1.10.1/stm32cubeide/plugins/com.st.stm32cube.ide.mcu.externaltools.gnu-tools-for-stm32.10.3-2021.10.win32_1.0.0.202111181127/tools/bin/../lib/gcc/arm-none-eabi/10.3.1/../../../../arm-none-eabi/lib/thumb/v7e-m+fp/hard\libc_nano.a
LOAD c:/stmicroelectronics_cube_ide/stm32cubeide_1.10.1/stm32cubeide/plugins/com.st.stm32cube.ide.mcu.externaltools.gnu-tools-for-stm32.10.3-2021.10.win32_1.0.0.202111181127/tools/bin/../lib/gcc/arm-none-eabi/10.3.1/../../../../arm-none-eabi/lib/thumb/v7e-m+fp/hard\libm.a
END GROUP
START GROUP
LOAD c:/stmicroelectronics_cube_ide/stm32cubeide_1.10.1/stm32cubeide/plugins/com.st.stm32cube.ide.mcu.externaltools.gnu-tools-for-stm32.10.3-2021.10.win32_1.0.0.202111181127/tools/bin/../lib/gcc/arm-none-eabi/10.3.1/thumb/v7e-m+fp/hard\libgcc.a
LOAD c:/stmicroelectronics_cube_ide/stm32cubeide_1.10.1/stm32cubeide/plugins/com.st.stm32cube.ide.mcu.externaltools.gnu-tools-for-stm32.10.3-2021.10.win32_1.0.0.202111181127/tools/bin/../lib/gcc/arm-none-eabi/10.3.1/../../../../arm-none-eabi/lib/thumb/v7e-m+fp/hard\libc_nano.a
END GROUP
START GROUP
LOAD c:/stmicroelectronics_cube_ide/stm32cubeide_1.10.1/stm32cubeide/plugins/com.st.stm32cube.ide.mcu.externaltools.gnu-tools-for-stm32.10.3-2021.10.win32_1.0.0.202111181127/tools/bin/../lib/gcc/arm-none-eabi/10.3.1/thumb/v7e-m+fp/hard\libgcc.a
LOAD c:/stmicroelectronics_cube_ide/stm32cubeide_1.10.1/stm32cubeide/plugins/com.st.stm32cube.ide.mcu.externaltools.gnu-tools-for-stm32.10.3-2021.10.win32_1.0.0.202111181127/tools/bin/../lib/gcc/arm-none-eabi/10.3.1/../../../../arm-none-eabi/lib/thumb/v7e-m+fp/hard\libc_nano.a
LOAD c:/stmicroelectronics_cube_ide/stm32cubeide_1.10.1/stm32cubeide/plugins/com.st.stm32cube.ide.mcu.externaltools.gnu-tools-for-stm32.10.3-2021.10.win32_1.0.0.202111181127/tools/bin/../lib/gcc/arm-none-eabi/10.3.1/../../../../arm-none-eabi/lib/thumb/v7e-m+fp/hard\libnosys.a
END GROUP
START GROUP
LOAD c:/stmicroelectronics_cube_ide/stm32cubeide_1.10.1/stm32cubeide/plugins/com.st.stm32cube.ide.mcu.externaltools.gnu-tools-for-stm32.10.3-2021.10.win32_1.0.0.202111181127/tools/bin/../lib/gcc/arm-none-eabi/10.3.1/thumb/v7e-m+fp/hard\libgcc.a
LOAD c:/stmicroelectronics_cube_ide/stm32cubeide_1.10.1/stm32cubeide/plugins/com.st.stm32cube.ide.mcu.externaltools.gnu-tools-for-stm32.10.3-2021.10.win32_1.0.0.202111181127/tools/bin/../lib/gcc/arm-none-eabi/10.3.1/../../../../arm-none-eabi/lib/thumb/v7e-m+fp/hard\libc_nano.a
LOAD c:/stmicroelectronics_cube_ide/stm32cubeide_1.10.1/stm32cubeide/plugins/com.st.stm32cube.ide.mcu.externaltools.gnu-tools-for-stm32.10.3-2021.10.win32_1.0.0.202111181127/tools/bin/../lib/gcc/arm-none-eabi/10.3.1/../../../../arm-none-eabi/lib/thumb/v7e-m+fp/hard\libnosys.a
END GROUP
LOAD c:/stmicroelectronics_cube_ide/stm32cubeide_1.10.1/stm32cubeide/plugins/com.st.stm32cube.ide.mcu.externaltools.gnu-tools-for-stm32.10.3-2021.10.win32_1.0.0.202111181127/tools/bin/../lib/gcc/arm-none-eabi/10.3.1/thumb/v7e-m+fp/hard/crtend.o
LOAD c:/stmicroelectronics_cube_ide/stm32cubeide_1.10.1/stm32cubeide/plugins/com.st.stm32cube.ide.mcu.externaltools.gnu-tools-for-stm32.10.3-2021.10.win32_1.0.0.202111181127/tools/bin/../lib/gcc/arm-none-eabi/10.3.1/thumb/v7e-m+fp/hard/crtn.o
                0x0000000020010000                _estack = (ORIGIN (RAM) + LENGTH (RAM))
                0x0000000000000200                _Min_Heap_Size = 0x200
                0x0000000000000400                _Min_Stack_Size = 0x400

.isr_vector     0x0000000008000000      0x194
                0x0000000008000000                . = ALIGN (0x4)
 *(.isr_vector)
 .isr_vector    0x0000000008000000      0x194 ./Core/Startup/startup_stm32f401ccux.o
                0x0000000008000000                g_pfnVectors
                0x0000000008000194                . = ALIGN (0x4)

.text           0x00000000080001a0     0x9494
                0x00000000080001a0                . = ALIGN (0x4)
 *(.text)
 .text          0x00000000080001a0       0x40 c:/stmicroelectronics_cube_ide/stm32cubeide_1.10.1/stm32cubeide/plugins/com.st.stm32cube.ide.mcu.externaltools.gnu-tools-for-stm32.10.3-2021.10.win32_1.0.0.202111181127/tools/bin/../lib/gcc/arm-none-eabi/10.3.1/thumb/v7e-m+fp/hard/crtbegin.o
 .text          0x00000000080001e0       0xa0 c:/stmicroelectronics_cube_ide/stm32cubeide_1.10.1/stm32cubeide/plugins/com.st.stm32cube.ide.mcu.externaltools.gnu-tools-for-stm32.10.3-2021.10.win32_1.0.0.202111181127/tools/bin/../lib/gcc/arm-none-eabi/10.3.1/../../../../arm-none-eabi/lib/thumb/v7e-m+fp/hard\libc_nano.a(lib_a-memchr.o)
                0x00000000080001e0                memchr
 .text          0x0000000008000280       0x30 c:/stmicroelectronics_cube_ide/stm32cubeide_1.10.1/stm32cubeide/plugins/com.st.stm32cube.ide.mcu.externaltools.gnu-tools-for-stm32.10.3-2021.10.win32_1.0.0.202111181127/tools/bin/../lib/gcc/arm-none-eabi/10.3.1/thumb/v7e-m+fp/hard\libgcc.a(_aeabi_uldivmod.o)
                0x0000000008000280                __aeabi_uldivmod
 .text          0x00000000080002b0      0x2d0 c:/stmicroelectronics_cube_ide/stm32cubeide_1.10.1/stm32cubeide/plugins/com.st.stm32cube.ide.mcu.externaltools.gnu-tools-for-stm32.10.3-2021.10.win32_1.0.0.202111181127/tools/bin/../lib/gcc/arm-none-eabi/10.3.1/thumb/v7e-m+fp/hard\libgcc.a(_udivmoddi4.o)
                0x00000000080002b0                __udivmoddi4
 .text          0x0000000008000580        0x4 c:/stmicroelectronics_cube_ide/stm32cubeide_1.10.1/stm32cubeide/plugins/com.st.stm32cube.ide.mcu.externaltools.gnu-tools-for-stm32.10.3-2021.10.win32_1.0.0.202111181127/tools/bin/../lib/gcc/arm-none-eabi/10.3.1/thumb/v7e-m+fp/hard\libgcc.a(_dvmd_tls.o)
                0x0000000008000580                __aeabi_idiv0
                0x0000000008000580                __aeabi_ldiv0
 *(.text*)
 .text.lcd_start_write
                0x0000000008000584       0x18 ./Core/Src/lcd.o
 .text.lcd_end_write
                0x000000000800059c       0x18 ./Core/Src/lcd.o
 .text.lcd_start_command
                0x00000000080005b4       0x18 ./Core/Src/lcd.o
 .text.lcd_start_data
                0x00000000080005cc       0x18 ./Core/Src/lcd.o
 .text.lcd_spi_send_com
                0x00000000080005e4       0x34 ./Core/Src/lcd.o
 .text.lcd_spi_send_data
                0x0000000008000618       0x3c ./Core/Src/lcd.o
 .text.lcd_set_window
                0x0000000008000654       0xcc ./Core/Src/lcd.o
 .text.lcd_init
                0x0000000008000720       0xdc ./Core/Src/lcd.o
                0x0000000008000720                lcd_init
 .text.lcd_set_rotation
                0x00000000080007fc      0x108 ./Core/Src/lcd.o
                0x00000000080007fc                lcd_set_rotation
 .text.lcd_vline
                0x0000000008000904       0x64 ./Core/Src/lcd.o
                0x0000000008000904                lcd_vline
 .text.lcd_fill_circle
                0x0000000008000968      0x15e ./Core/Src/lcd.o
                0x0000000008000968                lcd_fill_circle
 *fill*         0x0000000008000ac6        0x2 
 .text.__io_getchar
                0x0000000008000ac8       0x7c ./Core/Src/main.o
                0x0000000008000ac8                __io_getchar
 .text.__io_putchar
                0x0000000008000b44       0x24 ./Core/Src/main.o
                0x0000000008000b44                __io_putchar
 .text.main     0x0000000008000b68      0x140 ./Core/Src/main.o
                0x0000000008000b68                main
 .text.SystemClock_Config
                0x0000000008000ca8       0xd4 ./Core/Src/main.o
                0x0000000008000ca8                SystemClock_Config
 .text.MX_ADC1_Init
                0x0000000008000d7c       0xa4 ./Core/Src/main.o
 .text.MX_I2C1_Init
                0x0000000008000e20       0x5c ./Core/Src/main.o
 .text.MX_SPI1_Init
                0x0000000008000e7c       0x6c ./Core/Src/main.o
 .text.MX_TIM3_Init
                0x0000000008000ee8       0x9c ./Core/Src/main.o
 .text.MX_USART1_UART_Init
                0x0000000008000f84       0x54 ./Core/Src/main.o
 .text.MX_DMA_Init
                0x0000000008000fd8       0x40 ./Core/Src/main.o
 .text.MX_GPIO_Init
                0x0000000008001018      0x114 ./Core/Src/main.o
 .text.HAL_GPIO_EXTI_Callback
                0x000000000800112c       0x16 ./Core/Src/main.o
                0x000000000800112c                HAL_GPIO_EXTI_Callback
 *fill*         0x0000000008001142        0x2 
 .text.start_task_take_raw_s
                0x0000000008001144       0x68 ./Core/Src/main.o
                0x0000000008001144                start_task_take_raw_s
 .text.start_task_showing
                0x00000000080011ac       0x10 ./Core/Src/main.o
                0x00000000080011ac                start_task_showing
 .text.Error_Handler
                0x00000000080011bc        0xa ./Core/Src/main.o
                0x00000000080011bc                Error_Handler
 *fill*         0x00000000080011c6        0x2 
 .text.HAL_MspInit
                0x00000000080011c8       0x58 ./Core/Src/stm32f4xx_hal_msp.o
                0x00000000080011c8                HAL_MspInit
 .text.HAL_ADC_MspInit
                0x0000000008001220       0x88 ./Core/Src/stm32f4xx_hal_msp.o
                0x0000000008001220                HAL_ADC_MspInit
 .text.HAL_I2C_MspInit
                0x00000000080012a8       0x90 ./Core/Src/stm32f4xx_hal_msp.o
                0x00000000080012a8                HAL_I2C_MspInit
 .text.HAL_SPI_MspInit
                0x0000000008001338       0x90 ./Core/Src/stm32f4xx_hal_msp.o
                0x0000000008001338                HAL_SPI_MspInit
 .text.HAL_TIM_Base_MspInit
                0x00000000080013c8       0x50 ./Core/Src/stm32f4xx_hal_msp.o
                0x00000000080013c8                HAL_TIM_Base_MspInit
 .text.HAL_UART_MspInit
                0x0000000008001418       0xf4 ./Core/Src/stm32f4xx_hal_msp.o
                0x0000000008001418                HAL_UART_MspInit
 .text.NMI_Handler
                0x000000000800150c        0x6 ./Core/Src/stm32f4xx_it.o
                0x000000000800150c                NMI_Handler
 .text.HardFault_Handler
                0x0000000008001512        0x6 ./Core/Src/stm32f4xx_it.o
                0x0000000008001512                HardFault_Handler
 .text.MemManage_Handler
                0x0000000008001518        0x6 ./Core/Src/stm32f4xx_it.o
                0x0000000008001518                MemManage_Handler
 .text.BusFault_Handler
                0x000000000800151e        0x6 ./Core/Src/stm32f4xx_it.o
                0x000000000800151e                BusFault_Handler
 .text.UsageFault_Handler
                0x0000000008001524        0x6 ./Core/Src/stm32f4xx_it.o
                0x0000000008001524                UsageFault_Handler
 .text.DebugMon_Handler
                0x000000000800152a        0xe ./Core/Src/stm32f4xx_it.o
                0x000000000800152a                DebugMon_Handler
 .text.SysTick_Handler
                0x0000000008001538       0x1a ./Core/Src/stm32f4xx_it.o
                0x0000000008001538                SysTick_Handler
 .text.EXTI9_5_IRQHandler
                0x0000000008001552        0xe ./Core/Src/stm32f4xx_it.o
                0x0000000008001552                EXTI9_5_IRQHandler
 .text.TIM3_IRQHandler
                0x0000000008001560       0x14 ./Core/Src/stm32f4xx_it.o
                0x0000000008001560                TIM3_IRQHandler
 .text.DMA2_Stream2_IRQHandler
                0x0000000008001574       0x14 ./Core/Src/stm32f4xx_it.o
                0x0000000008001574                DMA2_Stream2_IRQHandler
 .text._read    0x0000000008001588       0x3a ./Core/Src/syscalls.o
                0x0000000008001588                _read
 .text._write   0x00000000080015c2       0x38 ./Core/Src/syscalls.o
                0x00000000080015c2                _write
 .text._close   0x00000000080015fa       0x18 ./Core/Src/syscalls.o
                0x00000000080015fa                _close
 .text._fstat   0x0000000008001612       0x20 ./Core/Src/syscalls.o
                0x0000000008001612                _fstat
 .text._isatty  0x0000000008001632       0x16 ./Core/Src/syscalls.o
                0x0000000008001632                _isatty
 .text._lseek   0x0000000008001648       0x1a ./Core/Src/syscalls.o
                0x0000000008001648                _lseek
 *fill*         0x0000000008001662        0x2 
 .text._sbrk    0x0000000008001664       0x6c ./Core/Src/sysmem.o
                0x0000000008001664                _sbrk
 .text.SystemInit
                0x00000000080016d0       0x24 ./Core/Src/system_stm32f4xx.o
                0x00000000080016d0                SystemInit
 .text.Reset_Handler
                0x00000000080016f4       0x50 ./Core/Startup/startup_stm32f401ccux.o
                0x00000000080016f4                Reset_Handler
 .text.Default_Handler
                0x0000000008001744        0x2 ./Core/Startup/startup_stm32f401ccux.o
                0x0000000008001744                RTC_Alarm_IRQHandler
                0x0000000008001744                EXTI2_IRQHandler
                0x0000000008001744                SPI4_IRQHandler
                0x0000000008001744                TIM1_CC_IRQHandler
                0x0000000008001744                DMA2_Stream5_IRQHandler
                0x0000000008001744                DMA1_Stream5_IRQHandler
                0x0000000008001744                PVD_IRQHandler
                0x0000000008001744                SDIO_IRQHandler
                0x0000000008001744                TAMP_STAMP_IRQHandler
                0x0000000008001744                EXTI3_IRQHandler
                0x0000000008001744                TIM1_UP_TIM10_IRQHandler
                0x0000000008001744                I2C3_ER_IRQHandler
                0x0000000008001744                EXTI0_IRQHandler
                0x0000000008001744                I2C2_EV_IRQHandler
                0x0000000008001744                DMA1_Stream2_IRQHandler
                0x0000000008001744                FPU_IRQHandler
                0x0000000008001744                SPI1_IRQHandler
                0x0000000008001744                TIM1_BRK_TIM9_IRQHandler
                0x0000000008001744                DMA2_Stream3_IRQHandler
                0x0000000008001744                USART6_IRQHandler
                0x0000000008001744                DMA2_Stream0_IRQHandler
                0x0000000008001744                TIM4_IRQHandler
                0x0000000008001744                I2C1_EV_IRQHandler
                0x0000000008001744                DMA1_Stream6_IRQHandler
                0x0000000008001744                DMA1_Stream1_IRQHandler
                0x0000000008001744                RCC_IRQHandler
                0x0000000008001744                Default_Handler
                0x0000000008001744                EXTI15_10_IRQHandler
                0x0000000008001744                ADC_IRQHandler
                0x0000000008001744                DMA1_Stream7_IRQHandler
                0x0000000008001744                TIM5_IRQHandler
                0x0000000008001744                DMA2_Stream7_IRQHandler
                0x0000000008001744                I2C3_EV_IRQHandler
                0x0000000008001744                RTC_WKUP_IRQHandler
                0x0000000008001744                SPI2_IRQHandler
                0x0000000008001744                DMA1_Stream0_IRQHandler
                0x0000000008001744                EXTI4_IRQHandler
                0x0000000008001744                WWDG_IRQHandler
                0x0000000008001744                TIM2_IRQHandler
                0x0000000008001744                OTG_FS_WKUP_IRQHandler
                0x0000000008001744                TIM1_TRG_COM_TIM11_IRQHandler
                0x0000000008001744                EXTI1_IRQHandler
                0x0000000008001744                USART2_IRQHandler
                0x0000000008001744                I2C2_ER_IRQHandler
                0x0000000008001744                DMA2_Stream1_IRQHandler
                0x0000000008001744                FLASH_IRQHandler
                0x0000000008001744                DMA2_Stream4_IRQHandler
                0x0000000008001744                USART1_IRQHandler
                0x0000000008001744                OTG_FS_IRQHandler
                0x0000000008001744                SPI3_IRQHandler
                0x0000000008001744                DMA1_Stream4_IRQHandler
                0x0000000008001744                I2C1_ER_IRQHandler
                0x0000000008001744                DMA2_Stream6_IRQHandler
                0x0000000008001744                DMA1_Stream3_IRQHandler
 *fill*         0x0000000008001746        0x2 
 .text.HAL_Init
                0x0000000008001748       0x44 ./Drivers/STM32F4xx_HAL_Driver/Src/stm32f4xx_hal.o
                0x0000000008001748                HAL_Init
 .text.HAL_InitTick
                0x000000000800178c       0x60 ./Drivers/STM32F4xx_HAL_Driver/Src/stm32f4xx_hal.o
                0x000000000800178c                HAL_InitTick
 .text.HAL_IncTick
                0x00000000080017ec       0x28 ./Drivers/STM32F4xx_HAL_Driver/Src/stm32f4xx_hal.o
                0x00000000080017ec                HAL_IncTick
 .text.HAL_GetTick
                0x0000000008001814       0x18 ./Drivers/STM32F4xx_HAL_Driver/Src/stm32f4xx_hal.o
                0x0000000008001814                HAL_GetTick
 .text.HAL_ADC_Init
                0x000000000800182c       0x86 ./Drivers/STM32F4xx_HAL_Driver/Src/stm32f4xx_hal_adc.o
                0x000000000800182c                HAL_ADC_Init
 *fill*         0x00000000080018b2        0x2 
 .text.HAL_ADC_ConfigChannel
                0x00000000080018b4      0x244 ./Drivers/STM32F4xx_HAL_Driver/Src/stm32f4xx_hal_adc.o
                0x00000000080018b4                HAL_ADC_ConfigChannel
 .text.ADC_Init
                0x0000000008001af8      0x1f8 ./Drivers/STM32F4xx_HAL_Driver/Src/stm32f4xx_hal_adc.o
 .text.__NVIC_SetPriorityGrouping
                0x0000000008001cf0       0x48 ./Drivers/STM32F4xx_HAL_Driver/Src/stm32f4xx_hal_cortex.o
 .text.__NVIC_GetPriorityGrouping
                0x0000000008001d38       0x1c ./Drivers/STM32F4xx_HAL_Driver/Src/stm32f4xx_hal_cortex.o
 .text.__NVIC_EnableIRQ
                0x0000000008001d54       0x3c ./Drivers/STM32F4xx_HAL_Driver/Src/stm32f4xx_hal_cortex.o
 .text.__NVIC_SetPriority
                0x0000000008001d90       0x54 ./Drivers/STM32F4xx_HAL_Driver/Src/stm32f4xx_hal_cortex.o
 .text.NVIC_EncodePriority
                0x0000000008001de4       0x66 ./Drivers/STM32F4xx_HAL_Driver/Src/stm32f4xx_hal_cortex.o
 *fill*         0x0000000008001e4a        0x2 
 .text.SysTick_Config
                0x0000000008001e4c       0x44 ./Drivers/STM32F4xx_HAL_Driver/Src/stm32f4xx_hal_cortex.o
 .text.HAL_NVIC_SetPriorityGrouping
                0x0000000008001e90       0x16 ./Drivers/STM32F4xx_HAL_Driver/Src/stm32f4xx_hal_cortex.o
                0x0000000008001e90                HAL_NVIC_SetPriorityGrouping
 .text.HAL_NVIC_SetPriority
                0x0000000008001ea6       0x38 ./Drivers/STM32F4xx_HAL_Driver/Src/stm32f4xx_hal_cortex.o
                0x0000000008001ea6                HAL_NVIC_SetPriority
 .text.HAL_NVIC_EnableIRQ
                0x0000000008001ede       0x1c ./Drivers/STM32F4xx_HAL_Driver/Src/stm32f4xx_hal_cortex.o
                0x0000000008001ede                HAL_NVIC_EnableIRQ
 .text.HAL_SYSTICK_Config
                0x0000000008001efa       0x18 ./Drivers/STM32F4xx_HAL_Driver/Src/stm32f4xx_hal_cortex.o
                0x0000000008001efa                HAL_SYSTICK_Config
 *fill*         0x0000000008001f12        0x2 
 .text.HAL_DMA_Init
                0x0000000008001f14      0x15c ./Drivers/STM32F4xx_HAL_Driver/Src/stm32f4xx_hal_dma.o
                0x0000000008001f14                HAL_DMA_Init
 .text.HAL_DMA_Start_IT
                0x0000000008002070       0xb0 ./Drivers/STM32F4xx_HAL_Driver/Src/stm32f4xx_hal_dma.o
                0x0000000008002070                HAL_DMA_Start_IT
 .text.HAL_DMA_IRQHandler
                0x0000000008002120      0x314 ./Drivers/STM32F4xx_HAL_Driver/Src/stm32f4xx_hal_dma.o
                0x0000000008002120                HAL_DMA_IRQHandler
 .text.DMA_SetConfig
                0x0000000008002434       0x5c ./Drivers/STM32F4xx_HAL_Driver/Src/stm32f4xx_hal_dma.o
 .text.DMA_CalcBaseAndBitshift
                0x0000000008002490       0x6c ./Drivers/STM32F4xx_HAL_Driver/Src/stm32f4xx_hal_dma.o
 .text.DMA_CheckFifoParam
                0x00000000080024fc       0xf8 ./Drivers/STM32F4xx_HAL_Driver/Src/stm32f4xx_hal_dma.o
 .text.HAL_GPIO_Init
                0x00000000080025f4      0x308 ./Drivers/STM32F4xx_HAL_Driver/Src/stm32f4xx_hal_gpio.o
                0x00000000080025f4                HAL_GPIO_Init
 .text.HAL_GPIO_WritePin
                0x00000000080028fc       0x32 ./Drivers/STM32F4xx_HAL_Driver/Src/stm32f4xx_hal_gpio.o
                0x00000000080028fc                HAL_GPIO_WritePin
 *fill*         0x000000000800292e        0x2 
 .text.HAL_GPIO_EXTI_IRQHandler
                0x0000000008002930       0x30 ./Drivers/STM32F4xx_HAL_Driver/Src/stm32f4xx_hal_gpio.o
                0x0000000008002930                HAL_GPIO_EXTI_IRQHandler
 .text.HAL_I2C_Init
                0x0000000008002960      0x288 ./Drivers/STM32F4xx_HAL_Driver/Src/stm32f4xx_hal_i2c.o
                0x0000000008002960                HAL_I2C_Init
 .text.HAL_RCC_OscConfig
                0x0000000008002be8      0x4f0 ./Drivers/STM32F4xx_HAL_Driver/Src/stm32f4xx_hal_rcc.o
                0x0000000008002be8                HAL_RCC_OscConfig
 .text.HAL_RCC_ClockConfig
                0x00000000080030d8      0x1cc ./Drivers/STM32F4xx_HAL_Driver/Src/stm32f4xx_hal_rcc.o
                0x00000000080030d8                HAL_RCC_ClockConfig
 .text.HAL_RCC_GetSysClockFreq
                0x00000000080032a4      0x18c ./Drivers/STM32F4xx_HAL_Driver/Src/stm32f4xx_hal_rcc.o
                0x00000000080032a4                HAL_RCC_GetSysClockFreq
 .text.HAL_RCC_GetHCLKFreq
                0x0000000008003430       0x18 ./Drivers/STM32F4xx_HAL_Driver/Src/stm32f4xx_hal_rcc.o
                0x0000000008003430                HAL_RCC_GetHCLKFreq
 .text.HAL_RCC_GetPCLK1Freq
                0x0000000008003448       0x28 ./Drivers/STM32F4xx_HAL_Driver/Src/stm32f4xx_hal_rcc.o
                0x0000000008003448                HAL_RCC_GetPCLK1Freq
 .text.HAL_RCC_GetPCLK2Freq
                0x0000000008003470       0x28 ./Drivers/STM32F4xx_HAL_Driver/Src/stm32f4xx_hal_rcc.o
                0x0000000008003470                HAL_RCC_GetPCLK2Freq
 .text.HAL_SPI_Init
                0x0000000008003498      0x112 ./Drivers/STM32F4xx_HAL_Driver/Src/stm32f4xx_hal_spi.o
                0x0000000008003498                HAL_SPI_Init
 .text.HAL_SPI_Transmit
                0x00000000080035aa      0x278 ./Drivers/STM32F4xx_HAL_Driver/Src/stm32f4xx_hal_spi.o
                0x00000000080035aa                HAL_SPI_Transmit
 *fill*         0x0000000008003822        0x2 
 .text.SPI_WaitFlagStateUntilTimeout
                0x0000000008003824      0x110 ./Drivers/STM32F4xx_HAL_Driver/Src/stm32f4xx_hal_spi.o
 .text.SPI_EndRxTxTransaction
                0x0000000008003934       0x84 ./Drivers/STM32F4xx_HAL_Driver/Src/stm32f4xx_hal_spi.o
 .text.HAL_TIM_Base_Init
                0x00000000080039b8       0x9e ./Drivers/STM32F4xx_HAL_Driver/Src/stm32f4xx_hal_tim.o
                0x00000000080039b8                HAL_TIM_Base_Init
 .text.HAL_TIM_IRQHandler
                0x0000000008003a56      0x210 ./Drivers/STM32F4xx_HAL_Driver/Src/stm32f4xx_hal_tim.o
                0x0000000008003a56                HAL_TIM_IRQHandler
 .text.HAL_TIM_ConfigClockSource
                0x0000000008003c66      0x18e ./Drivers/STM32F4xx_HAL_Driver/Src/stm32f4xx_hal_tim.o
                0x0000000008003c66                HAL_TIM_ConfigClockSource
 .text.HAL_TIM_PeriodElapsedCallback
                0x0000000008003df4       0x14 ./Drivers/STM32F4xx_HAL_Driver/Src/stm32f4xx_hal_tim.o
                0x0000000008003df4                HAL_TIM_PeriodElapsedCallback
 .text.HAL_TIM_OC_DelayElapsedCallback
                0x0000000008003e08       0x14 ./Drivers/STM32F4xx_HAL_Driver/Src/stm32f4xx_hal_tim.o
                0x0000000008003e08                HAL_TIM_OC_DelayElapsedCallback
 .text.HAL_TIM_IC_CaptureCallback
                0x0000000008003e1c       0x14 ./Drivers/STM32F4xx_HAL_Driver/Src/stm32f4xx_hal_tim.o
                0x0000000008003e1c                HAL_TIM_IC_CaptureCallback
 .text.HAL_TIM_PWM_PulseFinishedCallback
                0x0000000008003e30       0x14 ./Drivers/STM32F4xx_HAL_Driver/Src/stm32f4xx_hal_tim.o
                0x0000000008003e30                HAL_TIM_PWM_PulseFinishedCallback
 .text.HAL_TIM_TriggerCallback
                0x0000000008003e44       0x14 ./Drivers/STM32F4xx_HAL_Driver/Src/stm32f4xx_hal_tim.o
                0x0000000008003e44                HAL_TIM_TriggerCallback
 .text.TIM_Base_SetConfig
                0x0000000008003e58      0x100 ./Drivers/STM32F4xx_HAL_Driver/Src/stm32f4xx_hal_tim.o
                0x0000000008003e58                TIM_Base_SetConfig
 .text.TIM_TI1_ConfigInputStage
                0x0000000008003f58       0x5e ./Drivers/STM32F4xx_HAL_Driver/Src/stm32f4xx_hal_tim.o
 .text.TIM_TI2_ConfigInputStage
                0x0000000008003fb6       0x60 ./Drivers/STM32F4xx_HAL_Driver/Src/stm32f4xx_hal_tim.o
 .text.TIM_ITRx_SetConfig
                0x0000000008004016       0x36 ./Drivers/STM32F4xx_HAL_Driver/Src/stm32f4xx_hal_tim.o
 .text.TIM_ETR_SetConfig
                0x000000000800404c       0x40 ./Drivers/STM32F4xx_HAL_Driver/Src/stm32f4xx_hal_tim.o
                0x000000000800404c                TIM_ETR_SetConfig
 .text.HAL_TIMEx_MasterConfigSynchronization
                0x000000000800408c       0xdc ./Drivers/STM32F4xx_HAL_Driver/Src/stm32f4xx_hal_tim_ex.o
                0x000000000800408c                HAL_TIMEx_MasterConfigSynchronization
 .text.HAL_TIMEx_CommutCallback
                0x0000000008004168       0x14 ./Drivers/STM32F4xx_HAL_Driver/Src/stm32f4xx_hal_tim_ex.o
                0x0000000008004168                HAL_TIMEx_CommutCallback
 .text.HAL_TIMEx_BreakCallback
                0x000000000800417c       0x14 ./Drivers/STM32F4xx_HAL_Driver/Src/stm32f4xx_hal_tim_ex.o
                0x000000000800417c                HAL_TIMEx_BreakCallback
 .text.HAL_UART_Init
                0x0000000008004190       0x9a ./Drivers/STM32F4xx_HAL_Driver/Src/stm32f4xx_hal_uart.o
                0x0000000008004190                HAL_UART_Init
 .text.HAL_UART_Transmit
                0x000000000800422a      0x124 ./Drivers/STM32F4xx_HAL_Driver/Src/stm32f4xx_hal_uart.o
                0x000000000800422a                HAL_UART_Transmit
 .text.HAL_UART_Receive_DMA
                0x000000000800434e       0x60 ./Drivers/STM32F4xx_HAL_Driver/Src/stm32f4xx_hal_uart.o
                0x000000000800434e                HAL_UART_Receive_DMA
 .text.HAL_UART_RxCpltCallback
                0x00000000080043ae       0x14 ./Drivers/STM32F4xx_HAL_Driver/Src/stm32f4xx_hal_uart.o
                0x00000000080043ae                HAL_UART_RxCpltCallback
 .text.HAL_UART_RxHalfCpltCallback
                0x00000000080043c2       0x14 ./Drivers/STM32F4xx_HAL_Driver/Src/stm32f4xx_hal_uart.o
                0x00000000080043c2                HAL_UART_RxHalfCpltCallback
 .text.HAL_UART_ErrorCallback
                0x00000000080043d6       0x14 ./Drivers/STM32F4xx_HAL_Driver/Src/stm32f4xx_hal_uart.o
                0x00000000080043d6                HAL_UART_ErrorCallback
 .text.HAL_UARTEx_RxEventCallback
                0x00000000080043ea       0x18 ./Drivers/STM32F4xx_HAL_Driver/Src/stm32f4xx_hal_uart.o
                0x00000000080043ea                HAL_UARTEx_RxEventCallback
 .text.UART_DMAReceiveCplt
                0x0000000008004402      0x126 ./Drivers/STM32F4xx_HAL_Driver/Src/stm32f4xx_hal_uart.o
 .text.UART_DMARxHalfCplt
                0x0000000008004528       0x36 ./Drivers/STM32F4xx_HAL_Driver/Src/stm32f4xx_hal_uart.o
 .text.UART_DMAError
                0x000000000800455e       0x94 ./Drivers/STM32F4xx_HAL_Driver/Src/stm32f4xx_hal_uart.o
 .text.UART_WaitOnFlagUntilTimeout
                0x00000000080045f2       0xdc ./Drivers/STM32F4xx_HAL_Driver/Src/stm32f4xx_hal_uart.o
 *fill*         0x00000000080046ce        0x2 
 .text.UART_Start_Receive_DMA
                0x00000000080046d0      0x13c ./Drivers/STM32F4xx_HAL_Driver/Src/stm32f4xx_hal_uart.o
                0x00000000080046d0                UART_Start_Receive_DMA
 .text.UART_EndTxTransfer
                0x000000000800480c       0x50 ./Drivers/STM32F4xx_HAL_Driver/Src/stm32f4xx_hal_uart.o
 .text.UART_EndRxTransfer
                0x000000000800485c       0xc6 ./Drivers/STM32F4xx_HAL_Driver/Src/stm32f4xx_hal_uart.o
 *fill*         0x0000000008004922        0x2 
 .text.UART_SetConfig
                0x0000000008004924      0x4e8 ./Drivers/STM32F4xx_HAL_Driver/Src/stm32f4xx_hal_uart.o
 .text.__NVIC_SetPriority
                0x0000000008004e0c       0x54 ./Middlewares/Third_Party/FreeRTOS/Source/CMSIS_RTOS_V2/cmsis_os2.o
 .text.SVC_Setup
                0x0000000008004e60       0x12 ./Middlewares/Third_Party/FreeRTOS/Source/CMSIS_RTOS_V2/cmsis_os2.o
 *fill*         0x0000000008004e72        0x2 
 .text.osKernelInitialize
                0x0000000008004e74       0x48 ./Middlewares/Third_Party/FreeRTOS/Source/CMSIS_RTOS_V2/cmsis_os2.o
                0x0000000008004e74                osKernelInitialize
 .text.osKernelStart
                0x0000000008004ebc       0x4c ./Middlewares/Third_Party/FreeRTOS/Source/CMSIS_RTOS_V2/cmsis_os2.o
                0x0000000008004ebc                osKernelStart
 .text.osThreadNew
                0x0000000008004f08      0x124 ./Middlewares/Third_Party/FreeRTOS/Source/CMSIS_RTOS_V2/cmsis_os2.o
                0x0000000008004f08                osThreadNew
 .text.osDelay  0x000000000800502c       0x36 ./Middlewares/Third_Party/FreeRTOS/Source/CMSIS_RTOS_V2/cmsis_os2.o
                0x000000000800502c                osDelay
 .text.osMutexNew
                0x0000000008005062      0x10c ./Middlewares/Third_Party/FreeRTOS/Source/CMSIS_RTOS_V2/cmsis_os2.o
                0x0000000008005062                osMutexNew
 .text.osMutexAcquire
                0x000000000800516e       0x96 ./Middlewares/Third_Party/FreeRTOS/Source/CMSIS_RTOS_V2/cmsis_os2.o
                0x000000000800516e                osMutexAcquire
 .text.osMutexRelease
                0x0000000008005204       0x7a ./Middlewares/Third_Party/FreeRTOS/Source/CMSIS_RTOS_V2/cmsis_os2.o
                0x0000000008005204                osMutexRelease
 *fill*         0x000000000800527e        0x2 
 .text.vApplicationGetIdleTaskMemory
                0x0000000008005280       0x34 ./Middlewares/Third_Party/FreeRTOS/Source/CMSIS_RTOS_V2/cmsis_os2.o
                0x0000000008005280                vApplicationGetIdleTaskMemory
 .text.vApplicationGetTimerTaskMemory
                0x00000000080052b4       0x34 ./Middlewares/Third_Party/FreeRTOS/Source/CMSIS_RTOS_V2/cmsis_os2.o
                0x00000000080052b4                vApplicationGetTimerTaskMemory
 .text.vListInitialise
                0x00000000080052e8       0x40 ./Middlewares/Third_Party/FreeRTOS/Source/list.o
                0x00000000080052e8                vListInitialise
 .text.vListInitialiseItem
                0x0000000008005328       0x1a ./Middlewares/Third_Party/FreeRTOS/Source/list.o
                0x0000000008005328                vListInitialiseItem
 .text.vListInsertEnd
                0x0000000008005342       0x48 ./Middlewares/Third_Party/FreeRTOS/Source/list.o
                0x0000000008005342                vListInsertEnd
 .text.vListInsert
                0x000000000800538a       0x72 ./Middlewares/Third_Party/FreeRTOS/Source/list.o
                0x000000000800538a                vListInsert
 .text.uxListRemove
                0x00000000080053fc       0x54 ./Middlewares/Third_Party/FreeRTOS/Source/list.o
                0x00000000080053fc                uxListRemove
 .text.xQueueGenericReset
                0x0000000008005450       0xd0 ./Middlewares/Third_Party/FreeRTOS/Source/queue.o
                0x0000000008005450                xQueueGenericReset
 .text.xQueueGenericCreateStatic
                0x0000000008005520       0xf0 ./Middlewares/Third_Party/FreeRTOS/Source/queue.o
                0x0000000008005520                xQueueGenericCreateStatic
 .text.xQueueGenericCreate
                0x0000000008005610       0x74 ./Middlewares/Third_Party/FreeRTOS/Source/queue.o
                0x0000000008005610                xQueueGenericCreate
 .text.prvInitialiseNewQueue
                0x0000000008005684       0x46 ./Middlewares/Third_Party/FreeRTOS/Source/queue.o
 .text.prvInitialiseMutex
                0x00000000080056ca       0x34 ./Middlewares/Third_Party/FreeRTOS/Source/queue.o
 .text.xQueueCreateMutex
                0x00000000080056fe       0x30 ./Middlewares/Third_Party/FreeRTOS/Source/queue.o
                0x00000000080056fe                xQueueCreateMutex
 .text.xQueueCreateMutexStatic
                0x000000000800572e       0x36 ./Middlewares/Third_Party/FreeRTOS/Source/queue.o
                0x000000000800572e                xQueueCreateMutexStatic
 .text.xQueueGiveMutexRecursive
                0x0000000008005764       0x68 ./Middlewares/Third_Party/FreeRTOS/Source/queue.o
                0x0000000008005764                xQueueGiveMutexRecursive
 .text.xQueueTakeMutexRecursive
                0x00000000080057cc       0x6c ./Middlewares/Third_Party/FreeRTOS/Source/queue.o
                0x00000000080057cc                xQueueTakeMutexRecursive
 .text.xQueueGenericSend
                0x0000000008005838      0x1fc ./Middlewares/Third_Party/FreeRTOS/Source/queue.o
                0x0000000008005838                xQueueGenericSend
 .text.xQueueGenericSendFromISR
                0x0000000008005a34      0x136 ./Middlewares/Third_Party/FreeRTOS/Source/queue.o
                0x0000000008005a34                xQueueGenericSendFromISR
 *fill*         0x0000000008005b6a        0x2 
 .text.xQueueReceive
                0x0000000008005b6c      0x1c0 ./Middlewares/Third_Party/FreeRTOS/Source/queue.o
                0x0000000008005b6c                xQueueReceive
 .text.xQueueSemaphoreTake
                0x0000000008005d2c      0x218 ./Middlewares/Third_Party/FreeRTOS/Source/queue.o
                0x0000000008005d2c                xQueueSemaphoreTake
 .text.prvGetDisinheritPriorityAfterTimeout
                0x0000000008005f44       0x30 ./Middlewares/Third_Party/FreeRTOS/Source/queue.o
 .text.prvCopyDataToQueue
                0x0000000008005f74       0xd4 ./Middlewares/Third_Party/FreeRTOS/Source/queue.o
 .text.prvCopyDataFromQueue
                0x0000000008006048       0x4c ./Middlewares/Third_Party/FreeRTOS/Source/queue.o
 .text.prvUnlockQueue
                0x0000000008006094       0xa4 ./Middlewares/Third_Party/FreeRTOS/Source/queue.o
 .text.prvIsQueueEmpty
                0x0000000008006138       0x2c ./Middlewares/Third_Party/FreeRTOS/Source/queue.o
 .text.prvIsQueueFull
                0x0000000008006164       0x30 ./Middlewares/Third_Party/FreeRTOS/Source/queue.o
 .text.vQueueAddToRegistry
                0x0000000008006194       0x54 ./Middlewares/Third_Party/FreeRTOS/Source/queue.o
                0x0000000008006194                vQueueAddToRegistry
 .text.vQueueWaitForMessageRestricted
                0x00000000080061e8       0x68 ./Middlewares/Third_Party/FreeRTOS/Source/queue.o
                0x00000000080061e8                vQueueWaitForMessageRestricted
 .text.xTaskCreateStatic
                0x0000000008006250       0xba ./Middlewares/Third_Party/FreeRTOS/Source/tasks.o
                0x0000000008006250                xTaskCreateStatic
 .text.xTaskCreate
                0x000000000800630a       0x8a ./Middlewares/Third_Party/FreeRTOS/Source/tasks.o
                0x000000000800630a                xTaskCreate
 .text.prvInitialiseNewTask
                0x0000000008006394      0x14c ./Middlewares/Third_Party/FreeRTOS/Source/tasks.o
 .text.prvAddNewTaskToReadyList
                0x00000000080064e0       0xe0 ./Middlewares/Third_Party/FreeRTOS/Source/tasks.o
 .text.vTaskDelay
                0x00000000080065c0       0x68 ./Middlewares/Third_Party/FreeRTOS/Source/tasks.o
                0x00000000080065c0                vTaskDelay
 .text.vTaskStartScheduler
                0x0000000008006628       0xe0 ./Middlewares/Third_Party/FreeRTOS/Source/tasks.o
                0x0000000008006628                vTaskStartScheduler
 .text.vTaskSuspendAll
                0x0000000008006708       0x1c ./Middlewares/Third_Party/FreeRTOS/Source/tasks.o
                0x0000000008006708                vTaskSuspendAll
 .text.xTaskResumeAll
                0x0000000008006724      0x13c ./Middlewares/Third_Party/FreeRTOS/Source/tasks.o
                0x0000000008006724                xTaskResumeAll
 .text.xTaskGetTickCount
                0x0000000008006860       0x20 ./Middlewares/Third_Party/FreeRTOS/Source/tasks.o
                0x0000000008006860                xTaskGetTickCount
 .text.xTaskIncrementTick
                0x0000000008006880      0x174 ./Middlewares/Third_Party/FreeRTOS/Source/tasks.o
                0x0000000008006880                xTaskIncrementTick
 .text.vTaskSwitchContext
                0x00000000080069f4       0xc8 ./Middlewares/Third_Party/FreeRTOS/Source/tasks.o
                0x00000000080069f4                vTaskSwitchContext
 .text.vTaskPlaceOnEventList
                0x0000000008006abc       0x48 ./Middlewares/Third_Party/FreeRTOS/Source/tasks.o
                0x0000000008006abc                vTaskPlaceOnEventList
 .text.vTaskPlaceOnEventListRestricted
                0x0000000008006b04       0x58 ./Middlewares/Third_Party/FreeRTOS/Source/tasks.o
                0x0000000008006b04                vTaskPlaceOnEventListRestricted
 .text.xTaskRemoveFromEventList
                0x0000000008006b5c       0xc8 ./Middlewares/Third_Party/FreeRTOS/Source/tasks.o
                0x0000000008006b5c                xTaskRemoveFromEventList
 .text.vTaskInternalSetTimeOutState
                0x0000000008006c24       0x2c ./Middlewares/Third_Party/FreeRTOS/Source/tasks.o
                0x0000000008006c24                vTaskInternalSetTimeOutState
 .text.xTaskCheckForTimeOut
                0x0000000008006c50       0xc4 ./Middlewares/Third_Party/FreeRTOS/Source/tasks.o
                0x0000000008006c50                xTaskCheckForTimeOut
 .text.vTaskMissedYield
                0x0000000008006d14       0x18 ./Middlewares/Third_Party/FreeRTOS/Source/tasks.o
                0x0000000008006d14                vTaskMissedYield
 .text.prvIdleTask
                0x0000000008006d2c       0x30 ./Middlewares/Third_Party/FreeRTOS/Source/tasks.o
 .text.prvInitialiseTaskLists
                0x0000000008006d5c       0x80 ./Middlewares/Third_Party/FreeRTOS/Source/tasks.o
 .text.prvCheckTasksWaitingTermination
                0x0000000008006ddc       0x5c ./Middlewares/Third_Party/FreeRTOS/Source/tasks.o
 .text.prvDeleteTCB
                0x0000000008006e38       0x68 ./Middlewares/Third_Party/FreeRTOS/Source/tasks.o
 .text.prvResetNextTaskUnblockTime
                0x0000000008006ea0       0x40 ./Middlewares/Third_Party/FreeRTOS/Source/tasks.o
 .text.xTaskGetCurrentTaskHandle
                0x0000000008006ee0       0x20 ./Middlewares/Third_Party/FreeRTOS/Source/tasks.o
                0x0000000008006ee0                xTaskGetCurrentTaskHandle
 .text.xTaskGetSchedulerState
                0x0000000008006f00       0x3c ./Middlewares/Third_Party/FreeRTOS/Source/tasks.o
                0x0000000008006f00                xTaskGetSchedulerState
 .text.xTaskPriorityInherit
                0x0000000008006f3c       0xd0 ./Middlewares/Third_Party/FreeRTOS/Source/tasks.o
                0x0000000008006f3c                xTaskPriorityInherit
 .text.xTaskPriorityDisinherit
                0x000000000800700c       0xdc ./Middlewares/Third_Party/FreeRTOS/Source/tasks.o
                0x000000000800700c                xTaskPriorityDisinherit
 .text.vTaskPriorityDisinheritAfterTimeout
                0x00000000080070e8      0x104 ./Middlewares/Third_Party/FreeRTOS/Source/tasks.o
                0x00000000080070e8                vTaskPriorityDisinheritAfterTimeout
 .text.pvTaskIncrementMutexHeldCount
                0x00000000080071ec       0x28 ./Middlewares/Third_Party/FreeRTOS/Source/tasks.o
                0x00000000080071ec                pvTaskIncrementMutexHeldCount
 .text.prvAddCurrentTaskToDelayedList
                0x0000000008007214       0xa8 ./Middlewares/Third_Party/FreeRTOS/Source/tasks.o
 .text.xTimerCreateTimerTask
                0x00000000080072bc       0x90 ./Middlewares/Third_Party/FreeRTOS/Source/timers.o
                0x00000000080072bc                xTimerCreateTimerTask
 .text.xTimerGenericCommand
                0x000000000800734c       0x9c ./Middlewares/Third_Party/FreeRTOS/Source/timers.o
                0x000000000800734c                xTimerGenericCommand
 .text.prvProcessExpiredTimer
                0x00000000080073e8       0x98 ./Middlewares/Third_Party/FreeRTOS/Source/timers.o
 .text.prvTimerTask
                0x0000000008007480       0x24 ./Middlewares/Third_Party/FreeRTOS/Source/timers.o
 .text.prvProcessTimerOrBlockTask
                0x00000000080074a4       0x9c ./Middlewares/Third_Party/FreeRTOS/Source/timers.o
 .text.prvGetNextExpireTime
                0x0000000008007540       0x48 ./Middlewares/Third_Party/FreeRTOS/Source/timers.o
 .text.prvSampleTimeNow
                0x0000000008007588       0x40 ./Middlewares/Third_Party/FreeRTOS/Source/timers.o
 .text.prvInsertTimerInActiveList
                0x00000000080075c8       0x84 ./Middlewares/Third_Party/FreeRTOS/Source/timers.o
 .text.prvProcessReceivedCommands
                0x000000000800764c      0x1c4 ./Middlewares/Third_Party/FreeRTOS/Source/timers.o
 .text.prvSwitchTimerLists
                0x0000000008007810       0xc8 ./Middlewares/Third_Party/FreeRTOS/Source/timers.o
 .text.prvCheckForValidListAndQueue
                0x00000000080078d8       0x80 ./Middlewares/Third_Party/FreeRTOS/Source/timers.o
 .text.pxPortInitialiseStack
                0x0000000008007958       0x68 ./Middlewares/Third_Party/FreeRTOS/Source/portable/GCC/ARM_CM4F/port.o
                0x0000000008007958                pxPortInitialiseStack
 .text.prvTaskExitError
                0x00000000080079c0       0x58 ./Middlewares/Third_Party/FreeRTOS/Source/portable/GCC/ARM_CM4F/port.o
 *fill*         0x0000000008007a18        0x8 
 .text.SVC_Handler
                0x0000000008007a20       0x28 ./Middlewares/Third_Party/FreeRTOS/Source/portable/GCC/ARM_CM4F/port.o
                0x0000000008007a20                SVC_Handler
 .text.prvPortStartFirstTask
                0x0000000008007a48       0x28 ./Middlewares/Third_Party/FreeRTOS/Source/portable/GCC/ARM_CM4F/port.o
 .text.xPortStartScheduler
                0x0000000008007a70      0x144 ./Middlewares/Third_Party/FreeRTOS/Source/portable/GCC/ARM_CM4F/port.o
                0x0000000008007a70                xPortStartScheduler
 .text.vPortEnterCritical
                0x0000000008007bb4       0x60 ./Middlewares/Third_Party/FreeRTOS/Source/portable/GCC/ARM_CM4F/port.o
                0x0000000008007bb4                vPortEnterCritical
 .text.vPortExitCritical
                0x0000000008007c14       0x54 ./Middlewares/Third_Party/FreeRTOS/Source/portable/GCC/ARM_CM4F/port.o
                0x0000000008007c14                vPortExitCritical
 *fill*         0x0000000008007c68        0x8 
 .text.PendSV_Handler
                0x0000000008007c70       0x68 ./Middlewares/Third_Party/FreeRTOS/Source/portable/GCC/ARM_CM4F/port.o
                0x0000000008007c70                PendSV_Handler
 .text.xPortSysTickHandler
                0x0000000008007cd8       0x44 ./Middlewares/Third_Party/FreeRTOS/Source/portable/GCC/ARM_CM4F/port.o
                0x0000000008007cd8                xPortSysTickHandler
 .text.vPortSetupTimerInterrupt
                0x0000000008007d1c       0x48 ./Middlewares/Third_Party/FreeRTOS/Source/portable/GCC/ARM_CM4F/port.o
                0x0000000008007d1c                vPortSetupTimerInterrupt
 .text.vPortEnableVFP
                0x0000000008007d64       0x14 ./Middlewares/Third_Party/FreeRTOS/Source/portable/GCC/ARM_CM4F/port.o
 .text.vPortValidateInterruptPriority
                0x0000000008007d78       0x80 ./Middlewares/Third_Party/FreeRTOS/Source/portable/GCC/ARM_CM4F/port.o
                0x0000000008007d78                vPortValidateInterruptPriority
 .text.pvPortMalloc
                0x0000000008007df8      0x198 ./Middlewares/Third_Party/FreeRTOS/Source/portable/MemMang/heap_4.o
                0x0000000008007df8                pvPortMalloc
 .text.vPortFree
                0x0000000008007f90       0xc4 ./Middlewares/Third_Party/FreeRTOS/Source/portable/MemMang/heap_4.o
                0x0000000008007f90                vPortFree
 .text.prvHeapInit
                0x0000000008008054       0xc4 ./Middlewares/Third_Party/FreeRTOS/Source/portable/MemMang/heap_4.o
 .text.prvInsertBlockIntoFreeList
                0x0000000008008118       0xb4 ./Middlewares/Third_Party/FreeRTOS/Source/portable/MemMang/heap_4.o
 .text.__errno  0x00000000080081cc        0xc c:/stmicroelectronics_cube_ide/stm32cubeide_1.10.1/stm32cubeide/plugins/com.st.stm32cube.ide.mcu.externaltools.gnu-tools-for-stm32.10.3-2021.10.win32_1.0.0.202111181127/tools/bin/../lib/gcc/arm-none-eabi/10.3.1/../../../../arm-none-eabi/lib/thumb/v7e-m+fp/hard\libc_nano.a(lib_a-errno.o)
                0x00000000080081cc                __errno
 .text.std      0x00000000080081d8       0x48 c:/stmicroelectronics_cube_ide/stm32cubeide_1.10.1/stm32cubeide/plugins/com.st.stm32cube.ide.mcu.externaltools.gnu-tools-for-stm32.10.3-2021.10.win32_1.0.0.202111181127/tools/bin/../lib/gcc/arm-none-eabi/10.3.1/../../../../arm-none-eabi/lib/thumb/v7e-m+fp/hard\libc_nano.a(lib_a-findfp.o)
 .text._cleanup_r
                0x0000000008008220        0xc c:/stmicroelectronics_cube_ide/stm32cubeide_1.10.1/stm32cubeide/plugins/com.st.stm32cube.ide.mcu.externaltools.gnu-tools-for-stm32.10.3-2021.10.win32_1.0.0.202111181127/tools/bin/../lib/gcc/arm-none-eabi/10.3.1/../../../../arm-none-eabi/lib/thumb/v7e-m+fp/hard\libc_nano.a(lib_a-findfp.o)
                0x0000000008008220                _cleanup_r
 .text.__sfmoreglue
                0x000000000800822c       0x2c c:/stmicroelectronics_cube_ide/stm32cubeide_1.10.1/stm32cubeide/plugins/com.st.stm32cube.ide.mcu.externaltools.gnu-tools-for-stm32.10.3-2021.10.win32_1.0.0.202111181127/tools/bin/../lib/gcc/arm-none-eabi/10.3.1/../../../../arm-none-eabi/lib/thumb/v7e-m+fp/hard\libc_nano.a(lib_a-findfp.o)
                0x000000000800822c                __sfmoreglue
 .text.__sfp_lock_acquire
                0x0000000008008258        0xc c:/stmicroelectronics_cube_ide/stm32cubeide_1.10.1/stm32cubeide/plugins/com.st.stm32cube.ide.mcu.externaltools.gnu-tools-for-stm32.10.3-2021.10.win32_1.0.0.202111181127/tools/bin/../lib/gcc/arm-none-eabi/10.3.1/../../../../arm-none-eabi/lib/thumb/v7e-m+fp/hard\libc_nano.a(lib_a-findfp.o)
                0x0000000008008258                __sfp_lock_acquire
 .text.__sfp_lock_release
                0x0000000008008264        0xc c:/stmicroelectronics_cube_ide/stm32cubeide_1.10.1/stm32cubeide/plugins/com.st.stm32cube.ide.mcu.externaltools.gnu-tools-for-stm32.10.3-2021.10.win32_1.0.0.202111181127/tools/bin/../lib/gcc/arm-none-eabi/10.3.1/../../../../arm-none-eabi/lib/thumb/v7e-m+fp/hard\libc_nano.a(lib_a-findfp.o)
                0x0000000008008264                __sfp_lock_release
 .text.__sinit_lock_acquire
                0x0000000008008270        0xc c:/stmicroelectronics_cube_ide/stm32cubeide_1.10.1/stm32cubeide/plugins/com.st.stm32cube.ide.mcu.externaltools.gnu-tools-for-stm32.10.3-2021.10.win32_1.0.0.202111181127/tools/bin/../lib/gcc/arm-none-eabi/10.3.1/../../../../arm-none-eabi/lib/thumb/v7e-m+fp/hard\libc_nano.a(lib_a-findfp.o)
                0x0000000008008270                __sinit_lock_acquire
 .text.__sinit_lock_release
                0x000000000800827c        0xc c:/stmicroelectronics_cube_ide/stm32cubeide_1.10.1/stm32cubeide/plugins/com.st.stm32cube.ide.mcu.externaltools.gnu-tools-for-stm32.10.3-2021.10.win32_1.0.0.202111181127/tools/bin/../lib/gcc/arm-none-eabi/10.3.1/../../../../arm-none-eabi/lib/thumb/v7e-m+fp/hard\libc_nano.a(lib_a-findfp.o)
                0x000000000800827c                __sinit_lock_release
 .text.__sinit  0x0000000008008288       0x70 c:/stmicroelectronics_cube_ide/stm32cubeide_1.10.1/stm32cubeide/plugins/com.st.stm32cube.ide.mcu.externaltools.gnu-tools-for-stm32.10.3-2021.10.win32_1.0.0.202111181127/tools/bin/../lib/gcc/arm-none-eabi/10.3.1/../../../../arm-none-eabi/lib/thumb/v7e-m+fp/hard\libc_nano.a(lib_a-findfp.o)
                0x0000000008008288                __sinit
 .text.__sfp    0x00000000080082f8       0x8c c:/stmicroelectronics_cube_ide/stm32cubeide_1.10.1/stm32cubeide/plugins/com.st.stm32cube.ide.mcu.externaltools.gnu-tools-for-stm32.10.3-2021.10.win32_1.0.0.202111181127/tools/bin/../lib/gcc/arm-none-eabi/10.3.1/../../../../arm-none-eabi/lib/thumb/v7e-m+fp/hard\libc_nano.a(lib_a-findfp.o)
                0x00000000080082f8                __sfp
 .text._fwalk_reent
                0x0000000008008384       0x3e c:/stmicroelectronics_cube_ide/stm32cubeide_1.10.1/stm32cubeide/plugins/com.st.stm32cube.ide.mcu.externaltools.gnu-tools-for-stm32.10.3-2021.10.win32_1.0.0.202111181127/tools/bin/../lib/gcc/arm-none-eabi/10.3.1/../../../../arm-none-eabi/lib/thumb/v7e-m+fp/hard\libc_nano.a(lib_a-fwalk.o)
                0x0000000008008384                _fwalk_reent
 *fill*         0x00000000080083c2        0x2 
 .text.__libc_init_array
                0x00000000080083c4       0x48 c:/stmicroelectronics_cube_ide/stm32cubeide_1.10.1/stm32cubeide/plugins/com.st.stm32cube.ide.mcu.externaltools.gnu-tools-for-stm32.10.3-2021.10.win32_1.0.0.202111181127/tools/bin/../lib/gcc/arm-none-eabi/10.3.1/../../../../arm-none-eabi/lib/thumb/v7e-m+fp/hard\libc_nano.a(lib_a-init.o)
                0x00000000080083c4                __libc_init_array
 .text.__retarget_lock_init_recursive
                0x000000000800840c        0x2 c:/stmicroelectronics_cube_ide/stm32cubeide_1.10.1/stm32cubeide/plugins/com.st.stm32cube.ide.mcu.externaltools.gnu-tools-for-stm32.10.3-2021.10.win32_1.0.0.202111181127/tools/bin/../lib/gcc/arm-none-eabi/10.3.1/../../../../arm-none-eabi/lib/thumb/v7e-m+fp/hard\libc_nano.a(lib_a-lock.o)
                0x000000000800840c                __retarget_lock_init_recursive
 .text.__retarget_lock_acquire_recursive
                0x000000000800840e        0x2 c:/stmicroelectronics_cube_ide/stm32cubeide_1.10.1/stm32cubeide/plugins/com.st.stm32cube.ide.mcu.externaltools.gnu-tools-for-stm32.10.3-2021.10.win32_1.0.0.202111181127/tools/bin/../lib/gcc/arm-none-eabi/10.3.1/../../../../arm-none-eabi/lib/thumb/v7e-m+fp/hard\libc_nano.a(lib_a-lock.o)
                0x000000000800840e                __retarget_lock_acquire_recursive
 .text.__retarget_lock_release_recursive
                0x0000000008008410        0x2 c:/stmicroelectronics_cube_ide/stm32cubeide_1.10.1/stm32cubeide/plugins/com.st.stm32cube.ide.mcu.externaltools.gnu-tools-for-stm32.10.3-2021.10.win32_1.0.0.202111181127/tools/bin/../lib/gcc/arm-none-eabi/10.3.1/../../../../arm-none-eabi/lib/thumb/v7e-m+fp/hard\libc_nano.a(lib_a-lock.o)
                0x0000000008008410                __retarget_lock_release_recursive
 .text.memcpy   0x0000000008008412       0x1c c:/stmicroelectronics_cube_ide/stm32cubeide_1.10.1/stm32cubeide/plugins/com.st.stm32cube.ide.mcu.externaltools.gnu-tools-for-stm32.10.3-2021.10.win32_1.0.0.202111181127/tools/bin/../lib/gcc/arm-none-eabi/10.3.1/../../../../arm-none-eabi/lib/thumb/v7e-m+fp/hard\libc_nano.a(lib_a-memcpy-stub.o)
                0x0000000008008412                memcpy
 .text.memset   0x000000000800842e       0x10 c:/stmicroelectronics_cube_ide/stm32cubeide_1.10.1/stm32cubeide/plugins/com.st.stm32cube.ide.mcu.externaltools.gnu-tools-for-stm32.10.3-2021.10.win32_1.0.0.202111181127/tools/bin/../lib/gcc/arm-none-eabi/10.3.1/../../../../arm-none-eabi/lib/thumb/v7e-m+fp/hard\libc_nano.a(lib_a-memset.o)
                0x000000000800842e                memset
 *fill*         0x000000000800843e        0x2 
 .text.sbrk_aligned
                0x0000000008008440       0x40 c:/stmicroelectronics_cube_ide/stm32cubeide_1.10.1/stm32cubeide/plugins/com.st.stm32cube.ide.mcu.externaltools.gnu-tools-for-stm32.10.3-2021.10.win32_1.0.0.202111181127/tools/bin/../lib/gcc/arm-none-eabi/10.3.1/../../../../arm-none-eabi/lib/thumb/v7e-m+fp/hard\libc_nano.a(lib_a-nano-mallocr.o)
 .text._malloc_r
                0x0000000008008480       0xe8 c:/stmicroelectronics_cube_ide/stm32cubeide_1.10.1/stm32cubeide/plugins/com.st.stm32cube.ide.mcu.externaltools.gnu-tools-for-stm32.10.3-2021.10.win32_1.0.0.202111181127/tools/bin/../lib/gcc/arm-none-eabi/10.3.1/../../../../arm-none-eabi/lib/thumb/v7e-m+fp/hard\libc_nano.a(lib_a-nano-mallocr.o)
                0x0000000008008480                _malloc_r
 .text.printf   0x0000000008008568       0x30 c:/stmicroelectronics_cube_ide/stm32cubeide_1.10.1/stm32cubeide/plugins/com.st.stm32cube.ide.mcu.externaltools.gnu-tools-for-stm32.10.3-2021.10.win32_1.0.0.202111181127/tools/bin/../lib/gcc/arm-none-eabi/10.3.1/../../../../arm-none-eabi/lib/thumb/v7e-m+fp/hard\libc_nano.a(lib_a-printf.o)
                0x0000000008008568                iprintf
                0x0000000008008568                printf
 .text.cleanup_glue
                0x0000000008008598       0x1a c:/stmicroelectronics_cube_ide/stm32cubeide_1.10.1/stm32cubeide/plugins/com.st.stm32cube.ide.mcu.externaltools.gnu-tools-for-stm32.10.3-2021.10.win32_1.0.0.202111181127/tools/bin/../lib/gcc/arm-none-eabi/10.3.1/../../../../arm-none-eabi/lib/thumb/v7e-m+fp/hard\libc_nano.a(lib_a-reent.o)
                0x0000000008008598                cleanup_glue
 *fill*         0x00000000080085b2        0x2 
 .text._reclaim_reent
                0x00000000080085b4       0xb8 c:/stmicroelectronics_cube_ide/stm32cubeide_1.10.1/stm32cubeide/plugins/com.st.stm32cube.ide.mcu.externaltools.gnu-tools-for-stm32.10.3-2021.10.win32_1.0.0.202111181127/tools/bin/../lib/gcc/arm-none-eabi/10.3.1/../../../../arm-none-eabi/lib/thumb/v7e-m+fp/hard\libc_nano.a(lib_a-reent.o)
                0x00000000080085b4                _reclaim_reent
 .text._sbrk_r  0x000000000800866c       0x20 c:/stmicroelectronics_cube_ide/stm32cubeide_1.10.1/stm32cubeide/plugins/com.st.stm32cube.ide.mcu.externaltools.gnu-tools-for-stm32.10.3-2021.10.win32_1.0.0.202111181127/tools/bin/../lib/gcc/arm-none-eabi/10.3.1/../../../../arm-none-eabi/lib/thumb/v7e-m+fp/hard\libc_nano.a(lib_a-sbrkr.o)
                0x000000000800866c                _sbrk_r
 .text.snprintf
                0x000000000800868c       0x68 c:/stmicroelectronics_cube_ide/stm32cubeide_1.10.1/stm32cubeide/plugins/com.st.stm32cube.ide.mcu.externaltools.gnu-tools-for-stm32.10.3-2021.10.win32_1.0.0.202111181127/tools/bin/../lib/gcc/arm-none-eabi/10.3.1/../../../../arm-none-eabi/lib/thumb/v7e-m+fp/hard\libc_nano.a(lib_a-snprintf.o)
                0x000000000800868c                sniprintf
                0x000000000800868c                snprintf
 .text.__sread  0x00000000080086f4       0x22 c:/stmicroelectronics_cube_ide/stm32cubeide_1.10.1/stm32cubeide/plugins/com.st.stm32cube.ide.mcu.externaltools.gnu-tools-for-stm32.10.3-2021.10.win32_1.0.0.202111181127/tools/bin/../lib/gcc/arm-none-eabi/10.3.1/../../../../arm-none-eabi/lib/thumb/v7e-m+fp/hard\libc_nano.a(lib_a-stdio.o)
                0x00000000080086f4                __sread
 .text.__swrite
                0x0000000008008716       0x38 c:/stmicroelectronics_cube_ide/stm32cubeide_1.10.1/stm32cubeide/plugins/com.st.stm32cube.ide.mcu.externaltools.gnu-tools-for-stm32.10.3-2021.10.win32_1.0.0.202111181127/tools/bin/../lib/gcc/arm-none-eabi/10.3.1/../../../../arm-none-eabi/lib/thumb/v7e-m+fp/hard\libc_nano.a(lib_a-stdio.o)
                0x0000000008008716                __swrite
 .text.__sseek  0x000000000800874e       0x24 c:/stmicroelectronics_cube_ide/stm32cubeide_1.10.1/stm32cubeide/plugins/com.st.stm32cube.ide.mcu.externaltools.gnu-tools-for-stm32.10.3-2021.10.win32_1.0.0.202111181127/tools/bin/../lib/gcc/arm-none-eabi/10.3.1/../../../../arm-none-eabi/lib/thumb/v7e-m+fp/hard\libc_nano.a(lib_a-stdio.o)
                0x000000000800874e                __sseek
 .text.__sclose
                0x0000000008008772        0x8 c:/stmicroelectronics_cube_ide/stm32cubeide_1.10.1/stm32cubeide/plugins/com.st.stm32cube.ide.mcu.externaltools.gnu-tools-for-stm32.10.3-2021.10.win32_1.0.0.202111181127/tools/bin/../lib/gcc/arm-none-eabi/10.3.1/../../../../arm-none-eabi/lib/thumb/v7e-m+fp/hard\libc_nano.a(lib_a-stdio.o)
                0x0000000008008772                __sclose
 .text.strnlen  0x000000000800877a       0x18 c:/stmicroelectronics_cube_ide/stm32cubeide_1.10.1/stm32cubeide/plugins/com.st.stm32cube.ide.mcu.externaltools.gnu-tools-for-stm32.10.3-2021.10.win32_1.0.0.202111181127/tools/bin/../lib/gcc/arm-none-eabi/10.3.1/../../../../arm-none-eabi/lib/thumb/v7e-m+fp/hard\libc_nano.a(lib_a-strnlen.o)
                0x000000000800877a                strnlen
 *fill*         0x0000000008008792        0x2 
 .text._write_r
                0x0000000008008794       0x24 c:/stmicroelectronics_cube_ide/stm32cubeide_1.10.1/stm32cubeide/plugins/com.st.stm32cube.ide.mcu.externaltools.gnu-tools-for-stm32.10.3-2021.10.win32_1.0.0.202111181127/tools/bin/../lib/gcc/arm-none-eabi/10.3.1/../../../../arm-none-eabi/lib/thumb/v7e-m+fp/hard\libc_nano.a(lib_a-writer.o)
                0x0000000008008794                _write_r
 .text._close_r
                0x00000000080087b8       0x20 c:/stmicroelectronics_cube_ide/stm32cubeide_1.10.1/stm32cubeide/plugins/com.st.stm32cube.ide.mcu.externaltools.gnu-tools-for-stm32.10.3-2021.10.win32_1.0.0.202111181127/tools/bin/../lib/gcc/arm-none-eabi/10.3.1/../../../../arm-none-eabi/lib/thumb/v7e-m+fp/hard\libc_nano.a(lib_a-closer.o)
                0x00000000080087b8                _close_r
 .text.__sflush_r
                0x00000000080087d8      0x10c c:/stmicroelectronics_cube_ide/stm32cubeide_1.10.1/stm32cubeide/plugins/com.st.stm32cube.ide.mcu.externaltools.gnu-tools-for-stm32.10.3-2021.10.win32_1.0.0.202111181127/tools/bin/../lib/gcc/arm-none-eabi/10.3.1/../../../../arm-none-eabi/lib/thumb/v7e-m+fp/hard\libc_nano.a(lib_a-fflush.o)
                0x00000000080087d8                __sflush_r
 .text._fflush_r
                0x00000000080088e4       0x78 c:/stmicroelectronics_cube_ide/stm32cubeide_1.10.1/stm32cubeide/plugins/com.st.stm32cube.ide.mcu.externaltools.gnu-tools-for-stm32.10.3-2021.10.win32_1.0.0.202111181127/tools/bin/../lib/gcc/arm-none-eabi/10.3.1/../../../../arm-none-eabi/lib/thumb/v7e-m+fp/hard\libc_nano.a(lib_a-fflush.o)
                0x00000000080088e4                _fflush_r
 .text._lseek_r
                0x000000000800895c       0x24 c:/stmicroelectronics_cube_ide/stm32cubeide_1.10.1/stm32cubeide/plugins/com.st.stm32cube.ide.mcu.externaltools.gnu-tools-for-stm32.10.3-2021.10.win32_1.0.0.202111181127/tools/bin/../lib/gcc/arm-none-eabi/10.3.1/../../../../arm-none-eabi/lib/thumb/v7e-m+fp/hard\libc_nano.a(lib_a-lseekr.o)
                0x000000000800895c                _lseek_r
 .text.__malloc_lock
                0x0000000008008980        0xc c:/stmicroelectronics_cube_ide/stm32cubeide_1.10.1/stm32cubeide/plugins/com.st.stm32cube.ide.mcu.externaltools.gnu-tools-for-stm32.10.3-2021.10.win32_1.0.0.202111181127/tools/bin/../lib/gcc/arm-none-eabi/10.3.1/../../../../arm-none-eabi/lib/thumb/v7e-m+fp/hard\libc_nano.a(lib_a-mlock.o)
                0x0000000008008980                __malloc_lock
 .text.__malloc_unlock
                0x000000000800898c        0xc c:/stmicroelectronics_cube_ide/stm32cubeide_1.10.1/stm32cubeide/plugins/com.st.stm32cube.ide.mcu.externaltools.gnu-tools-for-stm32.10.3-2021.10.win32_1.0.0.202111181127/tools/bin/../lib/gcc/arm-none-eabi/10.3.1/../../../../arm-none-eabi/lib/thumb/v7e-m+fp/hard\libc_nano.a(lib_a-mlock.o)
                0x000000000800898c                __malloc_unlock
 .text._free_r  0x0000000008008998       0x98 c:/stmicroelectronics_cube_ide/stm32cubeide_1.10.1/stm32cubeide/plugins/com.st.stm32cube.ide.mcu.externaltools.gnu-tools-for-stm32.10.3-2021.10.win32_1.0.0.202111181127/tools/bin/../lib/gcc/arm-none-eabi/10.3.1/../../../../arm-none-eabi/lib/thumb/v7e-m+fp/hard\libc_nano.a(lib_a-nano-freer.o)
                0x0000000008008998                _free_r
 .text.__ssputs_r
                0x0000000008008a30       0xb6 c:/stmicroelectronics_cube_ide/stm32cubeide_1.10.1/stm32cubeide/plugins/com.st.stm32cube.ide.mcu.externaltools.gnu-tools-for-stm32.10.3-2021.10.win32_1.0.0.202111181127/tools/bin/../lib/gcc/arm-none-eabi/10.3.1/../../../../arm-none-eabi/lib/thumb/v7e-m+fp/hard\libc_nano.a(lib_a-nano-svfprintf.o)
                0x0000000008008a30                __ssputs_r
 *fill*         0x0000000008008ae6        0x2 
 .text._svfprintf_r
                0x0000000008008ae8      0x200 c:/stmicroelectronics_cube_ide/stm32cubeide_1.10.1/stm32cubeide/plugins/com.st.stm32cube.ide.mcu.externaltools.gnu-tools-for-stm32.10.3-2021.10.win32_1.0.0.202111181127/tools/bin/../lib/gcc/arm-none-eabi/10.3.1/../../../../arm-none-eabi/lib/thumb/v7e-m+fp/hard\libc_nano.a(lib_a-nano-svfprintf.o)
                0x0000000008008ae8                _svfiprintf_r
                0x0000000008008ae8                _svfprintf_r
 .text.__sfputc_r
                0x0000000008008ce8       0x2e c:/stmicroelectronics_cube_ide/stm32cubeide_1.10.1/stm32cubeide/plugins/com.st.stm32cube.ide.mcu.externaltools.gnu-tools-for-stm32.10.3-2021.10.win32_1.0.0.202111181127/tools/bin/../lib/gcc/arm-none-eabi/10.3.1/../../../../arm-none-eabi/lib/thumb/v7e-m+fp/hard\libc_nano.a(lib_a-nano-vfprintf.o)
 .text.__sfputs_r
                0x0000000008008d16       0x24 c:/stmicroelectronics_cube_ide/stm32cubeide_1.10.1/stm32cubeide/plugins/com.st.stm32cube.ide.mcu.externaltools.gnu-tools-for-stm32.10.3-2021.10.win32_1.0.0.202111181127/tools/bin/../lib/gcc/arm-none-eabi/10.3.1/../../../../arm-none-eabi/lib/thumb/v7e-m+fp/hard\libc_nano.a(lib_a-nano-vfprintf.o)
                0x0000000008008d16                __sfputs_r
 *fill*         0x0000000008008d3a        0x2 
 .text._vfprintf_r
                0x0000000008008d3c      0x260 c:/stmicroelectronics_cube_ide/stm32cubeide_1.10.1/stm32cubeide/plugins/com.st.stm32cube.ide.mcu.externaltools.gnu-tools-for-stm32.10.3-2021.10.win32_1.0.0.202111181127/tools/bin/../lib/gcc/arm-none-eabi/10.3.1/../../../../arm-none-eabi/lib/thumb/v7e-m+fp/hard\libc_nano.a(lib_a-nano-vfprintf.o)
                0x0000000008008d3c                _vfprintf_r
                0x0000000008008d3c                _vfiprintf_r
 .text._printf_common
                0x0000000008008f9c       0xda c:/stmicroelectronics_cube_ide/stm32cubeide_1.10.1/stm32cubeide/plugins/com.st.stm32cube.ide.mcu.externaltools.gnu-tools-for-stm32.10.3-2021.10.win32_1.0.0.202111181127/tools/bin/../lib/gcc/arm-none-eabi/10.3.1/../../../../arm-none-eabi/lib/thumb/v7e-m+fp/hard\libc_nano.a(lib_a-nano-vfprintf_i.o)
                0x0000000008008f9c                _printf_common
 *fill*         0x0000000008009076        0x2 
 .text._printf_i
                0x0000000008009078      0x24c c:/stmicroelectronics_cube_ide/stm32cubeide_1.10.1/stm32cubeide/plugins/com.st.stm32cube.ide.mcu.externaltools.gnu-tools-for-stm32.10.3-2021.10.win32_1.0.0.202111181127/tools/bin/../lib/gcc/arm-none-eabi/10.3.1/../../../../arm-none-eabi/lib/thumb/v7e-m+fp/hard\libc_nano.a(lib_a-nano-vfprintf_i.o)
                0x0000000008009078                _printf_i
 .text._read_r  0x00000000080092c4       0x24 c:/stmicroelectronics_cube_ide/stm32cubeide_1.10.1/stm32cubeide/plugins/com.st.stm32cube.ide.mcu.externaltools.gnu-tools-for-stm32.10.3-2021.10.win32_1.0.0.202111181127/tools/bin/../lib/gcc/arm-none-eabi/10.3.1/../../../../arm-none-eabi/lib/thumb/v7e-m+fp/hard\libc_nano.a(lib_a-readr.o)
                0x00000000080092c4                _read_r
 .text.__swbuf_r
                0x00000000080092e8       0xa4 c:/stmicroelectronics_cube_ide/stm32cubeide_1.10.1/stm32cubeide/plugins/com.st.stm32cube.ide.mcu.externaltools.gnu-tools-for-stm32.10.3-2021.10.win32_1.0.0.202111181127/tools/bin/../lib/gcc/arm-none-eabi/10.3.1/../../../../arm-none-eabi/lib/thumb/v7e-m+fp/hard\libc_nano.a(lib_a-wbuf.o)
                0x00000000080092e8                __swbuf_r
 .text.__swsetup_r
                0x000000000800938c       0xdc c:/stmicroelectronics_cube_ide/stm32cubeide_1.10.1/stm32cubeide/plugins/com.st.stm32cube.ide.mcu.externaltools.gnu-tools-for-stm32.10.3-2021.10.win32_1.0.0.202111181127/tools/bin/../lib/gcc/arm-none-eabi/10.3.1/../../../../arm-none-eabi/lib/thumb/v7e-m+fp/hard\libc_nano.a(lib_a-wsetup.o)
                0x000000000800938c                __swsetup_r
 .text.__swhatbuf_r
                0x0000000008009468       0x4a c:/stmicroelectronics_cube_ide/stm32cubeide_1.10.1/stm32cubeide/plugins/com.st.stm32cube.ide.mcu.externaltools.gnu-tools-for-stm32.10.3-2021.10.win32_1.0.0.202111181127/tools/bin/../lib/gcc/arm-none-eabi/10.3.1/../../../../arm-none-eabi/lib/thumb/v7e-m+fp/hard\libc_nano.a(lib_a-makebuf.o)
                0x0000000008009468                __swhatbuf_r
 *fill*         0x00000000080094b2        0x2 
 .text.__smakebuf_r
                0x00000000080094b4       0x80 c:/stmicroelectronics_cube_ide/stm32cubeide_1.10.1/stm32cubeide/plugins/com.st.stm32cube.ide.mcu.externaltools.gnu-tools-for-stm32.10.3-2021.10.win32_1.0.0.202111181127/tools/bin/../lib/gcc/arm-none-eabi/10.3.1/../../../../arm-none-eabi/lib/thumb/v7e-m+fp/hard\libc_nano.a(lib_a-makebuf.o)
                0x00000000080094b4                __smakebuf_r
 .text.memmove  0x0000000008009534       0x34 c:/stmicroelectronics_cube_ide/stm32cubeide_1.10.1/stm32cubeide/plugins/com.st.stm32cube.ide.mcu.externaltools.gnu-tools-for-stm32.10.3-2021.10.win32_1.0.0.202111181127/tools/bin/../lib/gcc/arm-none-eabi/10.3.1/../../../../arm-none-eabi/lib/thumb/v7e-m+fp/hard\libc_nano.a(lib_a-memmove.o)
                0x0000000008009534                memmove
 .text._realloc_r
                0x0000000008009568       0x5e c:/stmicroelectronics_cube_ide/stm32cubeide_1.10.1/stm32cubeide/plugins/com.st.stm32cube.ide.mcu.externaltools.gnu-tools-for-stm32.10.3-2021.10.win32_1.0.0.202111181127/tools/bin/../lib/gcc/arm-none-eabi/10.3.1/../../../../arm-none-eabi/lib/thumb/v7e-m+fp/hard\libc_nano.a(lib_a-nano-reallocr.o)
                0x0000000008009568                _realloc_r
 *fill*         0x00000000080095c6        0x2 
 .text._fstat_r
                0x00000000080095c8       0x24 c:/stmicroelectronics_cube_ide/stm32cubeide_1.10.1/stm32cubeide/plugins/com.st.stm32cube.ide.mcu.externaltools.gnu-tools-for-stm32.10.3-2021.10.win32_1.0.0.202111181127/tools/bin/../lib/gcc/arm-none-eabi/10.3.1/../../../../arm-none-eabi/lib/thumb/v7e-m+fp/hard\libc_nano.a(lib_a-fstatr.o)
                0x00000000080095c8                _fstat_r
 .text._isatty_r
                0x00000000080095ec       0x20 c:/stmicroelectronics_cube_ide/stm32cubeide_1.10.1/stm32cubeide/plugins/com.st.stm32cube.ide.mcu.externaltools.gnu-tools-for-stm32.10.3-2021.10.win32_1.0.0.202111181127/tools/bin/../lib/gcc/arm-none-eabi/10.3.1/../../../../arm-none-eabi/lib/thumb/v7e-m+fp/hard\libc_nano.a(lib_a-isattyr.o)
                0x00000000080095ec                _isatty_r
 .text._malloc_usable_size_r
                0x000000000800960c       0x10 c:/stmicroelectronics_cube_ide/stm32cubeide_1.10.1/stm32cubeide/plugins/com.st.stm32cube.ide.mcu.externaltools.gnu-tools-for-stm32.10.3-2021.10.win32_1.0.0.202111181127/tools/bin/../lib/gcc/arm-none-eabi/10.3.1/../../../../arm-none-eabi/lib/thumb/v7e-m+fp/hard\libc_nano.a(lib_a-nano-msizer.o)
                0x000000000800960c                _malloc_usable_size_r
 *(.glue_7)
 .glue_7        0x000000000800961c        0x0 linker stubs
 *(.glue_7t)
 .glue_7t       0x000000000800961c        0x0 linker stubs
 *(.eh_frame)
 .eh_frame      0x000000000800961c        0x0 c:/stmicroelectronics_cube_ide/stm32cubeide_1.10.1/stm32cubeide/plugins/com.st.stm32cube.ide.mcu.externaltools.gnu-tools-for-stm32.10.3-2021.10.win32_1.0.0.202111181127/tools/bin/../lib/gcc/arm-none-eabi/10.3.1/thumb/v7e-m+fp/hard/crtbegin.o
 *(.init)
 .init          0x000000000800961c        0x4 c:/stmicroelectronics_cube_ide/stm32cubeide_1.10.1/stm32cubeide/plugins/com.st.stm32cube.ide.mcu.externaltools.gnu-tools-for-stm32.10.3-2021.10.win32_1.0.0.202111181127/tools/bin/../lib/gcc/arm-none-eabi/10.3.1/thumb/v7e-m+fp/hard/crti.o
                0x000000000800961c                _init
 .init          0x0000000008009620        0x8 c:/stmicroelectronics_cube_ide/stm32cubeide_1.10.1/stm32cubeide/plugins/com.st.stm32cube.ide.mcu.externaltools.gnu-tools-for-stm32.10.3-2021.10.win32_1.0.0.202111181127/tools/bin/../lib/gcc/arm-none-eabi/10.3.1/thumb/v7e-m+fp/hard/crtn.o
 *(.fini)
 .fini          0x0000000008009628        0x4 c:/stmicroelectronics_cube_ide/stm32cubeide_1.10.1/stm32cubeide/plugins/com.st.stm32cube.ide.mcu.externaltools.gnu-tools-for-stm32.10.3-2021.10.win32_1.0.0.202111181127/tools/bin/../lib/gcc/arm-none-eabi/10.3.1/thumb/v7e-m+fp/hard/crti.o
                0x0000000008009628                _fini
 .fini          0x000000000800962c        0x8 c:/stmicroelectronics_cube_ide/stm32cubeide_1.10.1/stm32cubeide/plugins/com.st.stm32cube.ide.mcu.externaltools.gnu-tools-for-stm32.10.3-2021.10.win32_1.0.0.202111181127/tools/bin/../lib/gcc/arm-none-eabi/10.3.1/thumb/v7e-m+fp/hard/crtn.o
                0x0000000008009634                . = ALIGN (0x4)
                0x0000000008009634                _etext = .

.vfp11_veneer   0x0000000008009634        0x0
 .vfp11_veneer  0x0000000008009634        0x0 linker stubs

.v4_bx          0x0000000008009634        0x0
 .v4_bx         0x0000000008009634        0x0 linker stubs

.iplt           0x0000000008009634        0x0
 .iplt          0x0000000008009634        0x0 c:/stmicroelectronics_cube_ide/stm32cubeide_1.10.1/stm32cubeide/plugins/com.st.stm32cube.ide.mcu.externaltools.gnu-tools-for-stm32.10.3-2021.10.win32_1.0.0.202111181127/tools/bin/../lib/gcc/arm-none-eabi/10.3.1/thumb/v7e-m+fp/hard/crtbegin.o

.rodata         0x0000000008009634      0x258
                0x0000000008009634                . = ALIGN (0x4)
 *(.rodata)
 .rodata        0x0000000008009634       0x9c ./Core/Src/main.o
 .rodata        0x00000000080096d0        0x5 ./Middlewares/Third_Party/FreeRTOS/Source/tasks.o
 *fill*         0x00000000080096d5        0x3 
 .rodata        0x00000000080096d8        0xd ./Middlewares/Third_Party/FreeRTOS/Source/timers.o
 *(.rodata*)
 *fill*         0x00000000080096e5        0x3 
 .rodata.Rcmd   0x00000000080096e8       0x71 ./Core/Src/lcd.o
                0x00000000080096e8                Rcmd
 *fill*         0x0000000008009759        0x3 
 .rodata.task_take_raw_s_attributes
                0x000000000800975c       0x24 ./Core/Src/main.o
                0x000000000800975c                task_take_raw_s_attributes
 .rodata.task_showing_attributes
                0x0000000008009780       0x24 ./Core/Src/main.o
                0x0000000008009780                task_showing_attributes
 .rodata.muxUART_attributes
                0x00000000080097a4       0x10 ./Core/Src/main.o
                0x00000000080097a4                muxUART_attributes
 .rodata.muxLCD_attributes
                0x00000000080097b4       0x10 ./Core/Src/main.o
                0x00000000080097b4                muxLCD_attributes
 .rodata.__FUNCTION__.1
                0x00000000080097c4        0x5 ./Core/Src/main.o
 *fill*         0x00000000080097c9        0x3 
 .rodata.__PRETTY_FUNCTION__.0
                0x00000000080097cc        0x5 ./Core/Src/main.o
 *fill*         0x00000000080097d1        0x3 
 .rodata.AHBPrescTable
                0x00000000080097d4       0x10 ./Core/Src/system_stm32f4xx.o
                0x00000000080097d4                AHBPrescTable
 .rodata.APBPrescTable
                0x00000000080097e4        0x8 ./Core/Src/system_stm32f4xx.o
                0x00000000080097e4                APBPrescTable
 .rodata.flagBitshiftOffset.0
                0x00000000080097ec        0x8 ./Drivers/STM32F4xx_HAL_Driver/Src/stm32f4xx_hal_dma.o
 .rodata.__sf_fake_stderr
                0x00000000080097f4       0x20 c:/stmicroelectronics_cube_ide/stm32cubeide_1.10.1/stm32cubeide/plugins/com.st.stm32cube.ide.mcu.externaltools.gnu-tools-for-stm32.10.3-2021.10.win32_1.0.0.202111181127/tools/bin/../lib/gcc/arm-none-eabi/10.3.1/../../../../arm-none-eabi/lib/thumb/v7e-m+fp/hard\libc_nano.a(lib_a-findfp.o)
                0x00000000080097f4                __sf_fake_stderr
 .rodata.__sf_fake_stdin
                0x0000000008009814       0x20 c:/stmicroelectronics_cube_ide/stm32cubeide_1.10.1/stm32cubeide/plugins/com.st.stm32cube.ide.mcu.externaltools.gnu-tools-for-stm32.10.3-2021.10.win32_1.0.0.202111181127/tools/bin/../lib/gcc/arm-none-eabi/10.3.1/../../../../arm-none-eabi/lib/thumb/v7e-m+fp/hard\libc_nano.a(lib_a-findfp.o)
                0x0000000008009814                __sf_fake_stdin
 .rodata.__sf_fake_stdout
                0x0000000008009834       0x20 c:/stmicroelectronics_cube_ide/stm32cubeide_1.10.1/stm32cubeide/plugins/com.st.stm32cube.ide.mcu.externaltools.gnu-tools-for-stm32.10.3-2021.10.win32_1.0.0.202111181127/tools/bin/../lib/gcc/arm-none-eabi/10.3.1/../../../../arm-none-eabi/lib/thumb/v7e-m+fp/hard\libc_nano.a(lib_a-findfp.o)
                0x0000000008009834                __sf_fake_stdout
 .rodata._global_impure_ptr
                0x0000000008009854        0x4 c:/stmicroelectronics_cube_ide/stm32cubeide_1.10.1/stm32cubeide/plugins/com.st.stm32cube.ide.mcu.externaltools.gnu-tools-for-stm32.10.3-2021.10.win32_1.0.0.202111181127/tools/bin/../lib/gcc/arm-none-eabi/10.3.1/../../../../arm-none-eabi/lib/thumb/v7e-m+fp/hard\libc_nano.a(lib_a-impure.o)
                0x0000000008009854                _global_impure_ptr
 .rodata._svfprintf_r.str1.1
                0x0000000008009858       0x11 c:/stmicroelectronics_cube_ide/stm32cubeide_1.10.1/stm32cubeide/plugins/com.st.stm32cube.ide.mcu.externaltools.gnu-tools-for-stm32.10.3-2021.10.win32_1.0.0.202111181127/tools/bin/../lib/gcc/arm-none-eabi/10.3.1/../../../../arm-none-eabi/lib/thumb/v7e-m+fp/hard\libc_nano.a(lib_a-nano-svfprintf.o)
 .rodata._vfprintf_r.str1.1
                0x0000000008009869       0x11 c:/stmicroelectronics_cube_ide/stm32cubeide_1.10.1/stm32cubeide/plugins/com.st.stm32cube.ide.mcu.externaltools.gnu-tools-for-stm32.10.3-2021.10.win32_1.0.0.202111181127/tools/bin/../lib/gcc/arm-none-eabi/10.3.1/../../../../arm-none-eabi/lib/thumb/v7e-m+fp/hard\libc_nano.a(lib_a-nano-vfprintf.o)
 .rodata._printf_i.str1.1
                0x0000000008009869       0x22 c:/stmicroelectronics_cube_ide/stm32cubeide_1.10.1/stm32cubeide/plugins/com.st.stm32cube.ide.mcu.externaltools.gnu-tools-for-stm32.10.3-2021.10.win32_1.0.0.202111181127/tools/bin/../lib/gcc/arm-none-eabi/10.3.1/../../../../arm-none-eabi/lib/thumb/v7e-m+fp/hard\libc_nano.a(lib_a-nano-vfprintf_i.o)
                0x000000000800988c                . = ALIGN (0x4)
 *fill*         0x000000000800988b        0x1 

.ARM.extab      0x000000000800988c        0x0
                0x000000000800988c                . = ALIGN (0x4)
 *(.ARM.extab* .gnu.linkonce.armextab.*)
                0x000000000800988c                . = ALIGN (0x4)

.ARM            0x000000000800988c        0x8
                0x000000000800988c                . = ALIGN (0x4)
                0x000000000800988c                __exidx_start = .
 *(.ARM.exidx*)
 .ARM.exidx     0x000000000800988c        0x8 c:/stmicroelectronics_cube_ide/stm32cubeide_1.10.1/stm32cubeide/plugins/com.st.stm32cube.ide.mcu.externaltools.gnu-tools-for-stm32.10.3-2021.10.win32_1.0.0.202111181127/tools/bin/../lib/gcc/arm-none-eabi/10.3.1/thumb/v7e-m+fp/hard\libgcc.a(_udivmoddi4.o)
                0x0000000008009894                __exidx_end = .
                0x0000000008009894                . = ALIGN (0x4)

.rel.dyn        0x0000000008009894        0x0
 .rel.iplt      0x0000000008009894        0x0 c:/stmicroelectronics_cube_ide/stm32cubeide_1.10.1/stm32cubeide/plugins/com.st.stm32cube.ide.mcu.externaltools.gnu-tools-for-stm32.10.3-2021.10.win32_1.0.0.202111181127/tools/bin/../lib/gcc/arm-none-eabi/10.3.1/thumb/v7e-m+fp/hard/crtbegin.o

.preinit_array  0x0000000008009894        0x0
                0x0000000008009894                . = ALIGN (0x4)
                0x0000000008009894                PROVIDE (__preinit_array_start = .)
 *(.preinit_array*)
                0x0000000008009894                PROVIDE (__preinit_array_end = .)
                0x0000000008009894                . = ALIGN (0x4)

.init_array     0x0000000008009894        0x4
                0x0000000008009894                . = ALIGN (0x4)
                0x0000000008009894                PROVIDE (__init_array_start = .)
 *(SORT_BY_NAME(.init_array.*))
 *(.init_array*)
 .init_array    0x0000000008009894        0x4 c:/stmicroelectronics_cube_ide/stm32cubeide_1.10.1/stm32cubeide/plugins/com.st.stm32cube.ide.mcu.externaltools.gnu-tools-for-stm32.10.3-2021.10.win32_1.0.0.202111181127/tools/bin/../lib/gcc/arm-none-eabi/10.3.1/thumb/v7e-m+fp/hard/crtbegin.o
                0x0000000008009898                PROVIDE (__init_array_end = .)
                0x0000000008009898                . = ALIGN (0x4)

.fini_array     0x0000000008009898        0x4
                0x0000000008009898                . = ALIGN (0x4)
                [!provide]                        PROVIDE (__fini_array_start = .)
 *(SORT_BY_NAME(.fini_array.*))
 *(.fini_array*)
 .fini_array    0x0000000008009898        0x4 c:/stmicroelectronics_cube_ide/stm32cubeide_1.10.1/stm32cubeide/plugins/com.st.stm32cube.ide.mcu.externaltools.gnu-tools-for-stm32.10.3-2021.10.win32_1.0.0.202111181127/tools/bin/../lib/gcc/arm-none-eabi/10.3.1/thumb/v7e-m+fp/hard/crtbegin.o
                [!provide]                        PROVIDE (__fini_array_end = .)
                0x000000000800989c                . = ALIGN (0x4)
                0x000000000800989c                _sidata = LOADADDR (.data)

.data           0x0000000020000000       0x7c load address 0x000000000800989c
                0x0000000020000000                . = ALIGN (0x4)
                0x0000000020000000                _sdata = .
 *(.data)
 *(.data*)
 .data.rx_head  0x0000000020000000        0x4 ./Core/Src/main.o
 .data.rx_tail  0x0000000020000004        0x4 ./Core/Src/main.o
 .data.SystemCoreClock
                0x0000000020000008        0x4 ./Core/Src/system_stm32f4xx.o
                0x0000000020000008                SystemCoreClock
 .data.uwTickPrio
                0x000000002000000c        0x4 ./Drivers/STM32F4xx_HAL_Driver/Src/stm32f4xx_hal.o
                0x000000002000000c                uwTickPrio
 .data.uwTickFreq
                0x0000000020000010        0x1 ./Drivers/STM32F4xx_HAL_Driver/Src/stm32f4xx_hal.o
                0x0000000020000010                uwTickFreq
 *fill*         0x0000000020000011        0x3 
 .data.uxCriticalNesting
                0x0000000020000014        0x4 ./Middlewares/Third_Party/FreeRTOS/Source/portable/GCC/ARM_CM4F/port.o
 .data._impure_ptr
                0x0000000020000018        0x4 c:/stmicroelectronics_cube_ide/stm32cubeide_1.10.1/stm32cubeide/plugins/com.st.stm32cube.ide.mcu.externaltools.gnu-tools-for-stm32.10.3-2021.10.win32_1.0.0.202111181127/tools/bin/../lib/gcc/arm-none-eabi/10.3.1/../../../../arm-none-eabi/lib/thumb/v7e-m+fp/hard\libc_nano.a(lib_a-impure.o)
                0x0000000020000018                _impure_ptr
 .data.impure_data
                0x000000002000001c       0x60 c:/stmicroelectronics_cube_ide/stm32cubeide_1.10.1/stm32cubeide/plugins/com.st.stm32cube.ide.mcu.externaltools.gnu-tools-for-stm32.10.3-2021.10.win32_1.0.0.202111181127/tools/bin/../lib/gcc/arm-none-eabi/10.3.1/../../../../arm-none-eabi/lib/thumb/v7e-m+fp/hard\libc_nano.a(lib_a-impure.o)
 *(.RamFunc)
 *(.RamFunc*)
                0x000000002000007c                . = ALIGN (0x4)
                0x000000002000007c                _edata = .

.igot.plt       0x000000002000007c        0x0 load address 0x0000000008009918
 .igot.plt      0x000000002000007c        0x0 c:/stmicroelectronics_cube_ide/stm32cubeide_1.10.1/stm32cubeide/plugins/com.st.stm32cube.ide.mcu.externaltools.gnu-tools-for-stm32.10.3-2021.10.win32_1.0.0.202111181127/tools/bin/../lib/gcc/arm-none-eabi/10.3.1/thumb/v7e-m+fp/hard/crtbegin.o
                0x000000002000007c                . = ALIGN (0x4)

.bss            0x000000002000007c     0x516c load address 0x0000000008009918
                0x000000002000007c                _sbss = .
                0x000000002000007c                __bss_start__ = _sbss
 *(.bss)
 .bss           0x000000002000007c       0x1c c:/stmicroelectronics_cube_ide/stm32cubeide_1.10.1/stm32cubeide/plugins/com.st.stm32cube.ide.mcu.externaltools.gnu-tools-for-stm32.10.3-2021.10.win32_1.0.0.202111181127/tools/bin/../lib/gcc/arm-none-eabi/10.3.1/thumb/v7e-m+fp/hard/crtbegin.o
 *(.bss*)
 .bss.rotation  0x0000000020000098        0x1 ./Core/Src/lcd.o
 *fill*         0x0000000020000099        0x1 
 .bss._xstart   0x000000002000009a        0x2 ./Core/Src/lcd.o
 .bss._ystart   0x000000002000009c        0x2 ./Core/Src/lcd.o
 .bss._width    0x000000002000009e        0x2 ./Core/Src/lcd.o
 .bss._height   0x00000000200000a0        0x2 ./Core/Src/lcd.o
 .bss._colstart
                0x00000000200000a2        0x1 ./Core/Src/lcd.o
 .bss._rowstart
                0x00000000200000a3        0x1 ./Core/Src/lcd.o
 .bss.hadc1     0x00000000200000a4       0x48 ./Core/Src/main.o
                0x00000000200000a4                hadc1
 .bss.hi2c1     0x00000000200000ec       0x54 ./Core/Src/main.o
                0x00000000200000ec                hi2c1
 .bss.hspi1     0x0000000020000140       0x58 ./Core/Src/main.o
                0x0000000020000140                hspi1
 .bss.htim3     0x0000000020000198       0x48 ./Core/Src/main.o
                0x0000000020000198                htim3
 .bss.huart1    0x00000000200001e0       0x44 ./Core/Src/main.o
                0x00000000200001e0                huart1
 .bss.hdma_usart1_rx
                0x0000000020000224       0x60 ./Core/Src/main.o
                0x0000000020000224                hdma_usart1_rx
 .bss.task_take_raw_sHandle
                0x0000000020000284        0x4 ./Core/Src/main.o
                0x0000000020000284                task_take_raw_sHandle
 .bss.task_showingHandle
                0x0000000020000288        0x4 ./Core/Src/main.o
                0x0000000020000288                task_showingHandle
 .bss.muxUARTHandle
                0x000000002000028c        0x4 ./Core/Src/main.o
                0x000000002000028c                muxUARTHandle
 .bss.muxLCDHandle
                0x0000000020000290        0x4 ./Core/Src/main.o
                0x0000000020000290                muxLCDHandle
 .bss.rx_buffer
                0x0000000020000294       0xc8 ./Core/Src/main.o
 .bss.text      0x000000002000035c       0x64 ./Core/Src/main.o
                0x000000002000035c                text
 .bss.__sbrk_heap_end
                0x00000000200003c0        0x4 ./Core/Src/sysmem.o
 .bss.uwTick    0x00000000200003c4        0x4 ./Drivers/STM32F4xx_HAL_Driver/Src/stm32f4xx_hal.o
                0x00000000200003c4                uwTick
 .bss.KernelState
                0x00000000200003c8        0x4 ./Middlewares/Third_Party/FreeRTOS/Source/CMSIS_RTOS_V2/cmsis_os2.o
 .bss.Idle_TCB.3
                0x00000000200003cc       0xbc ./Middlewares/Third_Party/FreeRTOS/Source/CMSIS_RTOS_V2/cmsis_os2.o
 .bss.Idle_Stack.2
                0x0000000020000488      0x200 ./Middlewares/Third_Party/FreeRTOS/Source/CMSIS_RTOS_V2/cmsis_os2.o
 .bss.Timer_TCB.1
                0x0000000020000688       0xbc ./Middlewares/Third_Party/FreeRTOS/Source/CMSIS_RTOS_V2/cmsis_os2.o
 .bss.Timer_Stack.0
                0x0000000020000744      0x400 ./Middlewares/Third_Party/FreeRTOS/Source/CMSIS_RTOS_V2/cmsis_os2.o
 .bss.xQueueRegistry
                0x0000000020000b44       0x40 ./Middlewares/Third_Party/FreeRTOS/Source/queue.o
                0x0000000020000b44                xQueueRegistry
 .bss.pxCurrentTCB
                0x0000000020000b84        0x4 ./Middlewares/Third_Party/FreeRTOS/Source/tasks.o
                0x0000000020000b84                pxCurrentTCB
 .bss.pxReadyTasksLists
                0x0000000020000b88      0x460 ./Middlewares/Third_Party/FreeRTOS/Source/tasks.o
 .bss.xDelayedTaskList1
                0x0000000020000fe8       0x14 ./Middlewares/Third_Party/FreeRTOS/Source/tasks.o
 .bss.xDelayedTaskList2
                0x0000000020000ffc       0x14 ./Middlewares/Third_Party/FreeRTOS/Source/tasks.o
 .bss.pxDelayedTaskList
                0x0000000020001010        0x4 ./Middlewares/Third_Party/FreeRTOS/Source/tasks.o
 .bss.pxOverflowDelayedTaskList
                0x0000000020001014        0x4 ./Middlewares/Third_Party/FreeRTOS/Source/tasks.o
 .bss.xPendingReadyList
                0x0000000020001018       0x14 ./Middlewares/Third_Party/FreeRTOS/Source/tasks.o
 .bss.xTasksWaitingTermination
                0x000000002000102c       0x14 ./Middlewares/Third_Party/FreeRTOS/Source/tasks.o
 .bss.uxDeletedTasksWaitingCleanUp
                0x0000000020001040        0x4 ./Middlewares/Third_Party/FreeRTOS/Source/tasks.o
 .bss.xSuspendedTaskList
                0x0000000020001044       0x14 ./Middlewares/Third_Party/FreeRTOS/Source/tasks.o
 .bss.uxCurrentNumberOfTasks
                0x0000000020001058        0x4 ./Middlewares/Third_Party/FreeRTOS/Source/tasks.o
 .bss.xTickCount
                0x000000002000105c        0x4 ./Middlewares/Third_Party/FreeRTOS/Source/tasks.o
 .bss.uxTopReadyPriority
                0x0000000020001060        0x4 ./Middlewares/Third_Party/FreeRTOS/Source/tasks.o
 .bss.xSchedulerRunning
                0x0000000020001064        0x4 ./Middlewares/Third_Party/FreeRTOS/Source/tasks.o
 .bss.xPendedTicks
                0x0000000020001068        0x4 ./Middlewares/Third_Party/FreeRTOS/Source/tasks.o
 .bss.xYieldPending
                0x000000002000106c        0x4 ./Middlewares/Third_Party/FreeRTOS/Source/tasks.o
 .bss.xNumOfOverflows
                0x0000000020001070        0x4 ./Middlewares/Third_Party/FreeRTOS/Source/tasks.o
 .bss.uxTaskNumber
                0x0000000020001074        0x4 ./Middlewares/Third_Party/FreeRTOS/Source/tasks.o
 .bss.xNextTaskUnblockTime
                0x0000000020001078        0x4 ./Middlewares/Third_Party/FreeRTOS/Source/tasks.o
 .bss.xIdleTaskHandle
                0x000000002000107c        0x4 ./Middlewares/Third_Party/FreeRTOS/Source/tasks.o
 .bss.uxSchedulerSuspended
                0x0000000020001080        0x4 ./Middlewares/Third_Party/FreeRTOS/Source/tasks.o
 .bss.xActiveTimerList1
                0x0000000020001084       0x14 ./Middlewares/Third_Party/FreeRTOS/Source/timers.o
 .bss.xActiveTimerList2
                0x0000000020001098       0x14 ./Middlewares/Third_Party/FreeRTOS/Source/timers.o
 .bss.pxCurrentTimerList
                0x00000000200010ac        0x4 ./Middlewares/Third_Party/FreeRTOS/Source/timers.o
 .bss.pxOverflowTimerList
                0x00000000200010b0        0x4 ./Middlewares/Third_Party/FreeRTOS/Source/timers.o
 .bss.xTimerQueue
                0x00000000200010b4        0x4 ./Middlewares/Third_Party/FreeRTOS/Source/timers.o
 .bss.xTimerTaskHandle
                0x00000000200010b8        0x4 ./Middlewares/Third_Party/FreeRTOS/Source/timers.o
 .bss.xLastTime.2
                0x00000000200010bc        0x4 ./Middlewares/Third_Party/FreeRTOS/Source/timers.o
 .bss.ucStaticTimerQueueStorage.1
                0x00000000200010c0       0xa0 ./Middlewares/Third_Party/FreeRTOS/Source/timers.o
 .bss.xStaticTimerQueue.0
                0x0000000020001160       0x50 ./Middlewares/Third_Party/FreeRTOS/Source/timers.o
 .bss.ucMaxSysCallPriority
                0x00000000200011b0        0x1 ./Middlewares/Third_Party/FreeRTOS/Source/portable/GCC/ARM_CM4F/port.o
 *fill*         0x00000000200011b1        0x3 
 .bss.ulMaxPRIGROUPValue
                0x00000000200011b4        0x4 ./Middlewares/Third_Party/FreeRTOS/Source/portable/GCC/ARM_CM4F/port.o
 .bss.ucHeap    0x00000000200011b8     0x4000 ./Middlewares/Third_Party/FreeRTOS/Source/portable/MemMang/heap_4.o
 .bss.xStart    0x00000000200051b8        0x8 ./Middlewares/Third_Party/FreeRTOS/Source/portable/MemMang/heap_4.o
 .bss.pxEnd     0x00000000200051c0        0x4 ./Middlewares/Third_Party/FreeRTOS/Source/portable/MemMang/heap_4.o
 .bss.xFreeBytesRemaining
                0x00000000200051c4        0x4 ./Middlewares/Third_Party/FreeRTOS/Source/portable/MemMang/heap_4.o
 .bss.xMinimumEverFreeBytesRemaining
                0x00000000200051c8        0x4 ./Middlewares/Third_Party/FreeRTOS/Source/portable/MemMang/heap_4.o
 .bss.xNumberOfSuccessfulAllocations
                0x00000000200051cc        0x4 ./Middlewares/Third_Party/FreeRTOS/Source/portable/MemMang/heap_4.o
 .bss.xNumberOfSuccessfulFrees
                0x00000000200051d0        0x4 ./Middlewares/Third_Party/FreeRTOS/Source/portable/MemMang/heap_4.o
 .bss.xBlockAllocatedBit
                0x00000000200051d4        0x4 ./Middlewares/Third_Party/FreeRTOS/Source/portable/MemMang/heap_4.o
 .bss.__lock___malloc_recursive_mutex
                0x00000000200051d8        0x1 c:/stmicroelectronics_cube_ide/stm32cubeide_1.10.1/stm32cubeide/plugins/com.st.stm32cube.ide.mcu.externaltools.gnu-tools-for-stm32.10.3-2021.10.win32_1.0.0.202111181127/tools/bin/../lib/gcc/arm-none-eabi/10.3.1/../../../../arm-none-eabi/lib/thumb/v7e-m+fp/hard\libc_nano.a(lib_a-lock.o)
                0x00000000200051d8                __lock___malloc_recursive_mutex
 .bss.__lock___sfp_recursive_mutex
                0x00000000200051d9        0x1 c:/stmicroelectronics_cube_ide/stm32cubeide_1.10.1/stm32cubeide/plugins/com.st.stm32cube.ide.mcu.externaltools.gnu-tools-for-stm32.10.3-2021.10.win32_1.0.0.202111181127/tools/bin/../lib/gcc/arm-none-eabi/10.3.1/../../../../arm-none-eabi/lib/thumb/v7e-m+fp/hard\libc_nano.a(lib_a-lock.o)
                0x00000000200051d9                __lock___sfp_recursive_mutex
 .bss.__lock___sinit_recursive_mutex
                0x00000000200051da        0x1 c:/stmicroelectronics_cube_ide/stm32cubeide_1.10.1/stm32cubeide/plugins/com.st.stm32cube.ide.mcu.externaltools.gnu-tools-for-stm32.10.3-2021.10.win32_1.0.0.202111181127/tools/bin/../lib/gcc/arm-none-eabi/10.3.1/../../../../arm-none-eabi/lib/thumb/v7e-m+fp/hard\libc_nano.a(lib_a-lock.o)
                0x00000000200051da                __lock___sinit_recursive_mutex
 *fill*         0x00000000200051db        0x1 
 .bss.__malloc_free_list