../Core/Src/main.c:110:14:create_new_elem	16	static
../Core/Src/main.c:128:14:delete_elem	16	static
../Core/Src/main.c:150:5:main	8	static
../Core/Src/main.c:243:6:SystemClock_Config	88	static
../Core/Src/main.c:289:13:MX_I2C1_Init	8	static
../Core/Src/main.c:323:13:MX_USART1_UART_Init	8	static
../Core/Src/main.c:356:13:MX_GPIO_Init	24	static
../Core/Src/main.c:381:6:start_task_take_raw_s	24	static
../Core/Src/main.c:417:6:start_task_showing	40	static
../Core/Src/main.c:450:6:Error_Handler	4	static,ignoring_inline_asm
