../Core/Src/main.c:116:14:create_new_elem	16	static
../Core/Src/main.c:126:14:delete_elem	16	static
../Core/Src/main.c:141:5:main	8	static
../Core/Src/main.c:232:6:SystemClock_Config	88	static
../Core/Src/main.c:279:13:MX_I2C1_Init	8	static
../Core/Src/main.c:313:13:MX_TIM3_Init	32	static
../Core/Src/main.c:358:13:MX_USART1_UART_Init	8	static
../Core/Src/main.c:391:13:MX_GPIO_Init	48	static
../Core/Src/main.c:424:6:HAL_GPIO_EXTI_Callback	16	static
../Core/Src/main.c:428:6:HAL_TIM_PeriodElapsedCallback	16	static
../Core/Src/main.c:441:6:start_task_take_raw_s	24	static
../Core/Src/main.c:477:6:start_task_showing	40	static
../Core/Src/main.c:502:6:Error_Handler	4	static,ignoring_inline_asm
