../Core/Src/lcd.c:88:13:lcd_start_write	8	static
../Core/Src/lcd.c:92:13:lcd_end_write	8	static
../Core/Src/lcd.c:96:13:lcd_start_command	8	static
../Core/Src/lcd.c:100:13:lcd_start_data	8	static
../Core/Src/lcd.c:104:13:lcd_spi_send_com	24	static
../Core/Src/lcd.c:113:13:lcd_spi_send_data	24	static
../Core/Src/lcd.c:124:13:lcd_set_window	32	static
../Core/Src/lcd.c:141:5:lcd_init	24	static
../Core/Src/lcd.c:181:5:lcd_set_rotation	24	static
../Core/Src/lcd.c:222:6:lcd_pixel	24	static
../Core/Src/lcd.c:233:6:lcd_vline	32	static
../Core/Src/lcd.c:244:6:lcd_hline	32	static
../Core/Src/lcd.c:255:6:lcd_rect	24	static
../Core/Src/lcd.c:262:6:lcd_fill_rect	32	static
../Core/Src/lcd.c:276:6:lcd_fill	24	static
../Core/Src/lcd.c:280:6:lcd_line	48	static
../Core/Src/lcd.c:319:6:lcd_circle	40	static
../Core/Src/lcd.c:354:6:lcd_fill_circle	40	static
../Core/Src/lcd.c:386:6:lcd_set_text_color	16	static
../Core/Src/lcd.c:390:6:lcd_set_text_bg_color	16	static
../Core/Src/lcd.c:394:6:lcd_char	40	static
../Core/Src/lcd.c:430:6:lcd_putchar	48	static
../Core/Src/lcd.c:444:6:lcd_print	16	static
