../Core/Src/lcd.c:93:13:lcd_start_write	8	static
../Core/Src/lcd.c:97:13:lcd_end_write	8	static
../Core/Src/lcd.c:101:13:lcd_start_command	8	static
../Core/Src/lcd.c:105:13:lcd_start_data	8	static
../Core/Src/lcd.c:109:13:lcd_spi_send_com	24	static
../Core/Src/lcd.c:118:13:lcd_spi_send_data	24	static
../Core/Src/lcd.c:129:13:lcd_set_window	32	static
../Core/Src/lcd.c:146:5:lcd_init	24	static
../Core/Src/lcd.c:186:5:lcd_set_rotation	24	static
../Core/Src/lcd.c:227:6:lcd_pixel	24	static
../Core/Src/lcd.c:238:6:lcd_vline	32	static
../Core/Src/lcd.c:249:6:lcd_hline	32	static
../Core/Src/lcd.c:260:6:lcd_rect	24	static
../Core/Src/lcd.c:267:6:lcd_fill_rect	32	static
../Core/Src/lcd.c:281:6:lcd_fill	24	static
../Core/Src/lcd.c:285:6:lcd_line	48	static
../Core/Src/lcd.c:324:6:lcd_circle	40	static
../Core/Src/lcd.c:359:6:lcd_fill_circle	40	static
../Core/Src/lcd.c:391:6:lcd_set_text_color	16	static
../Core/Src/lcd.c:395:6:lcd_set_text_bg_color	16	static
../Core/Src/lcd.c:400:6:lcd_char	40	static
../Core/Src/lcd.c:436:7:lcd_putchar	48	static
../Core/Src/lcd.c:450:7:lcd_print	16	static
