../Core/Src/main.c:112:14:create_new_elem	16	static
../Core/Src/main.c:130:14:delete_elem	16	static
../Core/Src/main.c:152:5:main	8	static
../Core/Src/main.c:244:6:SystemClock_Config	88	static
../Core/Src/main.c:291:13:MX_I2C1_Init	8	static
../Core/Src/main.c:325:13:MX_SPI1_Init	8	static
../Core/Src/main.c:363:13:MX_TIM3_Init	32	static
../Core/Src/main.c:408:13:MX_USART1_UART_Init	8	static
../Core/Src/main.c:441:13:MX_GPIO_Init	48	static
../Core/Src/main.c:484:6:HAL_GPIO_EXTI_Callback	16	static
../Core/Src/main.c:488:6:HAL_TIM_PeriodElapsedCallback	16	static
../Core/Src/main.c:501:6:start_task_take_raw_s	24	static
../Core/Src/main.c:537:6:start_task_showing	40	static
../Core/Src/main.c:564:6:Error_Handler	4	static,ignoring_inline_asm
