../Core/Src/main.c:154:5:main	8	static
../Core/Src/main.c:268:6:SystemClock_Config	88	static
../Core/Src/main.c:315:13:MX_ADC1_Init	24	static
../Core/Src/main.c:367:13:MX_I2C1_Init	8	static
../Core/Src/main.c:401:13:MX_SPI1_Init	8	static
../Core/Src/main.c:439:13:MX_TIM3_Init	32	static
../Core/Src/main.c:484:13:MX_USART1_UART_Init	8	static
../Core/Src/main.c:517:13:MX_USART6_UART_Init	8	static
../Core/Src/main.c:548:13:MX_DMA_Init	16	static
../Core/Src/main.c:569:13:MX_GPIO_Init	48	static
../Core/Src/main.c:612:6:HAL_GPIO_EXTI_Callback	16	static
../Core/Src/main.c:625:6:StartTaskWiFi	120	static
../Core/Src/main.c:688:6:StartTaskBaro	16	static
../Core/Src/main.c:715:6:StartTaskDefault	24	static
../Core/Src/main.c:782:6:Error_Handler	4	static,ignoring_inline_asm
