../Core/Src/syscalls.c:47:6:initialise_monitor_handles	4	static
../Core/Src/syscalls.c:50:5:_getpid	4	static
../Core/Src/syscalls.c:54:5:_kill	16	static
c:\stmicroelectronics_cube_ide\stm32cubeide_1.10.1\stm32cubeide\plugins\com.st.stm32cube.ide.mcu.externaltools.gnu-tools-for-stm32.10.3-2021.10.win32_1.0.0.202111181127\tools\arm-none-eabi\include\sys\unistd.h:18:6:_exit	16	static
../Core/Src/syscalls.c:64:5:_read	32	static
../Core/Src/syscalls.c:72:5:_write	32	static
../Core/Src/syscalls.c:80:5:_close	16	static
../Core/Src/syscalls.c:87:5:_fstat	16	static
../Core/Src/syscalls.c:92:5:_isatty	16	static
../Core/Src/syscalls.c:97:5:_lseek	24	static
../Core/Src/syscalls.c:101:5:_open	20	static
../Core/Src/syscalls.c:107:5:_wait	16	static
../Core/Src/syscalls.c:112:5:_unlink	16	static
../Core/Src/syscalls.c:117:5:_times	16	static
../Core/Src/syscalls.c:121:5:_stat	16	static
../Core/Src/syscalls.c:126:5:_link	16	static
../Core/Src/syscalls.c:131:5:_fork	8	static
../Core/Src/syscalls.c:136:5:_execve	24	static
