Archive member included to satisfy reference by file (symbol)

c:/stmicroelectronics_cube_ide/stm32cubeide_1.10.1/stm32cubeide/plugins/com.st.stm32cube.ide.mcu.externaltools.gnu-tools-for-stm32.10.3-2021.10.win32_1.0.0.202111181127/tools/bin/../lib/gcc/arm-none-eabi/10.3.1/../../../../arm-none-eabi/lib/thumb/v7e-m+fp/hard\libc_nano.a(lib_a-errno.o)
                              ./Core/Src/syscalls.o (__errno)
c:/stmicroelectronics_cube_ide/stm32cubeide_1.10.1/stm32cubeide/plugins/com.st.stm32cube.ide.mcu.externaltools.gnu-tools-for-stm32.10.3-2021.10.win32_1.0.0.202111181127/tools/bin/../lib/gcc/arm-none-eabi/10.3.1/../../../../arm-none-eabi/lib/thumb/v7e-m+fp/hard\libc_nano.a(lib_a-exit.o)
                              c:/stmicroelectronics_cube_ide/stm32cubeide_1.10.1/stm32cubeide/plugins/com.st.stm32cube.ide.mcu.externaltools.gnu-tools-for-stm32.10.3-2021.10.win32_1.0.0.202111181127/tools/bin/../lib/gcc/arm-none-eabi/10.3.1/../../../../arm-none-eabi/lib/thumb/v7e-m+fp/hard/crt0.o (exit)
c:/stmicroelectronics_cube_ide/stm32cubeide_1.10.1/stm32cubeide/plugins/com.st.stm32cube.ide.mcu.externaltools.gnu-tools-for-stm32.10.3-2021.10.win32_1.0.0.202111181127/tools/bin/../lib/gcc/arm-none-eabi/10.3.1/../../../../arm-none-eabi/lib/thumb/v7e-m+fp/hard\libc_nano.a(lib_a-findfp.o)
                              ./Middlewares/Third_Party/FreeRTOS/Source/tasks.o (__sf_fake_stderr)
c:/stmicroelectronics_cube_ide/stm32cubeide_1.10.1/stm32cubeide/plugins/com.st.stm32cube.ide.mcu.externaltools.gnu-tools-for-stm32.10.3-2021.10.win32_1.0.0.202111181127/tools/bin/../lib/gcc/arm-none-eabi/10.3.1/../../../../arm-none-eabi/lib/thumb/v7e-m+fp/hard\libc_nano.a(lib_a-fwalk.o)
                              c:/stmicroelectronics_cube_ide/stm32cubeide_1.10.1/stm32cubeide/plugins/com.st.stm32cube.ide.mcu.externaltools.gnu-tools-for-stm32.10.3-2021.10.win32_1.0.0.202111181127/tools/bin/../lib/gcc/arm-none-eabi/10.3.1/../../../../arm-none-eabi/lib/thumb/v7e-m+fp/hard\libc_nano.a(lib_a-findfp.o) (_fwalk)
c:/stmicroelectronics_cube_ide/stm32cubeide_1.10.1/stm32cubeide/plugins/com.st.stm32cube.ide.mcu.externaltools.gnu-tools-for-stm32.10.3-2021.10.win32_1.0.0.202111181127/tools/bin/../lib/gcc/arm-none-eabi/10.3.1/../../../../arm-none-eabi/lib/thumb/v7e-m+fp/hard\libc_nano.a(lib_a-impure.o)
                              c:/stmicroelectronics_cube_ide/stm32cubeide_1.10.1/stm32cubeide/plugins/com.st.stm32cube.ide.mcu.externaltools.gnu-tools-for-stm32.10.3-2021.10.win32_1.0.0.202111181127/tools/bin/../lib/gcc/arm-none-eabi/10.3.1/../../../../arm-none-eabi/lib/thumb/v7e-m+fp/hard\libc_nano.a(lib_a-exit.o) (_global_impure_ptr)
c:/stmicroelectronics_cube_ide/stm32cubeide_1.10.1/stm32cubeide/plugins/com.st.stm32cube.ide.mcu.externaltools.gnu-tools-for-stm32.10.3-2021.10.win32_1.0.0.202111181127/tools/bin/../lib/gcc/arm-none-eabi/10.3.1/../../../../arm-none-eabi/lib/thumb/v7e-m+fp/hard\libc_nano.a(lib_a-init.o)
                              c:/stmicroelectronics_cube_ide/stm32cubeide_1.10.1/stm32cubeide/plugins/com.st.stm32cube.ide.mcu.externaltools.gnu-tools-for-stm32.10.3-2021.10.win32_1.0.0.202111181127/tools/bin/../lib/gcc/arm-none-eabi/10.3.1/../../../../arm-none-eabi/lib/thumb/v7e-m+fp/hard/crt0.o (__libc_init_array)
c:/stmicroelectronics_cube_ide/stm32cubeide_1.10.1/stm32cubeide/plugins/com.st.stm32cube.ide.mcu.externaltools.gnu-tools-for-stm32.10.3-2021.10.win32_1.0.0.202111181127/tools/bin/../lib/gcc/arm-none-eabi/10.3.1/../../../../arm-none-eabi/lib/thumb/v7e-m+fp/hard\libc_nano.a(lib_a-lock.o)
                              c:/stmicroelectronics_cube_ide/stm32cubeide_1.10.1/stm32cubeide/plugins/com.st.stm32cube.ide.mcu.externaltools.gnu-tools-for-stm32.10.3-2021.10.win32_1.0.0.202111181127/tools/bin/../lib/gcc/arm-none-eabi/10.3.1/../../../../arm-none-eabi/lib/thumb/v7e-m+fp/hard\libc_nano.a(lib_a-findfp.o) (__retarget_lock_init_recursive)
c:/stmicroelectronics_cube_ide/stm32cubeide_1.10.1/stm32cubeide/plugins/com.st.stm32cube.ide.mcu.externaltools.gnu-tools-for-stm32.10.3-2021.10.win32_1.0.0.202111181127/tools/bin/../lib/gcc/arm-none-eabi/10.3.1/../../../../arm-none-eabi/lib/thumb/v7e-m+fp/hard\libc_nano.a(lib_a-malloc.o)
                              ./Core/Src/main.o (malloc)
c:/stmicroelectronics_cube_ide/stm32cubeide_1.10.1/stm32cubeide/plugins/com.st.stm32cube.ide.mcu.externaltools.gnu-tools-for-stm32.10.3-2021.10.win32_1.0.0.202111181127/tools/bin/../lib/gcc/arm-none-eabi/10.3.1/../../../../arm-none-eabi/lib/thumb/v7e-m+fp/hard\libc_nano.a(lib_a-memcpy-stub.o)
                              ./Middlewares/Third_Party/FreeRTOS/Source/CMSIS_RTOS_V2/cmsis_os2.o (memcpy)
c:/stmicroelectronics_cube_ide/stm32cubeide_1.10.1/stm32cubeide/plugins/com.st.stm32cube.ide.mcu.externaltools.gnu-tools-for-stm32.10.3-2021.10.win32_1.0.0.202111181127/tools/bin/../lib/gcc/arm-none-eabi/10.3.1/../../../../arm-none-eabi/lib/thumb/v7e-m+fp/hard\libc_nano.a(lib_a-memset.o)
[...]
Memory Configuration

Name             Origin             Length             Attributes
RAM              0x0000000020000000 0x0000000000010000 xrw
FLASH            0x0000000008000000 0x0000000000040000 xr
*default*        0x0000000000000000 0xffffffffffffffff

Linker script and memory map

LOAD c:/stmicroelectronics_cube_ide/stm32cubeide_1.10.1/stm32cubeide/plugins/com.st.stm32cube.ide.mcu.externaltools.gnu-tools-for-stm32.10.3-2021.10.win32_1.0.0.202111181127/tools/bin/../lib/gcc/arm-none-eabi/10.3.1/thumb/v7e-m+fp/hard/crti.o
LOAD c:/stmicroelectronics_cube_ide/stm32cubeide_1.10.1/stm32cubeide/plugins/com.st.stm32cube.ide.mcu.externaltools.gnu-tools-for-stm32.10.3-2021.10.win32_1.0.0.202111181127/tools/bin/../lib/gcc/arm-none-eabi/10.3.1/thumb/v7e-m+fp/hard/crtbegin.o
LOAD c:/stmicroelectronics_cube_ide/stm32cubeide_1.10.1/stm32cubeide/plugins/com.st.stm32cube.ide.mcu.externaltools.gnu-tools-for-stm32.10.3-2021.10.win32_1.0.0.202111181127/tools/bin/../lib/gcc/arm-none-eabi/10.3.1/../../../../arm-none-eabi/lib/thumb/v7e-m+fp/hard/crt0.o
LOAD ./Core/Src/baro.o
LOAD ./Core/Src/freertos.o
LOAD ./Core/Src/lcd.o
LOAD ./Core/Src/main.o
LOAD ./Core/Src/stm32f4xx_hal_msp.o
LOAD ./Core/Src/stm32f4xx_it.o
LOAD ./Core/Src/syscalls.o
LOAD ./Core/Src/sysmem.o
LOAD ./Core/Src/system_stm32f4xx.o
LOAD ./Core/Startup/startup_stm32f401ccux.o
LOAD ./Drivers/STM32F4xx_HAL_Driver/Src/stm32f4xx_hal.o
LOAD ./Drivers/STM32F4xx_HAL_Driver/Src/stm32f4xx_hal_cortex.o
LOAD ./Drivers/STM32F4xx_HAL_Driver/Src/stm32f4xx_hal_dma.o
LOAD ./Drivers/STM32F4xx_HAL_Driver/Src/stm32f4xx_hal_dma_ex.o
LOAD ./Drivers/STM32F4xx_HAL_Driver/Src/stm32f4xx_hal_exti.o
LOAD ./Drivers/STM32F4xx_HAL_Driver/Src/stm32f4xx_hal_flash.o
LOAD ./Drivers/STM32F4xx_HAL_Driver/Src/stm32f4xx_hal_flash_ex.o
LOAD ./Drivers/STM32F4xx_HAL_Driver/Src/stm32f4xx_hal_flash_ramfunc.o
LOAD ./Drivers/STM32F4xx_HAL_Driver/Src/stm32f4xx_hal_gpio.o
LOAD ./Drivers/STM32F4xx_HAL_Driver/Src/stm32f4xx_hal_i2c.o
LOAD ./Drivers/STM32F4xx_HAL_Driver/Src/stm32f4xx_hal_i2c_ex.o
LOAD ./Drivers/STM32F4xx_HAL_Driver/Src/stm32f4xx_hal_pwr.o
LOAD ./Drivers/STM32F4xx_HAL_Driver/Src/stm32f4xx_hal_pwr_ex.o
LOAD ./Drivers/STM32F4xx_HAL_Driver/Src/stm32f4xx_hal_rcc.o
LOAD ./Drivers/STM32F4xx_HAL_Driver/Src/stm32f4xx_hal_rcc_ex.o
LOAD ./Drivers/STM32F4xx_HAL_Driver/Src/stm32f4xx_hal_spi.o
LOAD ./Drivers/STM32F4xx_HAL_Driver/Src/stm32f4xx_hal_tim.o
LOAD ./Drivers/STM32F4xx_HAL_Driver/Src/stm32f4xx_hal_tim_ex.o
LOAD ./Drivers/STM32F4xx_HAL_Driver/Src/stm32f4xx_hal_uart.o
LOAD ./Middlewares/Third_Party/FreeRTOS/Source/CMSIS_RTOS_V2/cmsis_os2.o
LOAD ./Middlewares/Third_Party/FreeRTOS/Source/croutine.o
LOAD ./Middlewares/Third_Party/FreeRTOS/Source/event_groups.o
LOAD ./Middlewares/Third_Party/FreeRTOS/Source/list.o
LOAD ./Middlewares/Third_Party/FreeRTOS/Source/queue.o
LOAD ./Middlewares/Third_Party/FreeRTOS/Source/stream_buffer.o
LOAD ./Middlewares/Third_Party/FreeRTOS/Source/tasks.o
LOAD ./Middlewares/Third_Party/FreeRTOS/Source/timers.o
LOAD ./Middlewares/Third_Party/FreeRTOS/Source/portable/GCC/ARM_CM4F/port.o
LOAD ./Middlewares/Third_Party/FreeRTOS/Source/portable/MemMang/heap_4.o
START GROUP
LOAD c:/stmicroelectronics_cube_ide/stm32cubeide_1.10.1/stm32cubeide/plugins/com.st.stm32cube.ide.mcu.externaltools.gnu-tools-for-stm32.10.3-2021.10.win32_1.0.0.202111181127/tools/bin/../lib/gcc/arm-none-eabi/10.3.1/../../../../arm-none-eabi/lib/thumb/v7e-m+fp/hard\libc_nano.a
LOAD c:/stmicroelectronics_cube_ide/stm32cubeide_1.10.1/stm32cubeide/plugins/com.st.stm32cube.ide.mcu.externaltools.gnu-tools-for-stm32.10.3-2021.10.win32_1.0.0.202111181127/tools/bin/../lib/gcc/arm-none-eabi/10.3.1/../../../../arm-none-eabi/lib/thumb/v7e-m+fp/hard\libm.a
END GROUP
START GROUP
LOAD c:/stmicroelectronics_cube_ide/stm32cubeide_1.10.1/stm32cubeide/plugins/com.st.stm32cube.ide.mcu.externaltools.gnu-tools-for-stm32.10.3-2021.10.win32_1.0.0.202111181127/tools/bin/../lib/gcc/arm-none-eabi/10.3.1/thumb/v7e-m+fp/hard\libgcc.a
LOAD c:/stmicroelectronics_cube_ide/stm32cubeide_1.10.1/stm32cubeide/plugins/com.st.stm32cube.ide.mcu.externaltools.gnu-tools-for-stm32.10.3-2021.10.win32_1.0.0.202111181127/tools/bin/../lib/gcc/arm-none-eabi/10.3.1/../../../../arm-none-eabi/lib/thumb/v7e-m+fp/hard\libc_nano.a
END GROUP
START GROUP
LOAD c:/stmicroelectronics_cube_ide/stm32cubeide_1.10.1/stm32cubeide/plugins/com.st.stm32cube.ide.mcu.externaltools.gnu-tools-for-stm32.10.3-2021.10.win32_1.0.0.202111181127/tools/bin/../lib/gcc/arm-none-eabi/10.3.1/thumb/v7e-m+fp/hard\libgcc.a
LOAD c:/stmicroelectronics_cube_ide/stm32cubeide_1.10.1/stm32cubeide/plugins/com.st.stm32cube.ide.mcu.externaltools.gnu-tools-for-stm32.10.3-2021.10.win32_1.0.0.202111181127/tools/bin/../lib/gcc/arm-none-eabi/10.3.1/../../../../arm-none-eabi/lib/thumb/v7e-m+fp/hard\libc_nano.a
LOAD c:/stmicroelectronics_cube_ide/stm32cubeide_1.10.1/stm32cubeide/plugins/com.st.stm32cube.ide.mcu.externaltools.gnu-tools-for-stm32.10.3-2021.10.win32_1.0.0.202111181127/tools/bin/../lib/gcc/arm-none-eabi/10.3.1/../../../../arm-none-eabi/lib/thumb/v7e-m+fp/hard\libnosys.a
END GROUP
START GROUP
LOAD c:/stmicroelectronics_cube_ide/stm32cubeide_1.10.1/stm32cubeide/plugins/com.st.stm32cube.ide.mcu.externaltools.gnu-tools-for-stm32.10.3-2021.10.win32_1.0.0.202111181127/tools/bin/../lib/gcc/arm-none-eabi/10.3.1/thumb/v7e-m+fp/hard\libgcc.a
LOAD c:/stmicroelectronics_cube_ide/stm32cubeide_1.10.1/stm32cubeide/plugins/com.st.stm32cube.ide.mcu.externaltools.gnu-tools-for-stm32.10.3-2021.10.win32_1.0.0.202111181127/tools/bin/../lib/gcc/arm-none-eabi/10.3.1/../../../../arm-none-eabi/lib/thumb/v7e-m+fp/hard\libc_nano.a
LOAD c:/stmicroelectronics_cube_ide/stm32cubeide_1.10.1/stm32cubeide/plugins/com.st.stm32cube.ide.mcu.externaltools.gnu-tools-for-stm32.10.3-2021.10.win32_1.0.0.202111181127/tools/bin/../lib/gcc/arm-none-eabi/10.3.1/../../../../arm-none-eabi/lib/thumb/v7e-m+fp/hard\libnosys.a
END GROUP
LOAD c:/stmicroelectronics_cube_ide/stm32cubeide_1.10.1/stm32cubeide/plugins/com.st.stm32cube.ide.mcu.externaltools.gnu-tools-for-stm32.10.3-2021.10.win32_1.0.0.202111181127/tools/bin/../lib/gcc/arm-none-eabi/10.3.1/thumb/v7e-m+fp/hard/crtend.o
LOAD c:/stmicroelectronics_cube_ide/stm32cubeide_1.10.1/stm32cubeide/plugins/com.st.stm32cube.ide.mcu.externaltools.gnu-tools-for-stm32.10.3-2021.10.win32_1.0.0.202111181127/tools/bin/../lib/gcc/arm-none-eabi/10.3.1/thumb/v7e-m+fp/hard/crtn.o
                0x0000000020010000                _estack = (ORIGIN (RAM) + LENGTH (RAM))
                0x0000000000000200                _Min_Heap_Size = 0x200
                0x0000000000000400                _Min_Stack_Size = 0x400

.isr_vector     0x0000000008000000      0x194
                0x0000000008000000                . = ALIGN (0x4)
 *(.isr_vector)
 .isr_vector    0x0000000008000000      0x194 ./Core/Startup/startup_stm32f401ccux.o
                0x0000000008000000                g_pfnVectors
                0x0000000008000194                . = ALIGN (0x4)

.text           0x00000000080001a0     0x8bc8
                0x00000000080001a0                . = ALIGN (0x4)
 *(.text)
 .text          0x00000000080001a0       0x40 c:/stmicroelectronics_cube_ide/stm32cubeide_1.10.1/stm32cubeide/plugins/com.st.stm32cube.ide.mcu.externaltools.gnu-tools-for-stm32.10.3-2021.10.win32_1.0.0.202111181127/tools/bin/../lib/gcc/arm-none-eabi/10.3.1/thumb/v7e-m+fp/hard/crtbegin.o
 .text          0x00000000080001e0       0xa0 c:/stmicroelectronics_cube_ide/stm32cubeide_1.10.1/stm32cubeide/plugins/com.st.stm32cube.ide.mcu.externaltools.gnu-tools-for-stm32.10.3-2021.10.win32_1.0.0.202111181127/tools/bin/../lib/gcc/arm-none-eabi/10.3.1/../../../../arm-none-eabi/lib/thumb/v7e-m+fp/hard\libc_nano.a(lib_a-memchr.o)
                0x00000000080001e0                memchr
 .text          0x0000000008000280       0xa0 c:/stmicroelectronics_cube_ide/stm32cubeide_1.10.1/stm32cubeide/plugins/com.st.stm32cube.ide.mcu.externaltools.gnu-tools-for-stm32.10.3-2021.10.win32_1.0.0.202111181127/tools/bin/../lib/gcc/arm-none-eabi/10.3.1/thumb/v7e-m+fp/hard\libgcc.a(_aeabi_ldivmod.o)
                0x0000000008000280                __aeabi_ldivmod
 .text          0x0000000008000320       0x30 c:/stmicroelectronics_cube_ide/stm32cubeide_1.10.1/stm32cubeide/plugins/com.st.stm32cube.ide.mcu.externaltools.gnu-tools-for-stm32.10.3-2021.10.win32_1.0.0.202111181127/tools/bin/../lib/gcc/arm-none-eabi/10.3.1/thumb/v7e-m+fp/hard\libgcc.a(_aeabi_uldivmod.o)
                0x0000000008000320                __aeabi_uldivmod
 .text          0x0000000008000350      0x2d0 c:/stmicroelectronics_cube_ide/stm32cubeide_1.10.1/stm32cubeide/plugins/com.st.stm32cube.ide.mcu.externaltools.gnu-tools-for-stm32.10.3-2021.10.win32_1.0.0.202111181127/tools/bin/../lib/gcc/arm-none-eabi/10.3.1/thumb/v7e-m+fp/hard\libgcc.a(_udivmoddi4.o)
                0x0000000008000350                __udivmoddi4
 .text          0x0000000008000620        0x4 c:/stmicroelectronics_cube_ide/stm32cubeide_1.10.1/stm32cubeide/plugins/com.st.stm32cube.ide.mcu.externaltools.gnu-tools-for-stm32.10.3-2021.10.win32_1.0.0.202111181127/tools/bin/../lib/gcc/arm-none-eabi/10.3.1/thumb/v7e-m+fp/hard\libgcc.a(_dvmd_tls.o)
                0x0000000008000620                __aeabi_idiv0
                0x0000000008000620                __aeabi_ldiv0
 *(.text*)
 .text.baro_init
                0x0000000008000624      0x20c ./Core/Src/baro.o
                0x0000000008000624                baro_init
 .text.baro_read_temp
                0x0000000008000830       0xe0 ./Core/Src/baro.o
                0x0000000008000830                baro_read_temp
 .text.baro_read_press
                0x0000000008000910      0x624 ./Core/Src/baro.o
                0x0000000008000910                baro_read_press
 .text.create_new_elem
                0x0000000008000f34       0x64 ./Core/Src/main.o
                0x0000000008000f34                create_new_elem
 .text.delete_elem
                0x0000000008000f98       0x60 ./Core/Src/main.o
                0x0000000008000f98                delete_elem
 .text.main     0x0000000008000ff8       0x90 ./Core/Src/main.o
                0x0000000008000ff8                main
 .text.SystemClock_Config
                0x0000000008001088       0xd4 ./Core/Src/main.o
                0x0000000008001088                SystemClock_Config
 .text.MX_I2C1_Init
                0x000000000800115c       0x5c ./Core/Src/main.o
 .text.MX_SPI1_Init
                0x00000000080011b8       0x6c ./Core/Src/main.o
 .text.MX_TIM3_Init
                0x0000000008001224       0x9c ./Core/Src/main.o
 .text.MX_USART1_UART_Init
                0x00000000080012c0       0x54 ./Core/Src/main.o
 .text.MX_GPIO_Init
                0x0000000008001314      0x114 ./Core/Src/main.o
 .text.HAL_GPIO_EXTI_Callback
                0x0000000008001428       0x16 ./Core/Src/main.o
                0x0000000008001428                HAL_GPIO_EXTI_Callback
 .text.HAL_TIM_PeriodElapsedCallback
                0x000000000800143e       0x14 ./Core/Src/main.o
                0x000000000800143e                HAL_TIM_PeriodElapsedCallback
 *fill*         0x0000000008001452        0x2 
 .text.start_task_take_raw_s
                0x0000000008001454       0xb4 ./Core/Src/main.o
                0x0000000008001454                start_task_take_raw_s
 .text.start_task_showing
                0x0000000008001508       0xe8 ./Core/Src/main.o
                0x0000000008001508                start_task_showing
 .text.Error_Handler
                0x00000000080015f0        0xa ./Core/Src/main.o
                0x00000000080015f0                Error_Handler
 *fill*         0x00000000080015fa        0x2 
 .text.HAL_MspInit
                0x00000000080015fc       0x58 ./Core/Src/stm32f4xx_hal_msp.o
                0x00000000080015fc                HAL_MspInit
 .text.HAL_I2C_MspInit
                0x0000000008001654       0x90 ./Core/Src/stm32f4xx_hal_msp.o
                0x0000000008001654                HAL_I2C_MspInit
 .text.HAL_SPI_MspInit
                0x00000000080016e4       0x90 ./Core/Src/stm32f4xx_hal_msp.o
                0x00000000080016e4                HAL_SPI_MspInit
 .text.HAL_TIM_Base_MspInit
                0x0000000008001774       0x50 ./Core/Src/stm32f4xx_hal_msp.o
                0x0000000008001774                HAL_TIM_Base_MspInit
 .text.HAL_UART_MspInit
                0x00000000080017c4       0x90 ./Core/Src/stm32f4xx_hal_msp.o
                0x00000000080017c4                HAL_UART_MspInit
 .text.NMI_Handler
                0x0000000008001854        0x6 ./Core/Src/stm32f4xx_it.o
                0x0000000008001854                NMI_Handler
 .text.HardFault_Handler
                0x000000000800185a        0x6 ./Core/Src/stm32f4xx_it.o
                0x000000000800185a                HardFault_Handler
 .text.MemManage_Handler
                0x0000000008001860        0x6 ./Core/Src/stm32f4xx_it.o
                0x0000000008001860                MemManage_Handler
 .text.BusFault_Handler
                0x0000000008001866        0x6 ./Core/Src/stm32f4xx_it.o
                0x0000000008001866                BusFault_Handler
 .text.UsageFault_Handler
                0x000000000800186c        0x6 ./Core/Src/stm32f4xx_it.o
                0x000000000800186c                UsageFault_Handler
 .text.DebugMon_Handler
                0x0000000008001872        0xe ./Core/Src/stm32f4xx_it.o
                0x0000000008001872                DebugMon_Handler
 .text.SysTick_Handler
                0x0000000008001880       0x1a ./Core/Src/stm32f4xx_it.o
                0x0000000008001880                SysTick_Handler
 .text.EXTI9_5_IRQHandler
                0x000000000800189a        0xe ./Core/Src/stm32f4xx_it.o
                0x000000000800189a                EXTI9_5_IRQHandler
 .text.TIM3_IRQHandler
                0x00000000080018a8       0x14 ./Core/Src/stm32f4xx_it.o
                0x00000000080018a8                TIM3_IRQHandler
 .text._sbrk    0x00000000080018bc       0x6c ./Core/Src/sysmem.o
                0x00000000080018bc                _sbrk
 .text.SystemInit
                0x0000000008001928       0x24 ./Core/Src/system_stm32f4xx.o
                0x0000000008001928                SystemInit
 .text.Reset_Handler
                0x000000000800194c       0x50 ./Core/Startup/startup_stm32f401ccux.o
                0x000000000800194c                Reset_Handler
 .text.Default_Handler
                0x000000000800199c        0x2 ./Core/Startup/startup_stm32f401ccux.o
                0x000000000800199c                RTC_Alarm_IRQHandler
                0x000000000800199c                EXTI2_IRQHandler
                0x000000000800199c                SPI4_IRQHandler
                0x000000000800199c                TIM1_CC_IRQHandler
                0x000000000800199c                DMA2_Stream5_IRQHandler
                0x000000000800199c                DMA1_Stream5_IRQHandler
                0x000000000800199c                PVD_IRQHandler
                0x000000000800199c                SDIO_IRQHandler
                0x000000000800199c                TAMP_STAMP_IRQHandler
                0x000000000800199c                EXTI3_IRQHandler
                0x000000000800199c                TIM1_UP_TIM10_IRQHandler
                0x000000000800199c                I2C3_ER_IRQHandler
                0x000000000800199c                EXTI0_IRQHandler
                0x000000000800199c                I2C2_EV_IRQHandler
                0x000000000800199c                DMA1_Stream2_IRQHandler
                0x000000000800199c                FPU_IRQHandler
                0x000000000800199c                DMA2_Stream2_IRQHandler
                0x000000000800199c                SPI1_IRQHandler
                0x000000000800199c                TIM1_BRK_TIM9_IRQHandler
                0x000000000800199c                DMA2_Stream3_IRQHandler
                0x000000000800199c                USART6_IRQHandler
                0x000000000800199c                DMA2_Stream0_IRQHandler
                0x000000000800199c                TIM4_IRQHandler
                0x000000000800199c                I2C1_EV_IRQHandler
                0x000000000800199c                DMA1_Stream6_IRQHandler
                0x000000000800199c                DMA1_Stream1_IRQHandler
                0x000000000800199c                RCC_IRQHandler
                0x000000000800199c                Default_Handler
                0x000000000800199c                EXTI15_10_IRQHandler
                0x000000000800199c                ADC_IRQHandler
                0x000000000800199c                DMA1_Stream7_IRQHandler
                0x000000000800199c                TIM5_IRQHandler
                0x000000000800199c                DMA2_Stream7_IRQHandler
                0x000000000800199c                I2C3_EV_IRQHandler
                0x000000000800199c                RTC_WKUP_IRQHandler
                0x000000000800199c                SPI2_IRQHandler
                0x000000000800199c                DMA1_Stream0_IRQHandler
                0x000000000800199c                EXTI4_IRQHandler
                0x000000000800199c                WWDG_IRQHandler
                0x000000000800199c                TIM2_IRQHandler
                0x000000000800199c                OTG_FS_WKUP_IRQHandler
                0x000000000800199c                TIM1_TRG_COM_TIM11_IRQHandler
                0x000000000800199c                EXTI1_IRQHandler
                0x000000000800199c                USART2_IRQHandler
                0x000000000800199c                I2C2_ER_IRQHandler
                0x000000000800199c                DMA2_Stream1_IRQHandler
                0x000000000800199c                FLASH_IRQHandler
                0x000000000800199c                DMA2_Stream4_IRQHandler
                0x000000000800199c                USART1_IRQHandler
                0x000000000800199c                OTG_FS_IRQHandler
                0x000000000800199c                SPI3_IRQHandler
                0x000000000800199c                DMA1_Stream4_IRQHandler
                0x000000000800199c                I2C1_ER_IRQHandler
                0x000000000800199c                DMA2_Stream6_IRQHandler
                0x000000000800199c                DMA1_Stream3_IRQHandler
 *fill*         0x000000000800199e        0x2 
 .text.HAL_Init
                0x00000000080019a0       0x44 ./Drivers/STM32F4xx_HAL_Driver/Src/stm32f4xx_hal.o
                0x00000000080019a0                HAL_Init
 .text.HAL_InitTick
                0x00000000080019e4       0x60 ./Drivers/STM32F4xx_HAL_Driver/Src/stm32f4xx_hal.o
                0x00000000080019e4                HAL_InitTick
 .text.HAL_IncTick
                0x0000000008001a44       0x28 ./Drivers/STM32F4xx_HAL_Driver/Src/stm32f4xx_hal.o
                0x0000000008001a44                HAL_IncTick
 .text.HAL_GetTick
                0x0000000008001a6c       0x18 ./Drivers/STM32F4xx_HAL_Driver/Src/stm32f4xx_hal.o
                0x0000000008001a6c                HAL_GetTick
 .text.__NVIC_SetPriorityGrouping
                0x0000000008001a84       0x48 ./Drivers/STM32F4xx_HAL_Driver/Src/stm32f4xx_hal_cortex.o
 .text.__NVIC_GetPriorityGrouping
                0x0000000008001acc       0x1c ./Drivers/STM32F4xx_HAL_Driver/Src/stm32f4xx_hal_cortex.o
 .text.__NVIC_EnableIRQ
                0x0000000008001ae8       0x3c ./Drivers/STM32F4xx_HAL_Driver/Src/stm32f4xx_hal_cortex.o
 .text.__NVIC_SetPriority
                0x0000000008001b24       0x54 ./Drivers/STM32F4xx_HAL_Driver/Src/stm32f4xx_hal_cortex.o
 .text.NVIC_EncodePriority
                0x0000000008001b78       0x66 ./Drivers/STM32F4xx_HAL_Driver/Src/stm32f4xx_hal_cortex.o
 *fill*         0x0000000008001bde        0x2 
 .text.SysTick_Config
                0x0000000008001be0       0x44 ./Drivers/STM32F4xx_HAL_Driver/Src/stm32f4xx_hal_cortex.o
 .text.HAL_NVIC_SetPriorityGrouping
                0x0000000008001c24       0x16 ./Drivers/STM32F4xx_HAL_Driver/Src/stm32f4xx_hal_cortex.o
                0x0000000008001c24                HAL_NVIC_SetPriorityGrouping
 .text.HAL_NVIC_SetPriority
                0x0000000008001c3a       0x38 ./Drivers/STM32F4xx_HAL_Driver/Src/stm32f4xx_hal_cortex.o
                0x0000000008001c3a                HAL_NVIC_SetPriority
 .text.HAL_NVIC_EnableIRQ
                0x0000000008001c72       0x1c ./Drivers/STM32F4xx_HAL_Driver/Src/stm32f4xx_hal_cortex.o
                0x0000000008001c72                HAL_NVIC_EnableIRQ
 .text.HAL_SYSTICK_Config
                0x0000000008001c8e       0x18 ./Drivers/STM32F4xx_HAL_Driver/Src/stm32f4xx_hal_cortex.o
                0x0000000008001c8e                HAL_SYSTICK_Config
 *fill*         0x0000000008001ca6        0x2 
 .text.HAL_GPIO_Init
                0x0000000008001ca8      0x308 ./Drivers/STM32F4xx_HAL_Driver/Src/stm32f4xx_hal_gpio.o
                0x0000000008001ca8                HAL_GPIO_Init
 .text.HAL_GPIO_WritePin
                0x0000000008001fb0       0x32 ./Drivers/STM32F4xx_HAL_Driver/Src/stm32f4xx_hal_gpio.o
                0x0000000008001fb0                HAL_GPIO_WritePin
 *fill*         0x0000000008001fe2        0x2 
 .text.HAL_GPIO_EXTI_IRQHandler
                0x0000000008001fe4       0x30 ./Drivers/STM32F4xx_HAL_Driver/Src/stm32f4xx_hal_gpio.o
                0x0000000008001fe4                HAL_GPIO_EXTI_IRQHandler
 .text.HAL_I2C_Init
                0x0000000008002014      0x288 ./Drivers/STM32F4xx_HAL_Driver/Src/stm32f4xx_hal_i2c.o
                0x0000000008002014                HAL_I2C_Init
 .text.HAL_I2C_Mem_Write
                0x000000000800229c      0x1f4 ./Drivers/STM32F4xx_HAL_Driver/Src/stm32f4xx_hal_i2c.o
                0x000000000800229c                HAL_I2C_Mem_Write
 .text.HAL_I2C_Mem_Read
                0x0000000008002490      0x44c ./Drivers/STM32F4xx_HAL_Driver/Src/stm32f4xx_hal_i2c.o
                0x0000000008002490                HAL_I2C_Mem_Read
 .text.I2C_RequestMemoryWrite
                0x00000000080028dc      0x12c ./Drivers/STM32F4xx_HAL_Driver/Src/stm32f4xx_hal_i2c.o
 .text.I2C_RequestMemoryRead
                0x0000000008002a08      0x1d0 ./Drivers/STM32F4xx_HAL_Driver/Src/stm32f4xx_hal_i2c.o
 .text.I2C_WaitOnFlagUntilTimeout
                0x0000000008002bd8       0xae ./Drivers/STM32F4xx_HAL_Driver/Src/stm32f4xx_hal_i2c.o
 .text.I2C_WaitOnMasterAddressFlagUntilTimeout
                0x0000000008002c86       0xfe ./Drivers/STM32F4xx_HAL_Driver/Src/stm32f4xx_hal_i2c.o
 .text.I2C_WaitOnTXEFlagUntilTimeout
                0x0000000008002d84       0x82 ./Drivers/STM32F4xx_HAL_Driver/Src/stm32f4xx_hal_i2c.o
 .text.I2C_WaitOnBTFFlagUntilTimeout
                0x0000000008002e06       0x82 ./Drivers/STM32F4xx_HAL_Driver/Src/stm32f4xx_hal_i2c.o
 .text.I2C_WaitOnRXNEFlagUntilTimeout
                0x0000000008002e88       0xac ./Drivers/STM32F4xx_HAL_Driver/Src/stm32f4xx_hal_i2c.o
 .text.I2C_IsAcknowledgeFailed
                0x0000000008002f34       0x5e ./Drivers/STM32F4xx_HAL_Driver/Src/stm32f4xx_hal_i2c.o
 *fill*         0x0000000008002f92        0x2 
 .text.HAL_RCC_OscConfig
                0x0000000008002f94      0x4f0 ./Drivers/STM32F4xx_HAL_Driver/Src/stm32f4xx_hal_rcc.o
                0x0000000008002f94                HAL_RCC_OscConfig
 .text.HAL_RCC_ClockConfig
                0x0000000008003484      0x1cc ./Drivers/STM32F4xx_HAL_Driver/Src/stm32f4xx_hal_rcc.o
                0x0000000008003484                HAL_RCC_ClockConfig
 .text.HAL_RCC_GetSysClockFreq
                0x0000000008003650      0x18c ./Drivers/STM32F4xx_HAL_Driver/Src/stm32f4xx_hal_rcc.o
                0x0000000008003650                HAL_RCC_GetSysClockFreq
 .text.HAL_RCC_GetHCLKFreq
                0x00000000080037dc       0x18 ./Drivers/STM32F4xx_HAL_Driver/Src/stm32f4xx_hal_rcc.o
                0x00000000080037dc                HAL_RCC_GetHCLKFreq
 .text.HAL_RCC_GetPCLK1Freq
                0x00000000080037f4       0x28 ./Drivers/STM32F4xx_HAL_Driver/Src/stm32f4xx_hal_rcc.o
                0x00000000080037f4                HAL_RCC_GetPCLK1Freq
 .text.HAL_RCC_GetPCLK2Freq
                0x000000000800381c       0x28 ./Drivers/STM32F4xx_HAL_Driver/Src/stm32f4xx_hal_rcc.o
                0x000000000800381c                HAL_RCC_GetPCLK2Freq
 .text.HAL_SPI_Init
                0x0000000008003844      0x112 ./Drivers/STM32F4xx_HAL_Driver/Src/stm32f4xx_hal_spi.o
                0x0000000008003844                HAL_SPI_Init
 .text.HAL_TIM_Base_Init
                0x0000000008003956       0x9e ./Drivers/STM32F4xx_HAL_Driver/Src/stm32f4xx_hal_tim.o
                0x0000000008003956                HAL_TIM_Base_Init
 .text.HAL_TIM_IRQHandler
                0x00000000080039f4      0x210 ./Drivers/STM32F4xx_HAL_Driver/Src/stm32f4xx_hal_tim.o
                0x00000000080039f4                HAL_TIM_IRQHandler
 .text.HAL_TIM_ConfigClockSource
                0x0000000008003c04      0x18e ./Drivers/STM32F4xx_HAL_Driver/Src/stm32f4xx_hal_tim.o
                0x0000000008003c04                HAL_TIM_ConfigClockSource
 .text.HAL_TIM_OC_DelayElapsedCallback
                0x0000000008003d92       0x14 ./Drivers/STM32F4xx_HAL_Driver/Src/stm32f4xx_hal_tim.o
                0x0000000008003d92                HAL_TIM_OC_DelayElapsedCallback
 .text.HAL_TIM_IC_CaptureCallback
                0x0000000008003da6       0x14 ./Drivers/STM32F4xx_HAL_Driver/Src/stm32f4xx_hal_tim.o
                0x0000000008003da6                HAL_TIM_IC_CaptureCallback
 .text.HAL_TIM_PWM_PulseFinishedCallback
                0x0000000008003dba       0x14 ./Drivers/STM32F4xx_HAL_Driver/Src/stm32f4xx_hal_tim.o
                0x0000000008003dba                HAL_TIM_PWM_PulseFinishedCallback
 .text.HAL_TIM_TriggerCallback
                0x0000000008003dce       0x14 ./Drivers/STM32F4xx_HAL_Driver/Src/stm32f4xx_hal_tim.o
                0x0000000008003dce                HAL_TIM_TriggerCallback
 *fill*         0x0000000008003de2        0x2 
 .text.TIM_Base_SetConfig
                0x0000000008003de4      0x100 ./Drivers/STM32F4xx_HAL_Driver/Src/stm32f4xx_hal_tim.o
                0x0000000008003de4                TIM_Base_SetConfig
 .text.TIM_TI1_ConfigInputStage
                0x0000000008003ee4       0x5e ./Drivers/STM32F4xx_HAL_Driver/Src/stm32f4xx_hal_tim.o
 .text.TIM_TI2_ConfigInputStage
                0x0000000008003f42       0x60 ./Drivers/STM32F4xx_HAL_Driver/Src/stm32f4xx_hal_tim.o
 .text.TIM_ITRx_SetConfig
                0x0000000008003fa2       0x36 ./Drivers/STM32F4xx_HAL_Driver/Src/stm32f4xx_hal_tim.o
 .text.TIM_ETR_SetConfig
                0x0000000008003fd8       0x40 ./Drivers/STM32F4xx_HAL_Driver/Src/stm32f4xx_hal_tim.o
                0x0000000008003fd8                TIM_ETR_SetConfig
 .text.HAL_TIMEx_MasterConfigSynchronization
                0x0000000008004018       0xdc ./Drivers/STM32F4xx_HAL_Driver/Src/stm32f4xx_hal_tim_ex.o
                0x0000000008004018                HAL_TIMEx_MasterConfigSynchronization
 .text.HAL_TIMEx_CommutCallback
                0x00000000080040f4       0x14 ./Drivers/STM32F4xx_HAL_Driver/Src/stm32f4xx_hal_tim_ex.o
                0x00000000080040f4                HAL_TIMEx_CommutCallback
 .text.HAL_TIMEx_BreakCallback
                0x0000000008004108       0x14 ./Drivers/STM32F4xx_HAL_Driver/Src/stm32f4xx_hal_tim_ex.o
                0x0000000008004108                HAL_TIMEx_BreakCallback
 .text.HAL_UART_Init
                0x000000000800411c       0x9a ./Drivers/STM32F4xx_HAL_Driver/Src/stm32f4xx_hal_uart.o
                0x000000000800411c                HAL_UART_Init
 .text.HAL_UART_Transmit
                0x00000000080041b6      0x124 ./Drivers/STM32F4xx_HAL_Driver/Src/stm32f4xx_hal_uart.o
                0x00000000080041b6                HAL_UART_Transmit
 .text.UART_WaitOnFlagUntilTimeout
                0x00000000080042da       0xdc ./Drivers/STM32F4xx_HAL_Driver/Src/stm32f4xx_hal_uart.o
 *fill*         0x00000000080043b6        0x2 
 .text.UART_SetConfig
                0x00000000080043b8      0x4e8 ./Drivers/STM32F4xx_HAL_Driver/Src/stm32f4xx_hal_uart.o
 .text.__NVIC_SetPriority
                0x00000000080048a0       0x54 ./Middlewares/Third_Party/FreeRTOS/Source/CMSIS_RTOS_V2/cmsis_os2.o
 .text.SVC_Setup
                0x00000000080048f4       0x12 ./Middlewares/Third_Party/FreeRTOS/Source/CMSIS_RTOS_V2/cmsis_os2.o
 *fill*         0x0000000008004906        0x2 
 .text.osKernelInitialize
                0x0000000008004908       0x48 ./Middlewares/Third_Party/FreeRTOS/Source/CMSIS_RTOS_V2/cmsis_os2.o
                0x0000000008004908                osKernelInitialize
 .text.osKernelStart
                0x0000000008004950       0x4c ./Middlewares/Third_Party/FreeRTOS/Source/CMSIS_RTOS_V2/cmsis_os2.o
                0x0000000008004950                osKernelStart
 .text.osThreadNew
                0x000000000800499c      0x124 ./Middlewares/Third_Party/FreeRTOS/Source/CMSIS_RTOS_V2/cmsis_os2.o
                0x000000000800499c                osThreadNew
 .text.osDelay  0x0000000008004ac0       0x36 ./Middlewares/Third_Party/FreeRTOS/Source/CMSIS_RTOS_V2/cmsis_os2.o
                0x0000000008004ac0                osDelay
 .text.osMutexNew
                0x0000000008004af6      0x10c ./Middlewares/Third_Party/FreeRTOS/Source/CMSIS_RTOS_V2/cmsis_os2.o
                0x0000000008004af6                osMutexNew
 .text.osMutexAcquire
                0x0000000008004c02       0x96 ./Middlewares/Third_Party/FreeRTOS/Source/CMSIS_RTOS_V2/cmsis_os2.o
                0x0000000008004c02                osMutexAcquire
 .text.osMutexRelease
                0x0000000008004c98       0x7a ./Middlewares/Third_Party/FreeRTOS/Source/CMSIS_RTOS_V2/cmsis_os2.o
                0x0000000008004c98                osMutexRelease
 .text.osSemaphoreNew
                0x0000000008004d12      0x112 ./Middlewares/Third_Party/FreeRTOS/Source/CMSIS_RTOS_V2/cmsis_os2.o
                0x0000000008004d12                osSemaphoreNew
 .text.osSemaphoreAcquire
                0x0000000008004e24       0xa4 ./Middlewares/Third_Party/FreeRTOS/Source/CMSIS_RTOS_V2/cmsis_os2.o
                0x0000000008004e24                osSemaphoreAcquire
 .text.osSemaphoreRelease
                0x0000000008004ec8       0x88 ./Middlewares/Third_Party/FreeRTOS/Source/CMSIS_RTOS_V2/cmsis_os2.o
                0x0000000008004ec8                osSemaphoreRelease
 .text.osSemaphoreGetCount
                0x0000000008004f50       0x40 ./Middlewares/Third_Party/FreeRTOS/Source/CMSIS_RTOS_V2/cmsis_os2.o
                0x0000000008004f50                osSemaphoreGetCount
 .text.vApplicationGetIdleTaskMemory
                0x0000000008004f90       0x34 ./Middlewares/Third_Party/FreeRTOS/Source/CMSIS_RTOS_V2/cmsis_os2.o
                0x0000000008004f90                vApplicationGetIdleTaskMemory
 .text.vApplicationGetTimerTaskMemory
                0x0000000008004fc4       0x34 ./Middlewares/Third_Party/FreeRTOS/Source/CMSIS_RTOS_V2/cmsis_os2.o
                0x0000000008004fc4                vApplicationGetTimerTaskMemory
 .text.vListInitialise
                0x0000000008004ff8       0x40 ./Middlewares/Third_Party/FreeRTOS/Source/list.o
                0x0000000008004ff8                vListInitialise
 .text.vListInitialiseItem
                0x0000000008005038       0x1a ./Middlewares/Third_Party/FreeRTOS/Source/list.o
                0x0000000008005038                vListInitialiseItem
 .text.vListInsertEnd
                0x0000000008005052       0x48 ./Middlewares/Third_Party/FreeRTOS/Source/list.o
                0x0000000008005052                vListInsertEnd
 .text.vListInsert
                0x000000000800509a       0x72 ./Middlewares/Third_Party/FreeRTOS/Source/list.o
                0x000000000800509a                vListInsert
 .text.uxListRemove
                0x000000000800510c       0x54 ./Middlewares/Third_Party/FreeRTOS/Source/list.o
                0x000000000800510c                uxListRemove
 .text.xQueueGenericReset
                0x0000000008005160       0xd0 ./Middlewares/Third_Party/FreeRTOS/Source/queue.o
                0x0000000008005160                xQueueGenericReset
 .text.xQueueGenericCreateStatic
                0x0000000008005230       0xf0 ./Middlewares/Third_Party/FreeRTOS/Source/queue.o
                0x0000000008005230                xQueueGenericCreateStatic
 .text.xQueueGenericCreate
                0x0000000008005320       0x74 ./Middlewares/Third_Party/FreeRTOS/Source/queue.o
                0x0000000008005320                xQueueGenericCreate
 .text.prvInitialiseNewQueue
                0x0000000008005394       0x46 ./Middlewares/Third_Party/FreeRTOS/Source/queue.o
 .text.prvInitialiseMutex
                0x00000000080053da       0x34 ./Middlewares/Third_Party/FreeRTOS/Source/queue.o
 .text.xQueueCreateMutex
                0x000000000800540e       0x30 ./Middlewares/Third_Party/FreeRTOS/Source/queue.o
                0x000000000800540e                xQueueCreateMutex
 .text.xQueueCreateMutexStatic
                0x000000000800543e       0x36 ./Middlewares/Third_Party/FreeRTOS/Source/queue.o
                0x000000000800543e                xQueueCreateMutexStatic
 .text.xQueueGiveMutexRecursive
                0x0000000008005474       0x68 ./Middlewares/Third_Party/FreeRTOS/Source/queue.o
                0x0000000008005474                xQueueGiveMutexRecursive
 .text.xQueueTakeMutexRecursive
                0x00000000080054dc       0x6c ./Middlewares/Third_Party/FreeRTOS/Source/queue.o
                0x00000000080054dc                xQueueTakeMutexRecursive
 .text.xQueueCreateCountingSemaphoreStatic
                0x0000000008005548       0x6e ./Middlewares/Third_Party/FreeRTOS/Source/queue.o
                0x0000000008005548                xQueueCreateCountingSemaphoreStatic
 .text.xQueueCreateCountingSemaphore
                0x00000000080055b6       0x66 ./Middlewares/Third_Party/FreeRTOS/Source/queue.o
                0x00000000080055b6                xQueueCreateCountingSemaphore
 .text.xQueueGenericSend
                0x000000000800561c      0x1fc ./Middlewares/Third_Party/FreeRTOS/Source/queue.o
                0x000000000800561c                xQueueGenericSend
 .text.xQueueGenericSendFromISR
                0x0000000008005818      0x136 ./Middlewares/Third_Party/FreeRTOS/Source/queue.o
                0x0000000008005818                xQueueGenericSendFromISR
 .text.xQueueGiveFromISR
                0x000000000800594e      0x11a ./Middlewares/Third_Party/FreeRTOS/Source/queue.o
                0x000000000800594e                xQueueGiveFromISR
 .text.xQueueReceive
                0x0000000008005a68      0x1c0 ./Middlewares/Third_Party/FreeRTOS/Source/queue.o
                0x0000000008005a68                xQueueReceive
 .text.xQueueSemaphoreTake
                0x0000000008005c28      0x218 ./Middlewares/Third_Party/FreeRTOS/Source/queue.o
                0x0000000008005c28                xQueueSemaphoreTake
 .text.xQueueReceiveFromISR
                0x0000000008005e40      0x100 ./Middlewares/Third_Party/FreeRTOS/Source/queue.o
                0x0000000008005e40                xQueueReceiveFromISR
 .text.uxQueueMessagesWaiting
                0x0000000008005f40       0x3c ./Middlewares/Third_Party/FreeRTOS/Source/queue.o
                0x0000000008005f40                uxQueueMessagesWaiting
 .text.uxQueueMessagesWaitingFromISR
                0x0000000008005f7c       0x3c ./Middlewares/Third_Party/FreeRTOS/Source/queue.o
                0x0000000008005f7c                uxQueueMessagesWaitingFromISR
 .text.vQueueDelete
                0x0000000008005fb8       0x46 ./Middlewares/Third_Party/FreeRTOS/Source/queue.o
                0x0000000008005fb8                vQueueDelete
 .text.prvGetDisinheritPriorityAfterTimeout
                0x0000000008005ffe       0x30 ./Middlewares/Third_Party/FreeRTOS/Source/queue.o
 .text.prvCopyDataToQueue
                0x000000000800602e       0xd4 ./Middlewares/Third_Party/FreeRTOS/Source/queue.o
 .text.prvCopyDataFromQueue
                0x0000000008006102       0x4c ./Middlewares/Third_Party/FreeRTOS/Source/queue.o
 .text.prvUnlockQueue
                0x000000000800614e       0xa4 ./Middlewares/Third_Party/FreeRTOS/Source/queue.o
 .text.prvIsQueueEmpty
                0x00000000080061f2       0x2c ./Middlewares/Third_Party/FreeRTOS/Source/queue.o
 .text.prvIsQueueFull
                0x000000000800621e       0x30 ./Middlewares/Third_Party/FreeRTOS/Source/queue.o
 *fill*         0x000000000800624e        0x2 
 .text.vQueueAddToRegistry
                0x0000000008006250       0x54 ./Middlewares/Third_Party/FreeRTOS/Source/queue.o
                0x0000000008006250                vQueueAddToRegistry
 .text.vQueueUnregisterQueue
                0x00000000080062a4       0x54 ./Middlewares/Third_Party/FreeRTOS/Source/queue.o
                0x00000000080062a4                vQueueUnregisterQueue
 .text.vQueueWaitForMessageRestricted
                0x00000000080062f8       0x68 ./Middlewares/Third_Party/FreeRTOS/Source/queue.o
                0x00000000080062f8                vQueueWaitForMessageRestricted
 .text.xTaskCreateStatic
                0x0000000008006360       0xba ./Middlewares/Third_Party/FreeRTOS/Source/tasks.o
                0x0000000008006360                xTaskCreateStatic
 .text.xTaskCreate
                0x000000000800641a       0x8a ./Middlewares/Third_Party/FreeRTOS/Source/tasks.o
                0x000000000800641a                xTaskCreate
 .text.prvInitialiseNewTask
                0x00000000080064a4      0x14c ./Middlewares/Third_Party/FreeRTOS/Source/tasks.o
 .text.prvAddNewTaskToReadyList
                0x00000000080065f0       0xe0 ./Middlewares/Third_Party/FreeRTOS/Source/tasks.o
 .text.vTaskDelay
                0x00000000080066d0       0x68 ./Middlewares/Third_Party/FreeRTOS/Source/tasks.o
                0x00000000080066d0                vTaskDelay
 .text.vTaskStartScheduler
                0x0000000008006738       0xe0 ./Middlewares/Third_Party/FreeRTOS/Source/tasks.o
                0x0000000008006738                vTaskStartScheduler
 .text.vTaskSuspendAll
                0x0000000008006818       0x1c ./Middlewares/Third_Party/FreeRTOS/Source/tasks.o
                0x0000000008006818                vTaskSuspendAll
 .text.xTaskResumeAll
                0x0000000008006834      0x13c ./Middlewares/Third_Party/FreeRTOS/Source/tasks.o
                0x0000000008006834                xTaskResumeAll
 .text.xTaskGetTickCount
                0x0000000008006970       0x20 ./Middlewares/Third_Party/FreeRTOS/Source/tasks.o
                0x0000000008006970                xTaskGetTickCount
 .text.xTaskIncrementTick
                0x0000000008006990      0x174 ./Middlewares/Third_Party/FreeRTOS/Source/tasks.o
                0x0000000008006990                xTaskIncrementTick
 .text.vTaskSwitchContext
                0x0000000008006b04       0xc8 ./Middlewares/Third_Party/FreeRTOS/Source/tasks.o
                0x0000000008006b04                vTaskSwitchContext
 .text.vTaskPlaceOnEventList
                0x0000000008006bcc       0x48 ./Middlewares/Third_Party/FreeRTOS/Source/tasks.o
                0x0000000008006bcc                vTaskPlaceOnEventList
 .text.vTaskPlaceOnEventListRestricted
                0x0000000008006c14       0x58 ./Middlewares/Third_Party/FreeRTOS/Source/tasks.o
                0x0000000008006c14                vTaskPlaceOnEventListRestricted
 .text.xTaskRemoveFromEventList
                0x0000000008006c6c       0xc8 ./Middlewares/Third_Party/FreeRTOS/Source/tasks.o
                0x0000000008006c6c                xTaskRemoveFromEventList
 .text.vTaskInternalSetTimeOutState
                0x0000000008006d34       0x2c ./Middlewares/Third_Party/FreeRTOS/Source/tasks.o
                0x0000000008006d34                vTaskInternalSetTimeOutState
 .text.xTaskCheckForTimeOut
                0x0000000008006d60       0xc4 ./Middlewares/Third_Party/FreeRTOS/Source/tasks.o
                0x0000000008006d60                xTaskCheckForTimeOut
 .text.vTaskMissedYield
                0x0000000008006e24       0x18 ./Middlewares/Third_Party/FreeRTOS/Source/tasks.o
                0x0000000008006e24                vTaskMissedYield
 .text.prvIdleTask
                0x0000000008006e3c       0x30 ./Middlewares/Third_Party/FreeRTOS/Source/tasks.o
 .text.prvInitialiseTaskLists
                0x0000000008006e6c       0x80 ./Middlewares/Third_Party/FreeRTOS/Source/tasks.o
 .text.prvCheckTasksWaitingTermination
                0x0000000008006eec       0x5c ./Middlewares/Third_Party/FreeRTOS/Source/tasks.o
 .text.prvDeleteTCB
                0x0000000008006f48       0x68 ./Middlewares/Third_Party/FreeRTOS/Source/tasks.o
 .text.prvResetNextTaskUnblockTime
                0x0000000008006fb0       0x40 ./Middlewares/Third_Party/FreeRTOS/Source/tasks.o
 .text.xTaskGetCurrentTaskHandle
                0x0000000008006ff0       0x20 ./Middlewares/Third_Party/FreeRTOS/Source/tasks.o
                0x0000000008006ff0                xTaskGetCurrentTaskHandle
 .text.xTaskGetSchedulerState
                0x0000000008007010       0x3c ./Middlewares/Third_Party/FreeRTOS/Source/tasks.o
                0x0000000008007010                xTaskGetSchedulerState
 .text.xTaskPriorityInherit
                0x000000000800704c       0xd0 ./Middlewares/Third_Party/FreeRTOS/Source/tasks.o
                0x000000000800704c                xTaskPriorityInherit
 .text.xTaskPriorityDisinherit
                0x000000000800711c       0xdc ./Middlewares/Third_Party/FreeRTOS/Source/tasks.o
                0x000000000800711c                xTaskPriorityDisinherit
 .text.vTaskPriorityDisinheritAfterTimeout
                0x00000000080071f8      0x104 ./Middlewares/Third_Party/FreeRTOS/Source/tasks.o
                0x00000000080071f8                vTaskPriorityDisinheritAfterTimeout
 .text.pvTaskIncrementMutexHeldCount
                0x00000000080072fc       0x28 ./Middlewares/Third_Party/FreeRTOS/Source/tasks.o
                0x00000000080072fc                pvTaskIncrementMutexHeldCount
 .text.prvAddCurrentTaskToDelayedList
                0x0000000008007324       0xa8 ./Middlewares/Third_Party/FreeRTOS/Source/tasks.o
 .text.xTimerCreateTimerTask
                0x00000000080073cc       0x90 ./Middlewares/Third_Party/FreeRTOS/Source/timers.o
                0x00000000080073cc                xTimerCreateTimerTask
 .text.xTimerGenericCommand
                0x000000000800745c       0x9c ./Middlewares/Third_Party/FreeRTOS/Source/timers.o
                0x000000000800745c                xTimerGenericCommand
 .text.prvProcessExpiredTimer
                0x00000000080074f8       0x98 ./Middlewares/Third_Party/FreeRTOS/Source/timers.o
 .text.prvTimerTask
                0x0000000008007590       0x24 ./Middlewares/Third_Party/FreeRTOS/Source/timers.o
 .text.prvProcessTimerOrBlockTask
                0x00000000080075b4       0x9c ./Middlewares/Third_Party/FreeRTOS/Source/timers.o
 .text.prvGetNextExpireTime
                0x0000000008007650       0x48 ./Middlewares/Third_Party/FreeRTOS/Source/timers.o
 .text.prvSampleTimeNow
                0x0000000008007698       0x40 ./Middlewares/Third_Party/FreeRTOS/Source/timers.o
 .text.prvInsertTimerInActiveList
                0x00000000080076d8       0x84 ./Middlewares/Third_Party/FreeRTOS/Source/timers.o
 .text.prvProcessReceivedCommands
                0x000000000800775c      0x1c4 ./Middlewares/Third_Party/FreeRTOS/Source/timers.o
 .text.prvSwitchTimerLists
                0x0000000008007920       0xc8 ./Middlewares/Third_Party/FreeRTOS/Source/timers.o
 .text.prvCheckForValidListAndQueue
                0x00000000080079e8       0x80 ./Middlewares/Third_Party/FreeRTOS/Source/timers.o
 .text.pxPortInitialiseStack
                0x0000000008007a68       0x68 ./Middlewares/Third_Party/FreeRTOS/Source/portable/GCC/ARM_CM4F/port.o
                0x0000000008007a68                pxPortInitialiseStack
 .text.prvTaskExitError
                0x0000000008007ad0       0x58 ./Middlewares/Third_Party/FreeRTOS/Source/portable/GCC/ARM_CM4F/port.o
 *fill*         0x0000000008007b28        0x8 
 .text.SVC_Handler
                0x0000000008007b30       0x28 ./Middlewares/Third_Party/FreeRTOS/Source/portable/GCC/ARM_CM4F/port.o
                0x0000000008007b30                SVC_Handler
 .text.prvPortStartFirstTask
                0x0000000008007b58       0x28 ./Middlewares/Third_Party/FreeRTOS/Source/portable/GCC/ARM_CM4F/port.o
 .text.xPortStartScheduler
                0x0000000008007b80      0x144 ./Middlewares/Third_Party/FreeRTOS/Source/portable/GCC/ARM_CM4F/port.o
                0x0000000008007b80                xPortStartScheduler
 .text.vPortEnterCritical
                0x0000000008007cc4       0x60 ./Middlewares/Third_Party/FreeRTOS/Source/portable/GCC/ARM_CM4F/port.o
                0x0000000008007cc4                vPortEnterCritical
 .text.vPortExitCritical
                0x0000000008007d24       0x54 ./Middlewares/Third_Party/FreeRTOS/Source/portable/GCC/ARM_CM4F/port.o
                0x0000000008007d24                vPortExitCritical
 *fill*         0x0000000008007d78        0x8 
 .text.PendSV_Handler
                0x0000000008007d80       0x68 ./Middlewares/Third_Party/FreeRTOS/Source/portable/GCC/ARM_CM4F/port.o
                0x0000000008007d80                PendSV_Handler
 .text.xPortSysTickHandler
                0x0000000008007de8       0x44 ./Middlewares/Third_Party/FreeRTOS/Source/portable/GCC/ARM_CM4F/port.o
                0x0000000008007de8                xPortSysTickHandler
 .text.vPortSetupTimerInterrupt
                0x0000000008007e2c       0x48 ./Middlewares/Third_Party/FreeRTOS/Source/portable/GCC/ARM_CM4F/port.o
                0x0000000008007e2c                vPortSetupTimerInterrupt
 .text.vPortEnableVFP
                0x0000000008007e74       0x14 ./Middlewares/Third_Party/FreeRTOS/Source/portable/GCC/ARM_CM4F/port.o
 .text.vPortValidateInterruptPriority
                0x0000000008007e88       0x80 ./Middlewares/Third_Party/FreeRTOS/Source/portable/GCC/ARM_CM4F/port.o
                0x0000000008007e88                vPortValidateInterruptPriority
 .text.pvPortMalloc
                0x0000000008007f08      0x198 ./Middlewares/Third_Party/FreeRTOS/Source/portable/MemMang/heap_4.o
                0x0000000008007f08                pvPortMalloc
 .text.vPortFree
                0x00000000080080a0       0xc4 ./Middlewares/Third_Party/FreeRTOS/Source/portable/MemMang/heap_4.o
                0x00000000080080a0                vPortFree
 .text.prvHeapInit
                0x0000000008008164       0xc4 ./Middlewares/Third_Party/FreeRTOS/Source/portable/MemMang/heap_4.o
 .text.prvInsertBlockIntoFreeList
                0x0000000008008228       0xb4 ./Middlewares/Third_Party/FreeRTOS/Source/portable/MemMang/heap_4.o
 .text.__errno  0x00000000080082dc        0xc c:/stmicroelectronics_cube_ide/stm32cubeide_1.10.1/stm32cubeide/plugins/com.st.stm32cube.ide.mcu.externaltools.gnu-tools-for-stm32.10.3-2021.10.win32_1.0.0.202111181127/tools/bin/../lib/gcc/arm-none-eabi/10.3.1/../../../../arm-none-eabi/lib/thumb/v7e-m+fp/hard\libc_nano.a(lib_a-errno.o)
                0x00000000080082dc                __errno
 .text.__libc_init_array
                0x00000000080082e8       0x48 c:/stmicroelectronics_cube_ide/stm32cubeide_1.10.1/stm32cubeide/plugins/com.st.stm32cube.ide.mcu.externaltools.gnu-tools-for-stm32.10.3-2021.10.win32_1.0.0.202111181127/tools/bin/../lib/gcc/arm-none-eabi/10.3.1/../../../../arm-none-eabi/lib/thumb/v7e-m+fp/hard\libc_nano.a(lib_a-init.o)
                0x00000000080082e8                __libc_init_array
 .text.__retarget_lock_acquire_recursive
                0x0000000008008330        0x2 c:/stmicroelectronics_cube_ide/stm32cubeide_1.10.1/stm32cubeide/plugins/com.st.stm32cube.ide.mcu.externaltools.gnu-tools-for-stm32.10.3-2021.10.win32_1.0.0.202111181127/tools/bin/../lib/gcc/arm-none-eabi/10.3.1/../../../../arm-none-eabi/lib/thumb/v7e-m+fp/hard\libc_nano.a(lib_a-lock.o)
                0x0000000008008330                __retarget_lock_acquire_recursive
 .text.__retarget_lock_release_recursive
                0x0000000008008332        0x2 c:/stmicroelectronics_cube_ide/stm32cubeide_1.10.1/stm32cubeide/plugins/com.st.stm32cube.ide.mcu.externaltools.gnu-tools-for-stm32.10.3-2021.10.win32_1.0.0.202111181127/tools/bin/../lib/gcc/arm-none-eabi/10.3.1/../../../../arm-none-eabi/lib/thumb/v7e-m+fp/hard\libc_nano.a(lib_a-lock.o)
                0x0000000008008332                __retarget_lock_release_recursive
 .text.malloc   0x0000000008008334       0x10 c:/stmicroelectronics_cube_ide/stm32cubeide_1.10.1/stm32cubeide/plugins/com.st.stm32cube.ide.mcu.externaltools.gnu-tools-for-stm32.10.3-2021.10.win32_1.0.0.202111181127/tools/bin/../lib/gcc/arm-none-eabi/10.3.1/../../../../arm-none-eabi/lib/thumb/v7e-m+fp/hard\libc_nano.a(lib_a-malloc.o)
                0x0000000008008334                malloc
 .text.free     0x0000000008008344       0x10 c:/stmicroelectronics_cube_ide/stm32cubeide_1.10.1/stm32cubeide/plugins/com.st.stm32cube.ide.mcu.externaltools.gnu-tools-for-stm32.10.3-2021.10.win32_1.0.0.202111181127/tools/bin/../lib/gcc/arm-none-eabi/10.3.1/../../../../arm-none-eabi/lib/thumb/v7e-m+fp/hard\libc_nano.a(lib_a-malloc.o)
                0x0000000008008344                free
 .text.memcpy   0x0000000008008354       0x1c c:/stmicroelectronics_cube_ide/stm32cubeide_1.10.1/stm32cubeide/plugins/com.st.stm32cube.ide.mcu.externaltools.gnu-tools-for-stm32.10.3-2021.10.win32_1.0.0.202111181127/tools/bin/../lib/gcc/arm-none-eabi/10.3.1/../../../../arm-none-eabi/lib/thumb/v7e-m+fp/hard\libc_nano.a(lib_a-memcpy-stub.o)
                0x0000000008008354                memcpy
 .text.memset   0x0000000008008370       0x10 c:/stmicroelectronics_cube_ide/stm32cubeide_1.10.1/stm32cubeide/plugins/com.st.stm32cube.ide.mcu.externaltools.gnu-tools-for-stm32.10.3-2021.10.win32_1.0.0.202111181127/tools/bin/../lib/gcc/arm-none-eabi/10.3.1/../../../../arm-none-eabi/lib/thumb/v7e-m+fp/hard\libc_nano.a(lib_a-memset.o)
                0x0000000008008370                memset
 .text._free_r  0x0000000008008380       0x98 c:/stmicroelectronics_cube_ide/stm32cubeide_1.10.1/stm32cubeide/plugins/com.st.stm32cube.ide.mcu.externaltools.gnu-tools-for-stm32.10.3-2021.10.win32_1.0.0.202111181127/tools/bin/../lib/gcc/arm-none-eabi/10.3.1/../../../../arm-none-eabi/lib/thumb/v7e-m+fp/hard\libc_nano.a(lib_a-nano-freer.o)
                0x0000000008008380                _free_r
 .text.sbrk_aligned
                0x0000000008008418       0x40 c:/stmicroelectronics_cube_ide/stm32cubeide_1.10.1/stm32cubeide/plugins/com.st.stm32cube.ide.mcu.externaltools.gnu-tools-for-stm32.10.3-2021.10.win32_1.0.0.202111181127/tools/bin/../lib/gcc/arm-none-eabi/10.3.1/../../../../arm-none-eabi/lib/thumb/v7e-m+fp/hard\libc_nano.a(lib_a-nano-mallocr.o)
 .text._malloc_r
                0x0000000008008458       0xe8 c:/stmicroelectronics_cube_ide/stm32cubeide_1.10.1/stm32cubeide/plugins/com.st.stm32cube.ide.mcu.externaltools.gnu-tools-for-stm32.10.3-2021.10.win32_1.0.0.202111181127/tools/bin/../lib/gcc/arm-none-eabi/10.3.1/../../../../arm-none-eabi/lib/thumb/v7e-m+fp/hard\libc_nano.a(lib_a-nano-mallocr.o)
                0x0000000008008458                _malloc_r
 .text.cleanup_glue
                0x0000000008008540       0x1a c:/stmicroelectronics_cube_ide/stm32cubeide_1.10.1/stm32cubeide/plugins/com.st.stm32cube.ide.mcu.externaltools.gnu-tools-for-stm32.10.3-2021.10.win32_1.0.0.202111181127/tools/bin/../lib/gcc/arm-none-eabi/10.3.1/../../../../arm-none-eabi/lib/thumb/v7e-m+fp/hard\libc_nano.a(lib_a-reent.o)
                0x0000000008008540                cleanup_glue
 *fill*         0x000000000800855a        0x2 
 .text._reclaim_reent
                0x000000000800855c       0xb8 c:/stmicroelectronics_cube_ide/stm32cubeide_1.10.1/stm32cubeide/plugins/com.st.stm32cube.ide.mcu.externaltools.gnu-tools-for-stm32.10.3-2021.10.win32_1.0.0.202111181127/tools/bin/../lib/gcc/arm-none-eabi/10.3.1/../../../../arm-none-eabi/lib/thumb/v7e-m+fp/hard\libc_nano.a(lib_a-reent.o)
                0x000000000800855c                _reclaim_reent
 .text._sbrk_r  0x0000000008008614       0x20 c:/stmicroelectronics_cube_ide/stm32cubeide_1.10.1/stm32cubeide/plugins/com.st.stm32cube.ide.mcu.externaltools.gnu-tools-for-stm32.10.3-2021.10.win32_1.0.0.202111181127/tools/bin/../lib/gcc/arm-none-eabi/10.3.1/../../../../arm-none-eabi/lib/thumb/v7e-m+fp/hard\libc_nano.a(lib_a-sbrkr.o)
                0x0000000008008614                _sbrk_r
 .text.snprintf
                0x0000000008008634       0x68 c:/stmicroelectronics_cube_ide/stm32cubeide_1.10.1/stm32cubeide/plugins/com.st.stm32cube.ide.mcu.externaltools.gnu-tools-for-stm32.10.3-2021.10.win32_1.0.0.202111181127/tools/bin/../lib/gcc/arm-none-eabi/10.3.1/../../../../arm-none-eabi/lib/thumb/v7e-m+fp/hard\libc_nano.a(lib_a-snprintf.o)
                0x0000000008008634                sniprintf
                0x0000000008008634                snprintf
 .text.strnlen  0x000000000800869c       0x18 c:/stmicroelectronics_cube_ide/stm32cubeide_1.10.1/stm32cubeide/plugins/com.st.stm32cube.ide.mcu.externaltools.gnu-tools-for-stm32.10.3-2021.10.win32_1.0.0.202111181127/tools/bin/../lib/gcc/arm-none-eabi/10.3.1/../../../../arm-none-eabi/lib/thumb/v7e-m+fp/hard\libc_nano.a(lib_a-strnlen.o)
                0x000000000800869c                strnlen
 .text.__malloc_lock
                0x00000000080086b4        0xc c:/stmicroelectronics_cube_ide/stm32cubeide_1.10.1/stm32cubeide/plugins/com.st.stm32cube.ide.mcu.externaltools.gnu-tools-for-stm32.10.3-2021.10.win32_1.0.0.202111181127/tools/bin/../lib/gcc/arm-none-eabi/10.3.1/../../../../arm-none-eabi/lib/thumb/v7e-m+fp/hard\libc_nano.a(lib_a-mlock.o)
                0x00000000080086b4                __malloc_lock
 .text.__malloc_unlock
                0x00000000080086c0        0xc c:/stmicroelectronics_cube_ide/stm32cubeide_1.10.1/stm32cubeide/plugins/com.st.stm32cube.ide.mcu.externaltools.gnu-tools-for-stm32.10.3-2021.10.win32_1.0.0.202111181127/tools/bin/../lib/gcc/arm-none-eabi/10.3.1/../../../../arm-none-eabi/lib/thumb/v7e-m+fp/hard\libc_nano.a(lib_a-mlock.o)
                0x00000000080086c0                __malloc_unlock
 .text.__ssputs_r
                0x00000000080086cc       0xb6 c:/stmicroelectronics_cube_ide/stm32cubeide_1.10.1/stm32cubeide/plugins/com.st.stm32cube.ide.mcu.externaltools.gnu-tools-for-stm32.10.3-2021.10.win32_1.0.0.202111181127/tools/bin/../lib/gcc/arm-none-eabi/10.3.1/../../../../arm-none-eabi/lib/thumb/v7e-m+fp/hard\libc_nano.a(lib_a-nano-svfprintf.o)
                0x00000000080086cc                __ssputs_r
 *fill*         0x0000000008008782        0x2 
 .text._svfprintf_r
                0x0000000008008784      0x200 c:/stmicroelectronics_cube_ide/stm32cubeide_1.10.1/stm32cubeide/plugins/com.st.stm32cube.ide.mcu.externaltools.gnu-tools-for-stm32.10.3-2021.10.win32_1.0.0.202111181127/tools/bin/../lib/gcc/arm-none-eabi/10.3.1/../../../../arm-none-eabi/lib/thumb/v7e-m+fp/hard\libc_nano.a(lib_a-nano-svfprintf.o)
                0x0000000008008784                _svfiprintf_r
                0x0000000008008784                _svfprintf_r
 .text._printf_common
                0x0000000008008984       0xda c:/stmicroelectronics_cube_ide/stm32cubeide_1.10.1/stm32cubeide/plugins/com.st.stm32cube.ide.mcu.externaltools.gnu-tools-for-stm32.10.3-2021.10.win32_1.0.0.202111181127/tools/bin/../lib/gcc/arm-none-eabi/10.3.1/../../../../arm-none-eabi/lib/thumb/v7e-m+fp/hard\libc_nano.a(lib_a-nano-vfprintf_i.o)
                0x0000000008008984                _printf_common
 *fill*         0x0000000008008a5e        0x2 
 .text._printf_i
                0x0000000008008a60      0x24c c:/stmicroelectronics_cube_ide/stm32cubeide_1.10.1/stm32cubeide/plugins/com.st.stm32cube.ide.mcu.externaltools.gnu-tools-for-stm32.10.3-2021.10.win32_1.0.0.202111181127/tools/bin/../lib/gcc/arm-none-eabi/10.3.1/../../../../arm-none-eabi/lib/thumb/v7e-m+fp/hard\libc_nano.a(lib_a-nano-vfprintf_i.o)
                0x0000000008008a60                _printf_i
 .text.memmove  0x0000000008008cac       0x34 c:/stmicroelectronics_cube_ide/stm32cubeide_1.10.1/stm32cubeide/plugins/com.st.stm32cube.ide.mcu.externaltools.gnu-tools-for-stm32.10.3-2021.10.win32_1.0.0.202111181127/tools/bin/../lib/gcc/arm-none-eabi/10.3.1/../../../../arm-none-eabi/lib/thumb/v7e-m+fp/hard\libc_nano.a(lib_a-memmove.o)
                0x0000000008008cac                memmove
 .text._realloc_r
                0x0000000008008ce0       0x5e c:/stmicroelectronics_cube_ide/stm32cubeide_1.10.1/stm32cubeide/plugins/com.st.stm32cube.ide.mcu.externaltools.gnu-tools-for-stm32.10.3-2021.10.win32_1.0.0.202111181127/tools/bin/../lib/gcc/arm-none-eabi/10.3.1/../../../../arm-none-eabi/lib/thumb/v7e-m+fp/hard\libc_nano.a(lib_a-nano-reallocr.o)
                0x0000000008008ce0                _realloc_r
 .text._malloc_usable_size_r
                0x0000000008008d3e       0x10 c:/stmicroelectronics_cube_ide/stm32cubeide_1.10.1/stm32cubeide/plugins/com.st.stm32cube.ide.mcu.externaltools.gnu-tools-for-stm32.10.3-2021.10.win32_1.0.0.202111181127/tools/bin/../lib/gcc/arm-none-eabi/10.3.1/../../../../arm-none-eabi/lib/thumb/v7e-m+fp/hard\libc_nano.a(lib_a-nano-msizer.o)
                0x0000000008008d3e                _malloc_usable_size_r
 *(.glue_7)
 .glue_7        0x0000000008008d4e        0x0 linker stubs
 *(.glue_7t)
 .glue_7t       0x0000000008008d4e        0x0 linker stubs
 *(.eh_frame)
 *fill*         0x0000000008008d4e        0x2 
 .eh_frame      0x0000000008008d50        0x0 c:/stmicroelectronics_cube_ide/stm32cubeide_1.10.1/stm32cubeide/plugins/com.st.stm32cube.ide.mcu.externaltools.gnu-tools-for-stm32.10.3-2021.10.win32_1.0.0.202111181127/tools/bin/../lib/gcc/arm-none-eabi/10.3.1/thumb/v7e-m+fp/hard/crtbegin.o
 *(.init)
 .init          0x0000000008008d50        0x4 c:/stmicroelectronics_cube_ide/stm32cubeide_1.10.1/stm32cubeide/plugins/com.st.stm32cube.ide.mcu.externaltools.gnu-tools-for-stm32.10.3-2021.10.win32_1.0.0.202111181127/tools/bin/../lib/gcc/arm-none-eabi/10.3.1/thumb/v7e-m+fp/hard/crti.o
                0x0000000008008d50                _init
 .init          0x0000000008008d54        0x8 c:/stmicroelectronics_cube_ide/stm32cubeide_1.10.1/stm32cubeide/plugins/com.st.stm32cube.ide.mcu.externaltools.gnu-tools-for-stm32.10.3-2021.10.win32_1.0.0.202111181127/tools/bin/../lib/gcc/arm-none-eabi/10.3.1/thumb/v7e-m+fp/hard/crtn.o
 *(.fini)
 .fini          0x0000000008008d5c        0x4 c:/stmicroelectronics_cube_ide/stm32cubeide_1.10.1/stm32cubeide/plugins/com.st.stm32cube.ide.mcu.externaltools.gnu-tools-for-stm32.10.3-2021.10.win32_1.0.0.202111181127/tools/bin/../lib/gcc/arm-none-eabi/10.3.1/thumb/v7e-m+fp/hard/crti.o
                0x0000000008008d5c                _fini
 .fini          0x0000000008008d60        0x8 c:/stmicroelectronics_cube_ide/stm32cubeide_1.10.1/stm32cubeide/plugins/com.st.stm32cube.ide.mcu.externaltools.gnu-tools-for-stm32.10.3-2021.10.win32_1.0.0.202111181127/tools/bin/../lib/gcc/arm-none-eabi/10.3.1/thumb/v7e-m+fp/hard/crtn.o
                0x0000000008008d68                . = ALIGN (0x4)
                0x0000000008008d68                _etext = .

.vfp11_veneer   0x0000000008008d68        0x0
 .vfp11_veneer  0x0000000008008d68        0x0 linker stubs

.v4_bx          0x0000000008008d68        0x0
 .v4_bx         0x0000000008008d68        0x0 linker stubs

.iplt           0x0000000008008d68        0x0
 .iplt          0x0000000008008d68        0x0 c:/stmicroelectronics_cube_ide/stm32cubeide_1.10.1/stm32cubeide/plugins/com.st.stm32cube.ide.mcu.externaltools.gnu-tools-for-stm32.10.3-2021.10.win32_1.0.0.202111181127/tools/bin/../lib/gcc/arm-none-eabi/10.3.1/thumb/v7e-m+fp/hard/crtbegin.o

.rodata         0x0000000008008d68      0x19c
                0x0000000008008d68                . = ALIGN (0x4)
 *(.rodata)
 .rodata        0x0000000008008d68       0x6d ./Core/Src/main.o
 *fill*         0x0000000008008dd5        0x3 
 .rodata        0x0000000008008dd8        0x5 ./Middlewares/Third_Party/FreeRTOS/Source/tasks.o
 *fill*         0x0000000008008ddd        0x3 
 .rodata        0x0000000008008de0        0xd ./Middlewares/Third_Party/FreeRTOS/Source/timers.o
 *(.rodata*)
 *fill*         0x0000000008008ded        0x3 
 .rodata.task_take_raw_s_attributes
                0x0000000008008df0       0x24 ./Core/Src/main.o
                0x0000000008008df0                task_take_raw_s_attributes
 .rodata.task_showing_attributes
                0x0000000008008e14       0x24 ./Core/Src/main.o
                0x0000000008008e14                task_showing_attributes
 .rodata.mutex_attributes
                0x0000000008008e38       0x10 ./Core/Src/main.o
                0x0000000008008e38                mutex_attributes
 .rodata.MEANING_SEM_attributes
                0x0000000008008e48       0x10 ./Core/Src/main.o
                0x0000000008008e48                MEANING_SEM_attributes
 .rodata.AHBPrescTable
                0x0000000008008e58       0x10 ./Core/Src/system_stm32f4xx.o
                0x0000000008008e58                AHBPrescTable
 .rodata.APBPrescTable
                0x0000000008008e68        0x8 ./Core/Src/system_stm32f4xx.o
                0x0000000008008e68                APBPrescTable
 .rodata.__sf_fake_stderr
                0x0000000008008e70       0x20 c:/stmicroelectronics_cube_ide/stm32cubeide_1.10.1/stm32cubeide/plugins/com.st.stm32cube.ide.mcu.externaltools.gnu-tools-for-stm32.10.3-2021.10.win32_1.0.0.202111181127/tools/bin/../lib/gcc/arm-none-eabi/10.3.1/../../../../arm-none-eabi/lib/thumb/v7e-m+fp/hard\libc_nano.a(lib_a-findfp.o)
                0x0000000008008e70                __sf_fake_stderr
 .rodata.__sf_fake_stdin
                0x0000000008008e90       0x20 c:/stmicroelectronics_cube_ide/stm32cubeide_1.10.1/stm32cubeide/plugins/com.st.stm32cube.ide.mcu.externaltools.gnu-tools-for-stm32.10.3-2021.10.win32_1.0.0.202111181127/tools/bin/../lib/gcc/arm-none-eabi/10.3.1/../../../../arm-none-eabi/lib/thumb/v7e-m+fp/hard\libc_nano.a(lib_a-findfp.o)
                0x0000000008008e90                __sf_fake_stdin
 .rodata.__sf_fake_stdout
                0x0000000008008eb0       0x20 c:/stmicroelectronics_cube_ide/stm32cubeide_1.10.1/stm32cubeide/plugins/com.st.stm32cube.ide.mcu.externaltools.gnu-tools-for-stm32.10.3-2021.10.win32_1.0.0.202111181127/tools/bin/../lib/gcc/arm-none-eabi/10.3.1/../../../../arm-none-eabi/lib/thumb/v7e-m+fp/hard\libc_nano.a(lib_a-findfp.o)
                0x0000000008008eb0                __sf_fake_stdout
 .rodata._svfprintf_r.str1.1
                0x0000000008008ed0       0x11 c:/stmicroelectronics_cube_ide/stm32cubeide_1.10.1/stm32cubeide/plugins/com.st.stm32cube.ide.mcu.externaltools.gnu-tools-for-stm32.10.3-2021.10.win32_1.0.0.202111181127/tools/bin/../lib/gcc/arm-none-eabi/10.3.1/../../../../arm-none-eabi/lib/thumb/v7e-m+fp/hard\libc_nano.a(lib_a-nano-svfprintf.o)
 .rodata._printf_i.str1.1
                0x0000000008008ee1       0x22 c:/stmicroelectronics_cube_ide/stm32cubeide_1.10.1/stm32cubeide/plugins/com.st.stm32cube.ide.mcu.externaltools.gnu-tools-for-stm32.10.3-2021.10.win32_1.0.0.202111181127/tools/bin/../lib/gcc/arm-none-eabi/10.3.1/../../../../arm-none-eabi/lib/thumb/v7e-m+fp/hard\libc_nano.a(lib_a-nano-vfprintf_i.o)
                0x0000000008008f04                . = ALIGN (0x4)
 *fill*         0x0000000008008f03        0x1 

.ARM.extab      0x0000000008008f04        0x0
                0x0000000008008f04                . = ALIGN (0x4)
 *(.ARM.extab* .gnu.linkonce.armextab.*)
                0x0000000008008f04                . = ALIGN (0x4)

.ARM            0x0000000008008f04        0x8
                0x0000000008008f04                . = ALIGN (0x4)
                0x0000000008008f04                __exidx_start = .
 *(.ARM.exidx*)
 .ARM.exidx     0x0000000008008f04        0x8 c:/stmicroelectronics_cube_ide/stm32cubeide_1.10.1/stm32cubeide/plugins/com.st.stm32cube.ide.mcu.externaltools.gnu-tools-for-stm32.10.3-2021.10.win32_1.0.0.202111181127/tools/bin/../lib/gcc/arm-none-eabi/10.3.1/thumb/v7e-m+fp/hard\libgcc.a(_udivmoddi4.o)
                0x0000000008008f0c                __exidx_end = .
                0x0000000008008f0c                . = ALIGN (0x4)

.rel.dyn        0x0000000008008f0c        0x0
 .rel.iplt      0x0000000008008f0c        0x0 c:/stmicroelectronics_cube_ide/stm32cubeide_1.10.1/stm32cubeide/plugins/com.st.stm32cube.ide.mcu.externaltools.gnu-tools-for-stm32.10.3-2021.10.win32_1.0.0.202111181127/tools/bin/../lib/gcc/arm-none-eabi/10.3.1/thumb/v7e-m+fp/hard/crtbegin.o

.preinit_array  0x0000000008008f0c        0x0
                0x0000000008008f0c                . = ALIGN (0x4)
                0x0000000008008f0c                PROVIDE (__preinit_array_start = .)
 *(.preinit_array*)
                0x0000000008008f0c                PROVIDE (__preinit_array_end = .)
                0x0000000008008f0c                . = ALIGN (0x4)

.init_array     0x0000000008008f0c        0x4
                0x0000000008008f0c                . = ALIGN (0x4)
                0x0000000008008f0c                PROVIDE (__init_array_start = .)
 *(SORT_BY_NAME(.init_array.*))
 *(.init_array*)
 .init_array    0x0000000008008f0c        0x4 c:/stmicroelectronics_cube_ide/stm32cubeide_1.10.1/stm32cubeide/plugins/com.st.stm32cube.ide.mcu.externaltools.gnu-tools-for-stm32.10.3-2021.10.win32_1.0.0.202111181127/tools/bin/../lib/gcc/arm-none-eabi/10.3.1/thumb/v7e-m+fp/hard/crtbegin.o
                0x0000000008008f10                PROVIDE (__init_array_end = .)
                0x0000000008008f10                . = ALIGN (0x4)

.fini_array     0x0000000008008f10        0x4
                0x0000000008008f10                . = ALIGN (0x4)
                [!provide]                        PROVIDE (__fini_array_start = .)
 *(SORT_BY_NAME(.fini_array.*))
 *(.fini_array*)
 .fini_array    0x0000000008008f10        0x4 c:/stmicroelectronics_cube_ide/stm32cubeide_1.10.1/stm32cubeide/plugins/com.st.stm32cube.ide.mcu.externaltools.gnu-tools-for-stm32.10.3-2021.10.win32_1.0.0.202111181127/tools/bin/../lib/gcc/arm-none-eabi/10.3.1/thumb/v7e-m+fp/hard/crtbegin.o
                [!provide]                        PROVIDE (__fini_array_end = .)
                0x0000000008008f14                . = ALIGN (0x4)
                0x0000000008008f14                _sidata = LOADADDR (.data)

.data           0x0000000020000000       0x74 load address 0x0000000008008f14
                0x0000000020000000                . = ALIGN (0x4)
                0x0000000020000000                _sdata = .
 *(.data)
 *(.data*)
 .data.SystemCoreClock
                0x0000000020000000        0x4 ./Core/Src/system_stm32f4xx.o
                0x0000000020000000                SystemCoreClock
 .data.uwTickPrio
                0x0000000020000004        0x4 ./Drivers/STM32F4xx_HAL_Driver/Src/stm32f4xx_hal.o
                0x0000000020000004                uwTickPrio
 .data.uwTickFreq
                0x0000000020000008        0x1 ./Drivers/STM32F4xx_HAL_Driver/Src/stm32f4xx_hal.o
                0x0000000020000008                uwTickFreq
 *fill*         0x0000000020000009        0x3 
 .data.uxCriticalNesting
                0x000000002000000c        0x4 ./Middlewares/Third_Party/FreeRTOS/Source/portable/GCC/ARM_CM4F/port.o
 .data._impure_ptr
                0x0000000020000010        0x4 c:/stmicroelectronics_cube_ide/stm32cubeide_1.10.1/stm32cubeide/plugins/com.st.stm32cube.ide.mcu.externaltools.gnu-tools-for-stm32.10.3-2021.10.win32_1.0.0.202111181127/tools/bin/../lib/gcc/arm-none-eabi/10.3.1/../../../../arm-none-eabi/lib/thumb/v7e-m+fp/hard\libc_nano.a(lib_a-impure.o)
                0x0000000020000010                _impure_ptr
 .data.impure_data
                0x0000000020000014       0x60 c:/stmicroelectronics_cube_ide/stm32cubeide_1.10.1/stm32cubeide/plugins/com.st.stm32cube.ide.mcu.externaltools.gnu-tools-for-stm32.10.3-2021.10.win32_1.0.0.202111181127/tools/bin/../lib/gcc/arm-none-eabi/10.3.1/../../../../arm-none-eabi/lib/thumb/v7e-m+fp/hard\libc_nano.a(lib_a-impure.o)
 *(.RamFunc)
 *(.RamFunc*)
                0x0000000020000074                . = ALIGN (0x4)
                0x0000000020000074                _edata = .

.igot.plt       0x0000000020000074        0x0 load address 0x0000000008008f88
 .igot.plt      0x0000000020000074        0x0 c:/stmicroelectronics_cube_ide/stm32cubeide_1.10.1/stm32cubeide/plugins/com.st.stm32cube.ide.mcu.externaltools.gnu-tools-for-stm32.10.3-2021.10.win32_1.0.0.202111181127/tools/bin/../lib/gcc/arm-none-eabi/10.3.1/thumb/v7e-m+fp/hard/crtbegin.o
                0x0000000020000074                . = ALIGN (0x4)

.bss            0x0000000020000074     0x5034 load address 0x0000000008008f88
                0x0000000020000074                _sbss = .
                0x0000000020000074                __bss_start__ = _sbss
 *(.bss)
 .bss           0x0000000020000074       0x1c c:/stmicroelectronics_cube_ide/stm32cubeide_1.10.1/stm32cubeide/plugins/com.st.stm32cube.ide.mcu.externaltools.gnu-tools-for-stm32.10.3-2021.10.win32_1.0.0.202111181127/tools/bin/../lib/gcc/arm-none-eabi/10.3.1/thumb/v7e-m+fp/hard/crtbegin.o
 *(.bss*)
 .bss.dig_T1    0x0000000020000090        0x2 ./Core/Src/baro.o
 .bss.dig_P1    0x0000000020000092        0x2 ./Core/Src/baro.o
 .bss.dig_T2    0x0000000020000094        0x2 ./Core/Src/baro.o
 .bss.dig_T3    0x0000000020000096        0x2 ./Core/Src/baro.o
 .bss.dig_P2    0x0000000020000098        0x2 ./Core/Src/baro.o
 .bss.dig_P3    0x000000002000009a        0x2 ./Core/Src/baro.o
 .bss.dig_P4    0x000000002000009c        0x2 ./Core/Src/baro.o
 .bss.dig_P5    0x000000002000009e        0x2 ./Core/Src/baro.o
 .bss.dig_P6    0x00000000200000a0        0x2 ./Core/Src/baro.o
 .bss.dig_P7    0x00000000200000a2        0x2 ./Core/Src/baro.o
 .bss.dig_P8    0x00000000200000a4        0x2 ./Core/Src/baro.o
 .bss.dig_P9    0x00000000200000a6        0x2 ./Core/Src/baro.o
 .bss.t_fine    0x00000000200000a8        0x4 ./Core/Src/baro.o
 .bss.inited    0x00000000200000ac        0x1 ./Core/Src/baro.o
 *fill*         0x00000000200000ad        0x3 
 .bss.data      0x00000000200000b0       0x19 ./Core/Src/baro.o
 *fill*         0x00000000200000c9        0x3 
 .bss.hi2c1     0x00000000200000cc       0x54 ./Core/Src/main.o
                0x00000000200000cc                hi2c1
 .bss.hspi1     0x0000000020000120       0x58 ./Core/Src/main.o
                0x0000000020000120                hspi1
 .bss.htim3     0x0000000020000178       0x48 ./Core/Src/main.o
                0x0000000020000178                htim3
 .bss.huart1    0x00000000200001c0       0x44 ./Core/Src/main.o
                0x00000000200001c0                huart1
 .bss.task_take_raw_sHandle
                0x0000000020000204        0x4 ./Core/Src/main.o
                0x0000000020000204                task_take_raw_sHandle
 .bss.task_showingHandle
                0x0000000020000208        0x4 ./Core/Src/main.o
                0x0000000020000208                task_showingHandle
 .bss.mutexHandle
                0x000000002000020c        0x4 ./Core/Src/main.o
                0x000000002000020c                mutexHandle
 .bss.MEANING_SEMHandle
                0x0000000020000210        0x4 ./Core/Src/main.o
                0x0000000020000210                MEANING_SEMHandle
 .bss.begin     0x0000000020000214        0x4 ./Core/Src/main.o
                0x0000000020000214                begin
 .bss.end       0x0000000020000218        0x4 ./Core/Src/main.o
                0x0000000020000218                end
 .bss.text      0x000000002000021c       0x64 ./Core/Src/main.o
                0x000000002000021c                text
 .bss.__sbrk_heap_end
                0x0000000020000280        0x4 ./Core/Src/sysmem.o
 .bss.uwTick    0x0000000020000284        0x4 ./Drivers/STM32F4xx_HAL_Driver/Src/stm32f4xx_hal.o
                0x0000000020000284                uwTick
 .bss.KernelState
                0x0000000020000288        0x4 ./Middlewares/Third_Party/FreeRTOS/Source/CMSIS_RTOS_V2/cmsis_os2.o
 .bss.Idle_TCB.3
                0x000000002000028c       0xbc ./Middlewares/Third_Party/FreeRTOS/Source/CMSIS_RTOS_V2/cmsis_os2.o
 .bss.Idle_Stack.2
                0x0000000020000348      0x200 ./Middlewares/Third_Party/FreeRTOS/Source/CMSIS_RTOS_V2/cmsis_os2.o
 .bss.Timer_TCB.1
                0x0000000020000548       0xbc ./Middlewares/Third_Party/FreeRTOS/Source/CMSIS_RTOS_V2/cmsis_os2.o
 .bss.Timer_Stack.0
                0x0000000020000604      0x400 ./Middlewares/Third_Party/FreeRTOS/Source/CMSIS_RTOS_V2/cmsis_os2.o
 .bss.xQueueRegistry
                0x0000000020000a04       0x40 ./Middlewares/Third_Party/FreeRTOS/Source/queue.o
                0x0000000020000a04                xQueueRegistry
 .bss.pxCurrentTCB
                0x0000000020000a44        0x4 ./Middlewares/Third_Party/FreeRTOS/Source/tasks.o
                0x0000000020000a44                pxCurrentTCB
 .bss.pxReadyTasksLists
                0x0000000020000a48      0x460 ./Middlewares/Third_Party/FreeRTOS/Source/tasks.o
 .bss.xDelayedTaskList1
                0x0000000020000ea8       0x14 ./Middlewares/Third_Party/FreeRTOS/Source/tasks.o
 .bss.xDelayedTaskList2
                0x0000000020000ebc       0x14 ./Middlewares/Third_Party/FreeRTOS/Source/tasks.o
 .bss.pxDelayedTaskList
                0x0000000020000ed0        0x4 ./Middlewares/Third_Party/FreeRTOS/Source/tasks.o
 .bss.pxOverflowDelayedTaskList
                0x0000000020000ed4        0x4 ./Middlewares/Third_Party/FreeRTOS/Source/tasks.o
 .bss.xPendingReadyList
                0x0000000020000ed8       0x14 ./Middlewares/Third_Party/FreeRTOS/Source/tasks.o
 .bss.xTasksWaitingTermination
                0x0000000020000eec       0x14 ./Middlewares/Third_Party/FreeRTOS/Source/tasks.o
 .bss.uxDeletedTasksWaitingCleanUp
                0x0000000020000f00        0x4 ./Middlewares/Third_Party/FreeRTOS/Source/tasks.o
 .bss.xSuspendedTaskList
                0x0000000020000f04       0x14 ./Middlewares/Third_Party/FreeRTOS/Source/tasks.o
 .bss.uxCurrentNumberOfTasks
                0x0000000020000f18        0x4 ./Middlewares/Third_Party/FreeRTOS/Source/tasks.o
 .bss.xTickCount
                0x0000000020000f1c        0x4 ./Middlewares/Third_Party/FreeRTOS/Source/tasks.o
 .bss.uxTopReadyPriority
                0x0000000020000f20        0x4 ./Middlewares/Third_Party/FreeRTOS/Source/tasks.o
 .bss.xSchedulerRunning
                0x0000000020000f24        0x4 ./Middlewares/Third_Party/FreeRTOS/Source/tasks.o
 .bss.xPendedTicks
                0x0000000020000f28        0x4 ./Middlewares/Third_Party/FreeRTOS/Source/tasks.o
 .bss.xYieldPending
                0x0000000020000f2c        0x4 ./Middlewares/Third_Party/FreeRTOS/Source/tasks.o
 .bss.xNumOfOverflows
                0x0000000020000f30        0x4 ./Middlewares/Third_Party/FreeRTOS/Source/tasks.o
 .bss.uxTaskNumber
                0x0000000020000f34        0x4 ./Middlewares/Third_Party/FreeRTOS/Source/tasks.o
 .bss.xNextTaskUnblockTime
                0x0000000020000f38        0x4 ./Middlewares/Third_Party/FreeRTOS/Source/tasks.o
 .bss.xIdleTaskHandle
                0x0000000020000f3c        0x4 ./Middlewares/Third_Party/FreeRTOS/Source/tasks.o
 .bss.uxSchedulerSuspended
                0x0000000020000f40        0x4 ./Middlewares/Third_Party/FreeRTOS/Source/tasks.o
 .bss.xActiveTimerList1
                0x0000000020000f44       0x14 ./Middlewares/Third_Party/FreeRTOS/Source/timers.o
 .bss.xActiveTimerList2
                0x0000000020000f58       0x14 ./Middlewares/Third_Party/FreeRTOS/Source/timers.o
 .bss.pxCurrentTimerList
                0x0000000020000f6c        0x4 ./Middlewares/Third_Party/FreeRTOS/Source/timers.o
 .bss.pxOverflowTimerList
                0x0000000020000f70        0x4 ./Middlewares/Third_Party/FreeRTOS/Source/timers.o
 .bss.xTimerQueue
                0x0000000020000f74        0x4 ./Middlewares/Third_Party/FreeRTOS/Source/timers.o
 .bss.xTimerTaskHandle
                0x0000000020000f78        0x4 ./Middlewares/Third_Party/FreeRTOS/Source/timers.o
 .bss.xLastTime.2
                0x0000000020000f7c        0x4 ./Middlewares/Third_Party/FreeRTOS/Source/timers.o
 .bss.ucStaticTimerQueueStorage.1
                0x0000000020000f80       0xa0 ./Middlewares/Third_Party/FreeRTOS/Source/timers.o
 .bss.xStaticTimerQueue.0
                0x0000000020001020       0x50 ./Middlewares/Third_Party/FreeRTOS/Source/timers.o
 .bss.ucMaxSysCallPriority
                0x0000000020001070        0x1 ./Middlewares/Third_Party/FreeRTOS/Source/portable/GCC/ARM_CM4F/port.o
 *fill*         0x0000000020001071        0x3 
 .bss.ulMaxPRIGROUPValue
                0x0000000020001074        0x4 ./Middlewares/Third_Party/FreeRTOS/Source/portable/GCC/ARM_CM4F/port.o
 .bss.ucHeap    0x0000000020001078     0x4000 ./Middlewares/Third_Party/FreeRTOS/Source/portable/MemMang/heap_4.o
 .bss.xStart    0x0000000020005078        0x8 ./Middlewares/Third_Party/FreeRTOS/Source/portable/MemMang/heap_4.o
 .bss.pxEnd     0x0000000020005080        0x4 ./Middlewares/Third_Party/FreeRTOS/Source/portable/MemMang/heap_4.o
 .bss.xFreeBytesRemaining
                0x0000000020005084        0x4 ./Middlewares/Third_Party/FreeRTOS/Source/portable/MemMang/heap_4.o
 .bss.xMinimumEverFreeBytesRemaining
                0x0000000020005088        0x4 ./Middlewares/Third_Party/FreeRTOS/Source/portable/MemMang/heap_4.o
 .bss.xNumberOfSuccessfulAllocations
                0x000000002000508c        0x4 ./Middlewares/Third_Party/FreeRTOS/Source/portable/MemMang/heap_4.o
 .bss.xNumberOfSuccessfulFrees
                0x0000000020005090        0x4 ./Middlewares/Third_Party/FreeRTOS/Source/portable/MemMang/heap_4.o
 .bss.xBlockAllocatedBit
                0x0000000020005094        0x4 ./Middlewares/Third_Party/FreeRTOS/Source/portable/MemMang/heap_4.o
 .bss.__lock___malloc_recursive_mutex
                0x0000000020005098        0x1 c:/stmicroelectronics_cube_ide/stm32cubeide_1.10.1/stm32cubeide/plugins/com.st.stm32cube.ide.mcu.externaltools.gnu-tools-for-stm32.10.3-2021.10.win32_1.0.0.202111181127/tools/bin/../lib/gcc/arm-none-eabi/10.3.1/../../../../arm-none-eabi/lib/thumb/v7e-m+fp/hard\libc_nano.a(lib_a-lock.o)
                0x0000000020005098                __lock___malloc_recursive_mutex
 *fill*         0x0000000020005099        0x3 
 .bss.__malloc_free_list
                0x000000002000509c        0x4 c:/stmicroelectronics_cube_ide/stm32cubeide_1.10.1/stm32cubeide/plugins/com.st.stm32cube.ide.mcu.externaltools.gnu-tools-for-stm32.10.3-2021.10.win32_1.0.0.202111181127/tools/bin/../lib/gcc/arm-none-eabi/10.3.1/../../../../arm-none-eabi/lib/thumb/v7e-m+fp/hard\libc_nano.a(lib_a-nano-mallocr.o)
                0x000000002000509c                __malloc_free_list
 .bss.__malloc_sbrk_start
                0x00000000200050a0        0x4 c:/stmicroelectronics_cube_ide/stm32cubeide_1.10.1/stm32cubeide/plugins/com.st.stm32cube.ide.mcu.externaltools.gnu-tools-for-stm32.10.3-2021.10.win32_1.0.0.202111181127/tools/bin/../lib/gcc/arm-none-eabi/10.3.1/../../../../arm-none-eabi/lib/thumb/v7e-m+fp/hard\libc_nano.a(lib_a-nano-mallocr.o)
                0x00000000200050a0                __malloc_sbrk_start
 .bss.errno     0x00000000200050a4        0x4 c:/stmicroelectronics_cube_ide/stm32cubeide_1.10.1/stm32cubeide/plugins/com.st.stm32cube.ide.mcu.externaltools.gnu-tools-for-stm32.10.3-2021.10.win32_1.0.0.202111181127/tools/bin/../lib/gcc/arm-none-eabi/10.3.1/../../../../arm-none-eabi/lib/thumb/v7e-m+fp/hard\libc_nano.a(lib_a-reent.o)
                0x00000000200050a4                errno
 *(COMMON)
                0x00000000200050a8                . = ALIGN (0x4)
                0x00000000200050a8                _ebss = .
                0x00000000200050a8                __bss_end__ = _ebss

._user_heap_stack
                0x00000000200050a8      0x600 load address 0x0000000008008f88
                0x00000000200050a8                . = ALIGN (0x8)
                [!provide]                        PROVIDE (end = .)
                0x00000000200050a8                PROVIDE (_end = .)
                0x00000000200052a8                . = (. + _Min_Heap_Size)
 *fill*         0x00000000200050a8      0x200 
                0x00000000200056a8                . = (. + _Min_Stack_Size)
 *fill*         0x00000000200052a8      0x400 
                0x00000000200056a8                . = ALIGN (0x8)

/DISCARD/
 libc.a(*)
 libm.a(*)
 libgcc.a(*)

.ARM.attributes
                0x0000000000000000       0x30
 *(.ARM.attributes)
 .ARM.attributes
                0x0000000000000000       0x1e c:/stmicroelectronics_cube_ide/stm32cubeide_1.10.1/stm32cubeide/plugins/com.st.stm32cube.ide.mcu.externaltools.gnu-tools-for-stm32.10.3-2021.10.win32_1.0.0.202111181127/tools/bin/../lib/gcc/arm-none-eabi/10.3.1/thumb/v7e-m+fp/hard/crti.o
 .ARM.attributes
                0x000000000000001e       0x34 c:/stmicroelectronics_cube_ide/stm32cubeide_1.10.1/stm32cubeide/plugins/com.st.stm32cube.ide.mcu.externaltools.gnu-tools-for-stm32.10.3-2021.10.win32_1.0.0.202111181127/tools/bin/../lib/gcc/arm-none-eabi/10.3.1/thumb/v7e-m+fp/hard/crtbegin.o
 .ARM.attributes
                0x0000000000000052       0x34 ./Core/Src/baro.o
 .ARM.attributes
                0x0000000000000086       0x34 ./Core/Src/main.o
 .ARM.attributes
                0x00000000000000ba       0x34 ./Core/Src/stm32f4xx_hal_msp.o
 .ARM.attributes
                0x00000000000000ee       0x34 ./Core/Src/stm32f4xx_it.o
 .ARM.attributes
                0x0000000000000122       0x34 ./Core/Src/sysmem.o
 .ARM.attributes
                0x0000000000000156       0x34 ./Core/Src/system_stm32f4xx.o
 .ARM.attributes
                0x000000000000018a       0x21 ./Core/Startup/startup_stm32f401ccux.o
 .ARM.attributes
                0x00000000000001ab       0x34 ./Drivers/STM32F4xx_HAL_Driver/Src/stm32f4xx_hal.o
 .ARM.attributes
                0x00000000000001df       0x34 ./Drivers/STM32F4xx_HAL_Driver/Src/stm32f4xx_hal_cortex.o
 .ARM.attributes
                0x0000000000000213       0x34 ./Drivers/STM32F4xx_HAL_Driver/Src/stm32f4xx_hal_gpio.o
 .ARM.attributes
                0x0000000000000247       0x34 ./Drivers/STM32F4xx_HAL_Driver/Src/stm32f4xx_hal_i2c.o
 .ARM.attributes
                0x000000000000027b       0x34 ./Drivers/STM32F4xx_HAL_Driver/Src/stm32f4xx_hal_rcc.o
 .ARM.attributes
                0x00000000000002af       0x34 ./Drivers/STM32F4xx_HAL_Driver/Src/stm32f4xx_hal_spi.o
 .ARM.attributes
                0x00000000000002e3       0x34 ./Drivers/STM32F4xx_HAL_Driver/Src/stm32f4xx_hal_tim.o
 .ARM.attributes
                0x0000000000000317       0x34 ./Drivers/STM32F4xx_HAL_Driver/Src/stm32f4xx_hal_tim_ex.o
 .ARM.attributes
                0x000000000000034b       0x34 ./Drivers/STM32F4xx_HAL_Driver/Src/stm32f4xx_hal_uart.o
 .ARM.attributes
                0x000000000000037f       0x34 ./Middlewares/Third_Party/FreeRTOS/Source/CMSIS_RTOS_V2/cmsis_os2.o
 .ARM.attributes
                0x00000000000003b3       0x34 ./Middlewares/Third_Party/FreeRTOS/Source/list.o
 .ARM.attributes
                0x00000000000003e7       0x34 ./Middlewares/Third_Party/FreeRTOS/Source/queue.o
 .ARM.attributes
                0x000000000000041b       0x34 ./Middlewares/Third_Party/FreeRTOS/Source/tasks.o
 .ARM.attributes
                0x000000000000044f       0x34 ./Middlewares/Third_Party/FreeRTOS/Source/timers.o
 .ARM.attributes
                0x0000000000000483       0x34 ./Middlewares/Third_Party/FreeRTOS/Source/portable/GCC/ARM_CM4F/port.o
 .ARM.attributes
                0x00000000000004b7       0x34 ./Middlewares/Third_Party/FreeRTOS/Source/portable/MemMang/heap_4.o
 .ARM.attributes
                0x00000000000004eb       0x34 c:/stmicroelectronics_cube_ide/stm32cubeide_1.10.1/stm32cubeide/plugins/com.st.stm32cube.ide.mcu.externaltools.gnu-tools-for-stm32.10.3-2021.10.win32_1.0.0.202111181127/tools/bin/../lib/gcc/arm-none-eabi/10.3.1/../../../../arm-none-eabi/lib/thumb/v7e-m+fp/hard\libc_nano.a(lib_a-errno.o)
 .ARM.attributes
                0x000000000000051f       0x34 c:/stmicroelectronics_cube_ide/stm32cubeide_1.10.1/stm32cubeide/plugins/com.st.stm32cube.ide.mcu.externaltools.gnu-tools-for-stm32.10.3-2021.10.win32_1.0.0.202111181127/tools/bin/../lib/gcc/arm-none-eabi/10.3.1/../../../../arm-none-eabi/lib/thumb/v7e-m+fp/hard\libc_nano.a(lib_a-findfp.o)
 .ARM.attributes
                0x0000000000000553       0x34 c:/stmicroelectronics_cube_ide/stm32cubeide_1.10.1/stm32cubeide/plugins/com.st.stm32cube.ide.mcu.externaltools.gnu-tools-for-stm32.10.3-2021.10.win32_1.0.0.202111181127/tools/bin/../lib/gcc/arm-none-eabi/10.3.1/../../../../arm-none-eabi/lib/thumb/v7e-m+fp/hard\libc_nano.a(lib_a-impure.o)
 .ARM.attributes
                0x0000000000000587       0x34 c:/stmicroelectronics_cube_ide/stm32cubeide_1.10.1/stm32cubeide/plugins/com.st.stm32cube.ide.mcu.externaltools.gnu-tools-for-stm32.10.3-2021.10.win32_1.0.0.202111181127/tools/bin/../lib/gcc/arm-none-eabi/10.3.1/../../../../arm-none-eabi/lib/thumb/v7e-m+fp/hard\libc_nano.a(lib_a-init.o)
 .ARM.attributes
                0x00000000000005bb       0x34 c:/stmicroelectronics_cube_ide/stm32cubeide_1.10.1/stm32cubeide/plugins/com.st.stm32cube.ide.mcu.externaltools.gnu-tools-for-stm32.10.3-2021.10.win32_1.0.0.202111181127/tools/bin/../lib/gcc/arm-none-eabi/10.3.1/../../../../arm-none-eabi/lib/thumb/v7e-m+fp/hard\libc_nano.a(lib_a-lock.o)
 .ARM.attributes
                0x00000000000005ef       0x34 c:/stmicroelectronics_cube_ide/stm32cubeide_1.10.1/stm32cubeide/plugins/com.st.stm32cube.ide.mcu.externaltools.gnu-tools-for-stm32.10.3-2021.10.win32_1.0.0.202111181127/tools/bin/../lib/gcc/arm-none-eabi/10.3.1/../../../../arm-none-eabi/lib/thumb/v7e-m+fp/hard\libc_nano.a(lib_a-malloc.o)
 .ARM.attributes
                0x0000000000000623       0x34 c:/stmicroelectronics_cube_ide/stm32cubeide_1.10.1/stm32cubeide/plugins/com.st.stm32cube.ide.mcu.externaltools.gnu-tools-for-stm32.10.3-2021.10.win32_1.0.0.202111181127/tools/bin/../lib/gcc/arm-none-eabi/10.3.1/../../../../arm-none-eabi/lib/thumb/v7e-m+fp/hard\libc_nano.a(lib_a-memcpy-stub.o)
 .ARM.attributes
                0x0000000000000657       0x34 c:/stmicroelectronics_cube_ide/stm32cubeide_1.10.1/stm32cubeide/plugins/com.st.stm32cube.ide.mcu.externaltools.gnu-tools-for-stm32.10.3-2021.10.win32_1.0.0.202111181127/tools/bin/../lib/gcc/arm-none-eabi/10.3.1/../../../../arm-none-eabi/lib/thumb/v7e-m+fp/hard\libc_nano.a(lib_a-memset.o)
 .ARM.attributes
                0x000000000000068b       0x34 c:/stmicroelectronics_cube_ide/stm32cubeide_1.10.1/stm32cubeide/plugins/com.st.stm32cube.ide.mcu.externaltools.gnu-tools-for-stm32.10.3-2021.10.win32_1.0.0.202111181127/tools/bin/../lib/gcc/arm-none-eabi/10.3.1/../../../../arm-none-eabi/lib/thumb/v7e-m+fp/hard\libc_nano.a(lib_a-nano-freer.o)
 .ARM.attributes
                0x00000000000006bf       0x34 c:/stmicroelectronics_cube_ide/stm32cubeide_1.10.1/stm32cubeide/plugins/com.st.stm32cube.ide.mcu.externaltools.gnu-tools-for-stm32.10.3-2021.10.win32_1.0.0.202111181127/tools/bin/../lib/gcc/arm-none-eabi/10.3.1/../../../../arm-none-eabi/lib/thumb/v7e-m+fp/hard\libc_nano.a(lib_a-nano-mallocr.o)
 .ARM.attributes
                0x00000000000006f3       0x34 c:/stmicroelectronics_cube_ide/stm32cubeide_1.10.1/stm32cubeide/plugins/com.st.stm32cube.ide.mcu.externaltools.gnu-tools-for-stm32.10.3-2021.10.win32_1.0.0.202111181127/tools/bin/../lib/gcc/arm-none-eabi/10.3.1/../../../../arm-none-eabi/lib/thumb/v7e-m+fp/hard\libc_nano.a(lib_a-reent.o)
 .ARM.attributes
                0x0000000000000727       0x34 c:/stmicroelectronics_cube_ide/stm32cubeide_1.10.1/stm32cubeide/plugins/com.st.stm32cube.ide.mcu.externaltools.gnu-tools-for-stm32.10.3-2021.10.win32_1.0.0.202111181127/tools/bin/../lib/gcc/arm-none-eabi/10.3.1/../../../../arm-none-eabi/lib/thumb/v7e-m+fp/hard\libc_nano.a(lib_a-sbrkr.o)
 .ARM.attributes
                0x000000000000075b       0x34 c:/stmicroelectronics_cube_ide/stm32cubeide_1.10.1/stm32cubeide/plugins/com.st.stm32cube.ide.mcu.externaltools.gnu-tools-for-stm32.10.3-2021.10.win32_1.0.0.202111181127/tools/bin/../lib/gcc/arm-none-eabi/10.3.1/../../../../arm-none-eabi/lib/thumb/v7e-m+fp/hard\libc_nano.a(lib_a-snprintf.o)
 .ARM.attributes
                0x000000000000078f       0x34 c:/stmicroelectronics_cube_ide/stm32cubeide_1.10.1/stm32cubeide/plugins/com.st.stm32cube.ide.mcu.externaltools.gnu-tools-for-stm32.10.3-2021.10.win32_1.0.0.202111181127/tools/bin/../lib/gcc/arm-none-eabi/10.3.1/../../../../arm-none-eabi/lib/thumb/v7e-m+fp/hard\libc_nano.a(lib_a-strnlen.o)
 .ARM.attributes
                0x00000000000007c3       0x34 c:/stmicroelectronics_cube_ide/stm32cubeide_1.10.1/stm32cubeide/plugins/com.st.stm32cube.ide.mcu.externaltools.gnu-tools-for-stm32.10.3-2021.10.win32_1.0.0.202111181127/tools/bin/../lib/gcc/arm-none-eabi/10.3.1/../../../../arm-none-eabi/lib/thumb/v7e-m+fp/hard\libc_nano.a(lib_a-mlock.o)
 .ARM.attributes
                0x00000000000007f7       0x34 c:/stmicroelectronics_cube_ide/stm32cubeide_1.10.1/stm32cubeide/plugins/com.st.stm32cube.ide.mcu.externaltools.gnu-tools-for-stm32.10.3-2021.10.win32_1.0.0.202111181127/tools/bin/../lib/gcc/arm-none-eabi/10.3.1/../../../../arm-none-eabi/lib/thumb/v7e-m+fp/hard\libc_nano.a(lib_a-nano-svfprintf.o)
 .ARM.attributes
                0x000000000000082b       0x34 c:/stmicroelectronics_cube_ide/stm32cubeide_1.10.1/stm32cubeide/plugins/com.st.stm32cube.ide.mcu.externaltools.gnu-tools-for-stm32.10.3-2021.10.win32_1.0.0.202111181127/tools/bin/../lib/gcc/arm-none-eabi/10.3.1/../../../../arm-none-eabi/lib/thumb/v7e-m+fp/hard\libc_nano.a(lib_a-nano-vfprintf_i.o)
 .ARM.attributes
                0x000000000000085f       0x1c c:/stmicroelectronics_cube_ide/stm32cubeide_1.10.1/stm32cubeide/plugins/com.st.stm32cube.ide.mcu.externaltools.gnu-tools-for-stm32.10.3-2021.10.win32_1.0.0.202111181127/tools/bin/../lib/gcc/arm-none-eabi/10.3.1/../../../../arm-none-eabi/lib/thumb/v7e-m+fp/hard\libc_nano.a(lib_a-memchr.o)
 .ARM.attributes
                0x000000000000087b       0x34 c:/stmicroelectronics_cube_ide/stm32cubeide_1.10.1/stm32cubeide/plugins/com.st.stm32cube.ide.mcu.externaltools.gnu-tools-for-stm32.10.3-2021.10.win32_1.0.0.202111181127/tools/bin/../lib/gcc/arm-none-eabi/10.3.1/../../../../arm-none-eabi/lib/thumb/v7e-m+fp/hard\libc_nano.a(lib_a-memmove.o)
 .ARM.attributes
                0x00000000000008af       0x34 c:/stmicroelectronics_cube_ide/stm32cubeide_1.10.1/stm32cubeide/plugins/com.st.stm32cube.ide.mcu.externaltools.gnu-tools-for-stm32.10.3-2021.10.win32_1.0.0.202111181127/tools/bin/../lib/gcc/arm-none-eabi/10.3.1/../../../../arm-none-eabi/lib/thumb/v7e-m+fp/hard\libc_nano.a(lib_a-nano-reallocr.o)
 .ARM.attributes
                0x00000000000008e3       0x34 c:/stmicroelectronics_cube_ide/stm32cubeide_1.10.1/stm32cubeide/plugins/com.st.stm32cube.ide.mcu.externaltools.gnu-tools-for-stm32.10.3-2021.10.win32_1.0.0.202111181127/tools/bin/../lib/gcc/arm-none-eabi/10.3.1/../../../../arm-none-eabi/lib/thumb/v7e-m+fp/hard\libc_nano.a(lib_a-nano-msizer.o)
 .ARM.attributes
                0x0000000000000917       0x1e c:/stmicroelectronics_cube_ide/stm32cubeide_1.10.1/stm32cubeide/plugins/com.st.stm32cube.ide.mcu.externaltools.gnu-tools-for-stm32.10.3-2021.10.win32_1.0.0.202111181127/tools/bin/../lib/gcc/arm-none-eabi/10.3.1/thumb/v7e-m+fp/hard\libgcc.a(_aeabi_ldivmod.o)
 .ARM.attributes
                0x0000000000000935       0x1e c:/stmicroelectronics_cube_ide/stm32cubeide_1.10.1/stm32cubeide/plugins/com.st.stm32cube.ide.mcu.externaltools.gnu-tools-for-stm32.10.3-2021.10.win32_1.0.0.202111181127/tools/bin/../lib/gcc/arm-none-eabi/10.3.1/thumb/v7e-m+fp/hard\libgcc.a(_aeabi_uldivmod.o)
 .ARM.attributes
                0x0000000000000953       0x34 c:/stmicroelectronics_cube_ide/stm32cubeide_1.10.1/stm32cubeide/plugins/com.st.stm32cube.ide.mcu.externaltools.gnu-tools-for-stm32.10.3-2021.10.win32_1.0.0.202111181127/tools/bin/../lib/gcc/arm-none-eabi/10.3.1/thumb/v7e-m+fp/hard\libgcc.a(_udivmoddi4.o)
 .ARM.attributes
                0x0000000000000987       0x1e c:/stmicroelectronics_cube_ide/stm32cubeide_1.10.1/stm32cubeide/plugins/com.st.stm32cube.ide.mcu.externaltools.gnu-tools-for-stm32.10.3-2021.10.win32_1.0.0.202111181127/tools/bin/../lib/gcc/arm-none-eabi/10.3.1/thumb/v7e-m+fp/hard\libgcc.a(_dvmd_tls.o)
 .ARM.attributes
                0x00000000000009a5       0x1e c:/stmicroelectronics_cube_ide/stm32cubeide_1.10.1/stm32cubeide/plugins/com.st.stm32cube.ide.mcu.externaltools.gnu-tools-for-stm32.10.3-2021.10.win32_1.0.0.202111181127/tools/bin/../lib/gcc/arm-none-eabi/10.3.1/thumb/v7e-m+fp/hard/crtn.o
OUTPUT(base_ss.elf elf32-littlearm)
LOAD linker stubs
LOAD c:/stmicroelectronics_cube_ide/stm32cubeide_1.10.1/stm32cubeide/plugins/com.st.stm32cube.ide.mcu.externaltools.gnu-tools-for-stm32.10.3-2021.10.win32_1.0.0.202111181127/tools/bin/../lib/gcc/arm-none-eabi/10.3.1/../../../../arm-none-eabi/lib/thumb/v7e-m+fp/hard\libc.a
LOAD c:/stmicroelectronics_cube_ide/stm32cubeide_1.10.1/stm32cubeide/plugins/com.st.stm32cube.ide.mcu.externaltools.gnu-tools-for-stm32.10.3-2021.10.win32_1.0.0.202111181127/tools/bin/../lib/gcc/arm-none-eabi/10.3.1/../../../../arm-none-eabi/lib/thumb/v7e-m+fp/hard\libm.a
LOAD c:/stmicroelectronics_cube_ide/stm32cubeide_1.10.1/stm32cubeide/plugins/com.st.stm32cube.ide.mcu.externaltools.gnu-tools-for-stm32.10.3-2021.10.win32_1.0.0.202111181127/tools/bin/../lib/gcc/arm-none-eabi/10.3.1/thumb/v7e-m+fp/hard\libgcc.a

.debug_info     0x0000000000000000    0x1d935
 .debug_info    0x0000000000000000      0x937 ./Core/Src/baro.o
 .debug_info    0x0000000000000937     0x1fe4 ./Core/Src/main.o
 .debug_info    0x000000000000291b     0x1588 ./Core/Src/stm32f4xx_hal_msp.o
 .debug_info    0x0000000000003ea3      0x76e ./Core/Src/stm32f4xx_it.o
 .debug_info    0x0000000000004611      0x171 ./Core/Src/sysmem.o
 .debug_info    0x0000000000004782      0x54f ./Core/Src/system_stm32f4xx.o
 .debug_info    0x0000000000004cd1       0x22 ./Core/Startup/startup_stm32f401ccux.o
 .debug_info    0x0000000000004cf3      0x906 ./Drivers/STM32F4xx_HAL_Driver/Src/stm32f4xx_hal.o
 .debug_info    0x00000000000055f9      0xd85 ./Drivers/STM32F4xx_HAL_Driver/Src/stm32f4xx_hal_cortex.o
 .debug_info    0x000000000000637e      0x78e ./Drivers/STM32F4xx_HAL_Driver/Src/stm32f4xx_hal_gpio.o
 .debug_info    0x0000000000006b0c     0x260f ./Drivers/STM32F4xx_HAL_Driver/Src/stm32f4xx_hal_i2c.o